03-02 16:04:18.453376   741   828 D PowerManagerService: handleSandman: canDream=true, mWakefulness=Awake
03-02 16:04:19.166600   741   831 D PowerManagerService: userActivityFromNative
03-02 16:04:19.166648   741   831 D PowerManagerService: userActivityNoUpdateLocked: eventTime=9416871, event=2, flags=0x0, uid=1000
03-02 16:04:19.166667   741   831 D PowerManagerNotifier: onUserActivity: event=2, uid=1000
03-02 16:04:19.166803   741   831 D PowerManagerService: updateUserActivitySummaryLocked: mWakefulness=Awake, mUserActivitySummary=0x1, nextTimeout=9440871 (in 23999 ms)
03-02 16:04:19.166837   741   831 D PowerManagerService: newScreenState = 2
03-02 16:04:19.166882   741   831 D PowerManagerService: updateDisplayPowerStateLocked: mScreenBrightnessModeSetting=0, autoBrightness=false, AALFunction=2, screenAutoBrightnessAdjustment=0.0, screenBrightness=153
03-02 16:04:19.166935   741   831 D PowerManagerDisplayController: requestPowerState: screenState=2, useProximitySensor=false, forceProximitySensorEnable=false, forceWakeUpEnable=false, screenBrightness=153, screenAutoBrightnessAdjustment=0.0, useAutoBrightness=false, AALFunction=2, blockScreenOn=false, waitForNegativeProximity=false
03-02 16:04:19.166951   741   831 I PowerManagerService: setBrightness mButtonLight 0.
03-02 16:04:19.166984   741   831 D PowerManagerService: updateScreenStateLocked: mDisplayReady=true, newScreenState=2, mWakefulness=1, mWakeLockSummary=0x0, mUserActivitySummary=0x1, mBootCompleted=true
03-02 16:04:19.167104   741   828 D PowerManagerService: handleSandman: canDream=true, mWakefulness=Awake
03-02 16:04:19.779880   741   831 D PowerManagerService: userActivityFromNative
03-02 16:04:19.779928   741   831 D PowerManagerService: userActivityNoUpdateLocked: eventTime=9417484, event=2, flags=0x0, uid=1000
03-02 16:04:19.779948   741   831 D PowerManagerNotifier: onUserActivity: event=2, uid=1000
03-02 16:04:19.780085   741   831 D PowerManagerService: updateUserActivitySummaryLocked: mWakefulness=Awake, mUserActivitySummary=0x1, nextTimeout=9441484 (in 23999 ms)
03-02 16:04:19.780118   741   831 D PowerManagerService: newScreenState = 2
03-02 16:04:19.780164   741   831 D PowerManagerService: updateDisplayPowerStateLocked: mScreenBrightnessModeSetting=0, autoBrightness=false, AALFunction=2, screenAutoBrightnessAdjustment=0.0, screenBrightness=153
03-02 16:04:19.780215   741   831 D PowerManagerDisplayController: requestPowerState: screenState=2, useProximitySensor=false, forceProximitySensorEnable=false, forceWakeUpEnable=false, screenBrightness=153, screenAutoBrightnessAdjustment=0.0, useAutoBrightness=false, AALFunction=2, blockScreenOn=false, waitForNegativeProximity=false
03-02 16:04:19.780232   741   831 I PowerManagerService: setBrightness mButtonLight 0.
03-02 16:04:19.780265   741   831 D PowerManagerService: updateScreenStateLocked: mDisplayReady=true, newScreenState=2, mWakefulness=1, mWakeLockSummary=0x0, mUserActivitySummary=0x1, mBootCompleted=true
03-02 16:04:19.780389   741   828 D PowerManagerService: handleSandman: canDream=true, mWakefulness=Awake
03-02 16:04:20.403257   741   831 D PowerManagerService: userActivityFromNative
03-02 16:04:20.403305   741   831 D PowerManagerService: userActivityNoUpdateLocked: eventTime=9418108, event=2, flags=0x0, uid=1000
03-02 16:04:20.403325   741   831 D PowerManagerNotifier: onUserActivity: event=2, uid=1000
03-02 16:04:20.403465   741   831 D PowerManagerService: updateUserActivitySummaryLocked: mWakefulness=Awake, mUserActivitySummary=0x1, nextTimeout=9442108 (in 24000 ms)
03-02 16:04:20.403497   741   831 D PowerManagerService: newScreenState = 2
03-02 16:04:20.403543   741   831 D PowerManagerService: updateDisplayPowerStateLocked: mScreenBrightnessModeSetting=0, autoBrightness=false, AALFunction=2, screenAutoBrightnessAdjustment=0.0, screenBrightness=153
03-02 16:04:20.403594   741   831 D PowerManagerDisplayController: requestPowerState: screenState=2, useProximitySensor=false, forceProximitySensorEnable=false, forceWakeUpEnable=false, screenBrightness=153, screenAutoBrightnessAdjustment=0.0, useAutoBrightness=false, AALFunction=2, blockScreenOn=false, waitForNegativeProximity=false
03-02 16:04:20.403611   741   831 I PowerManagerService: setBrightness mButtonLight 0.
03-02 16:04:20.403645   741   831 D PowerManagerService: updateScreenStateLocked: mDisplayReady=true, newScreenState=2, mWakefulness=1, mWakeLockSummary=0x0, mUserActivitySummary=0x1, mBootCompleted=true
03-02 16:04:20.403745   741   828 D PowerManagerService: handleSandman: canDream=true, mWakefulness=Awake
03-02 16:04:21.026702   741   831 D PowerManagerService: userActivityFromNative
03-02 16:04:21.026767   741   831 D PowerManagerService: userActivityNoUpdateLocked: eventTime=9418731, event=2, flags=0x0, uid=1000
03-02 16:04:21.026788   741   831 D PowerManagerNotifier: onUserActivity: event=2, uid=1000
03-02 16:04:21.026938   741   831 D PowerManagerService: updateUserActivitySummaryLocked: mWakefulness=Awake, mUserActivitySummary=0x1, nextTimeout=9442731 (in 23999 ms)
03-02 16:04:21.026972   741   831 D PowerManagerService: newScreenState = 2
03-02 16:04:21.027020   741   831 D PowerManagerService: updateDisplayPowerStateLocked: mScreenBrightnessModeSetting=0, autoBrightness=false, AALFunction=2, screenAutoBrightnessAdjustment=0.0, screenBrightness=153
03-02 16:04:21.027074   741   831 D PowerManagerDisplayController: requestPowerState: screenState=2, useProximitySensor=false, forceProximitySensorEnable=false, forceWakeUpEnable=false, screenBrightness=153, screenAutoBrightnessAdjustment=0.0, useAutoBrightness=false, AALFunction=2, blockScreenOn=false, waitForNegativeProximity=false
03-02 16:04:21.027091   741   831 I PowerManagerService: setBrightness mButtonLight 0.
03-02 16:04:21.027125   741   831 D PowerManagerService: updateScreenStateLocked: mDisplayReady=true, newScreenState=2, mWakefulness=1, mWakeLockSummary=0x0, mUserActivitySummary=0x1, mBootCompleted=true
03-02 16:04:21.027259   741   828 D PowerManagerService: handleSandman: canDream=true, mWakefulness=Awake
03-02 16:04:21.436371   741   741 V ActivityManager: Broadcast sticky: Intent { act=android.intent.action.BATTERY_CHANGED flg=0x60000010 (has extras) } ordered=false userid=-1 callerApp=null
03-02 16:04:21.437054   741   828 D PowerManagerService: updateIsPoweredLocked: wasPowered=false, mIsPowered=false, oldPlugType=0, mPlugType=0, mBatteryLevel=70
03-02 16:04:21.437128   741   828 D PowerManagerService: handleSandman: canDream=true, mWakefulness=Awake
03-02 16:04:21.437332   741   741 D WifiService: onReceive, action:android.intent.action.BATTERY_CHANGED
03-02 16:04:21.437467   741   741 D UsbDeviceManager: onReceive - BATTERY_CHANGED - mPlugType: 0, mSettingUsbCharging: false, mConnected: false, mSettingUsbBicr: false
03-02 16:04:21.437549   741   842 D WifiController: ApStaDisabledState{ when=0 what=155652 target=com.android.internal.util.StateMachine$SmHandler target=Handler (com.android.internal.util.StateMachine$SmHandler) {429f79d0} }
03-02 16:04:21.437638   741   842 D WifiController: DefaultState{ when=-1ms what=155652 target=com.android.internal.util.StateMachine$SmHandler target=Handler (com.android.internal.util.StateMachine$SmHandler) {429f79d0} }
03-02 16:04:21.437674   741   842 D WifiController: battery changed pluggedType: 0
03-02 16:04:21.441300   741   984 V AlarmManager: isAlarmNeedAlign : screen on, Skip
03-02 16:04:21.441437   741   984 V AlarmManager: isAlarmNeedAlign : screen on, Skip
03-02 16:04:21.441515   741   984 V AlarmManager: isAlarmNeedAlign : screen on, Skip
03-02 16:04:21.441543   741   984 V AlarmManager: isAlarmNeedAlign : screen on, Skip
03-02 16:04:21.441581   741   984 V AlarmManager: isAlarmNeedAlign : screen on, Skip
03-02 16:04:21.441629   741   984 V AlarmManager: isAlarmNeedAlign : screen on, Skip
03-02 16:04:21.441780   741   984 V AlarmManager: isAlarmNeedAlign : screen on, Skip
03-02 16:04:21.441909   741   984 V AlarmManager: isAlarmNeedAlign : screen on, Skip
03-02 16:04:21.442112   741   984 V AlarmManager: isAlarmNeedAlign : screen on, Skip
03-02 16:04:21.442156   741   984 V AlarmManager: isAlarmNeedAlign : screen on, Skip
03-02 16:04:21.442231   741   984 V AlarmManager: isAlarmNeedAlign : screen on, Skip
03-02 16:04:21.442280   741   984 V AlarmManager: isAlarmNeedAlign : screen on, Skip
03-02 16:04:21.442574   741   984 V AlarmManager: isAlarmNeedAlign : screen on, Skip
03-02 16:04:21.442626   741   984 V AlarmManager: isAlarmNeedAlign : screen on, Skip
03-02 16:04:21.442795   741   984 V AlarmManager: isAlarmNeedAlign : screen on, Skip
03-02 16:04:21.442849   741   984 V AlarmManager: isAlarmNeedAlign : screen on, Skip
03-02 16:04:21.442906   741   984 V AlarmManager: isAlarmNeedAlign : screen on, Skip
03-02 16:04:21.442961   741   984 V AlarmManager: isAlarmNeedAlign : screen on, Skip
03-02 16:04:21.443056   741   984 V AlarmManager: isAlarmNeedAlign : screen on, Skip
03-02 16:04:21.443158   741   984 V AlarmManager: isAlarmNeedAlign : screen on, Skip
03-02 16:04:21.443216   741   984 V AlarmManager: isAlarmNeedAlign : screen on, Skip
03-02 16:04:21.443369   741   984 V AlarmManager: isAlarmNeedAlign : screen on, Skip
03-02 16:04:21.443621   741   984 V AlarmManager: isAlarmNeedAlign : screen on, Skip
03-02 16:04:21.443685   741   984 V AlarmManager: isAlarmNeedAlign : screen on, Skip
03-02 16:04:21.443751   741   984 V AlarmManager: isAlarmNeedAlign : screen on, Skip
03-02 16:04:21.443815   741   984 V AlarmManager: isAlarmNeedAlign : screen on, Skip
03-02 16:04:21.443880   741   984 V AlarmManager: isAlarmNeedAlign : screen on, Skip
03-02 16:04:21.443945   741   984 V AlarmManager: isAlarmNeedAlign : screen on, Skip
03-02 16:04:21.629955   741   831 D PowerManagerService: userActivityFromNative
03-02 16:04:21.630010   741   831 D PowerManagerService: userActivityNoUpdateLocked: eventTime=9419334, event=2, flags=0x0, uid=1000
03-02 16:04:21.630051   741   831 D PowerManagerNotifier: onUserActivity: event=2, uid=1000
03-02 16:04:21.630196   741   831 D PowerManagerService: updateUserActivitySummaryLocked: mWakefulness=Awake, mUserActivitySummary=0x1, nextTimeout=9443334 (in 23999 ms)
03-02 16:04:21.630241   741   831 D PowerManagerService: newScreenState = 2
03-02 16:04:21.630296   741   831 D PowerManagerService: updateDisplayPowerStateLocked: mScreenBrightnessModeSetting=0, autoBrightness=false, AALFunction=2, screenAutoBrightnessAdjustment=0.0, screenBrightness=153
03-02 16:04:21.630374   741   831 D PowerManagerDisplayController: requestPowerState: screenState=2, useProximitySensor=false, forceProximitySensorEnable=false, forceWakeUpEnable=false, screenBrightness=153, screenAutoBrightnessAdjustment=0.0, useAutoBrightness=false, AALFunction=2, blockScreenOn=false, waitForNegativeProximity=false
03-02 16:04:21.630397   741   831 I PowerManagerService: setBrightness mButtonLight 0.
03-02 16:04:21.630436   741   831 D PowerManagerService: updateScreenStateLocked: mDisplayReady=true, newScreenState=2, mWakefulness=1, mWakeLockSummary=0x0, mUserActivitySummary=0x1, mBootCompleted=true
03-02 16:04:21.630484   741   828 D PowerManagerService: handleSandman: canDream=true, mWakefulness=Awake
03-02 16:04:22.303537   741   831 D PowerManagerService: userActivityFromNative
03-02 16:04:22.303582   741   831 D PowerManagerService: userActivityNoUpdateLocked: eventTime=9420008, event=2, flags=0x0, uid=1000
03-02 16:04:22.303602   741   831 D PowerManagerNotifier: onUserActivity: event=2, uid=1000
03-02 16:04:22.303741   741   831 D PowerManagerService: updateUserActivitySummaryLocked: mWakefulness=Awake, mUserActivitySummary=0x1, nextTimeout=9444008 (in 23999 ms)
03-02 16:04:22.303774   741   831 D PowerManagerService: newScreenState = 2
03-02 16:04:22.303818   741   831 D PowerManagerService: updateDisplayPowerStateLocked: mScreenBrightnessModeSetting=0, autoBrightness=false, AALFunction=2, screenAutoBrightnessAdjustment=0.0, screenBrightness=153
03-02 16:04:22.303870   741   831 D PowerManagerDisplayController: requestPowerState: screenState=2, useProximitySensor=false, forceProximitySensorEnable=false, forceWakeUpEnable=false, screenBrightness=153, screenAutoBrightnessAdjustment=0.0, useAutoBrightness=false, AALFunction=2, blockScreenOn=false, waitForNegativeProximity=false
03-02 16:04:22.303886   741   831 I PowerManagerService: setBrightness mButtonLight 0.
03-02 16:04:22.303919   741   831 D PowerManagerService: updateScreenStateLocked: mDisplayReady=true, newScreenState=2, mWakefulness=1, mWakeLockSummary=0x0, mUserActivitySummary=0x1, mBootCompleted=true
03-02 16:04:22.304035   741   828 D PowerManagerService: handleSandman: canDream=true, mWakefulness=Awake
03-02 16:04:22.623037   741  1055 V ActivityManager: Broadcast sticky: Intent { act=android.intent.action.SIG_STR flg=0x20000010 (has extras) } ordered=false userid=-1 callerApp=ProcessRecord{42897388 741:system/1000}
03-02 16:04:22.629215   741  1083 V AlarmManager: isAlarmNeedAlign : screen on, Skip
03-02 16:04:22.629377   741  1083 V AlarmManager: isAlarmNeedAlign : screen on, Skip
03-02 16:04:22.629599   741  1083 V AlarmManager: isAlarmNeedAlign : screen on, Skip
03-02 16:04:22.629657   741  1083 V AlarmManager: isAlarmNeedAlign : screen on, Skip
03-02 16:04:22.629721   741  1083 V AlarmManager: isAlarmNeedAlign : screen on, Skip
03-02 16:04:22.630003   741  1083 V AlarmManager: isAlarmNeedAlign : screen on, Skip
03-02 16:04:22.630203   741  1083 V AlarmManager: isAlarmNeedAlign : screen on, Skip
03-02 16:04:22.630467   741  1083 V AlarmManager: isAlarmNeedAlign : screen on, Skip
03-02 16:04:22.630752   741  1083 V AlarmManager: isAlarmNeedAlign : screen on, Skip
03-02 16:04:22.630824   741  1083 V AlarmManager: isAlarmNeedAlign : screen on, Skip
03-02 16:04:22.630986   741  1083 V AlarmManager: isAlarmNeedAlign : screen on, Skip
03-02 16:04:22.631051   741  1083 V AlarmManager: isAlarmNeedAlign : screen on, Skip
03-02 16:04:22.631348   741  1083 V AlarmManager: isAlarmNeedAlign : screen on, Skip
03-02 16:04:22.631417   741  1083 V AlarmManager: isAlarmNeedAlign : screen on, Skip
03-02 16:04:22.631764   741  1083 V AlarmManager: isAlarmNeedAlign : screen on, Skip
03-02 16:04:22.631840   741  1083 V AlarmManager: isAlarmNeedAlign : screen on, Skip
03-02 16:04:22.631914   741  1083 V AlarmManager: isAlarmNeedAlign : screen on, Skip
03-02 16:04:22.631986   741  1083 V AlarmManager: isAlarmNeedAlign : screen on, Skip
03-02 16:04:22.632099   741  1083 V AlarmManager: isAlarmNeedAlign : screen on, Skip
03-02 16:04:22.632219   741  1083 V AlarmManager: isAlarmNeedAlign : screen on, Skip
03-02 16:04:22.632293   741  1083 V AlarmManager: isAlarmNeedAlign : screen on, Skip
03-02 16:04:22.632465   741  1083 V AlarmManager: isAlarmNeedAlign : screen on, Skip
03-02 16:04:22.632740   741  1083 V AlarmManager: isAlarmNeedAlign : screen on, Skip
03-02 16:04:22.632822   741  1083 V AlarmManager: isAlarmNeedAlign : screen on, Skip
03-02 16:04:22.632903   741  1083 V AlarmManager: isAlarmNeedAlign : screen on, Skip
03-02 16:04:22.632984   741  1083 V AlarmManager: isAlarmNeedAlign : screen on, Skip
03-02 16:04:22.633065   741  1083 V AlarmManager: isAlarmNeedAlign : screen on, Skip
03-02 16:04:22.633156   741  1083 V AlarmManager: isAlarmNeedAlign : screen on, Skip
03-02 16:04:22.856642   741   831 D PowerManagerService: userActivityFromNative
03-02 16:04:22.856689   741   831 D PowerManagerService: userActivityNoUpdateLocked: eventTime=9420561, event=2, flags=0x0, uid=1000
03-02 16:04:22.856709   741   831 D PowerManagerNotifier: onUserActivity: event=2, uid=1000
03-02 16:04:22.856845   741   831 D PowerManagerService: updateUserActivitySummaryLocked: mWakefulness=Awake, mUserActivitySummary=0x1, nextTimeout=9444561 (in 23999 ms)
03-02 16:04:22.856885   741   831 D PowerManagerService: newScreenState = 2
03-02 16:04:22.856930   741   831 D PowerManagerService: updateDisplayPowerStateLocked: mScreenBrightnessModeSetting=0, autoBrightness=false, AALFunction=2, screenAutoBrightnessAdjustment=0.0, screenBrightness=153
03-02 16:04:22.856983   741   831 D PowerManagerDisplayController: requestPowerState: screenState=2, useProximitySensor=false, forceProximitySensorEnable=false, forceWakeUpEnable=false, screenBrightness=153, screenAutoBrightnessAdjustment=0.0, useAutoBrightness=false, AALFunction=2, blockScreenOn=false, waitForNegativeProximity=false
03-02 16:04:22.857000   741   831 I PowerManagerService: setBrightness mButtonLight 0.
03-02 16:04:22.857033   741   831 D PowerManagerService: updateScreenStateLocked: mDisplayReady=true, newScreenState=2, mWakefulness=1, mWakeLockSummary=0x0, mUserActivitySummary=0x1, mBootCompleted=true
03-02 16:04:22.857076   741   828 D PowerManagerService: handleSandman: canDream=true, mWakefulness=Awake
03-02 16:04:23.389507   741   831 D PowerManagerService: userActivityFromNative
03-02 16:04:23.389560   741   831 D PowerManagerService: userActivityNoUpdateLocked: eventTime=9421094, event=2, flags=0x0, uid=1000
03-02 16:04:23.389586   741   831 D PowerManagerNotifier: onUserActivity: event=2, uid=1000
03-02 16:04:23.389727   741   831 D PowerManagerService: updateUserActivitySummaryLocked: mWakefulness=Awake, mUserActivitySummary=0x1, nextTimeout=9445094 (in 23999 ms)
03-02 16:04:23.389776   741   831 D PowerManagerService: newScreenState = 2
03-02 16:04:23.389827   741   831 D PowerManagerService: updateDisplayPowerStateLocked: mScreenBrightnessModeSetting=0, autoBrightness=false, AALFunction=2, screenAutoBrightnessAdjustment=0.0, screenBrightness=153
03-02 16:04:23.389885   741   831 D PowerManagerDisplayController: requestPowerState: screenState=2, useProximitySensor=false, forceProximitySensorEnable=false, forceWakeUpEnable=false, screenBrightness=153, screenAutoBrightnessAdjustment=0.0, useAutoBrightness=false, AALFunction=2, blockScreenOn=false, waitForNegativeProximity=false
03-02 16:04:23.389907   741   831 I PowerManagerService: setBrightness mButtonLight 0.
03-02 16:04:23.389945   741   831 D PowerManagerService: updateScreenStateLocked: mDisplayReady=true, newScreenState=2, mWakefulness=1, mWakeLockSummary=0x0, mUserActivitySummary=0x1, mBootCompleted=true
03-02 16:04:23.389993   741   828 D PowerManagerService: handleSandman: canDream=true, mWakefulness=Awake
03-02 16:04:24.053311   741   831 D PowerManagerService: userActivityFromNative
03-02 16:04:24.053361   741   831 D PowerManagerService: userActivityNoUpdateLocked: eventTime=9421758, event=2, flags=0x0, uid=1000
03-02 16:04:24.053381   741   831 D PowerManagerNotifier: onUserActivity: event=2, uid=1000
03-02 16:04:24.053521   741   831 D PowerManagerService: updateUserActivitySummaryLocked: mWakefulness=Awake, mUserActivitySummary=0x1, nextTimeout=9445758 (in 24000 ms)
03-02 16:04:24.053554   741   831 D PowerManagerService: newScreenState = 2
03-02 16:04:24.053598   741   831 D PowerManagerService: updateDisplayPowerStateLocked: mScreenBrightnessModeSetting=0, autoBrightness=false, AALFunction=2, screenAutoBrightnessAdjustment=0.0, screenBrightness=153
03-02 16:04:24.053649   741   831 D PowerManagerDisplayController: requestPowerState: screenState=2, useProximitySensor=false, forceProximitySensorEnable=false, forceWakeUpEnable=false, screenBrightness=153, screenAutoBrightnessAdjustment=0.0, useAutoBrightness=false, AALFunction=2, blockScreenOn=false, waitForNegativeProximity=false
03-02 16:04:24.053666   741   831 I PowerManagerService: setBrightness mButtonLight 0.
03-02 16:04:24.053701   741   831 D PowerManagerService: updateScreenStateLocked: mDisplayReady=true, newScreenState=2, mWakefulness=1, mWakeLockSummary=0x0, mUserActivitySummary=0x1, mBootCompleted=true
03-02 16:04:24.053776   741   828 D PowerManagerService: handleSandman: canDream=true, mWakefulness=Awake
03-02 16:04:24.626347   741   831 D PowerManagerService: userActivityFromNative
03-02 16:04:24.626399   741   831 D PowerManagerService: userActivityNoUpdateLocked: eventTime=9422331, event=2, flags=0x0, uid=1000
03-02 16:04:24.626420   741   831 D PowerManagerNotifier: onUserActivity: event=2, uid=1000
03-02 16:04:24.626553   741   831 D PowerManagerService: updateUserActivitySummaryLocked: mWakefulness=Awake, mUserActivitySummary=0x1, nextTimeout=9446331 (in 24000 ms)
03-02 16:04:24.626586   741   831 D PowerManagerService: newScreenState = 2
03-02 16:04:24.626633   741   831 D PowerManagerService: updateDisplayPowerStateLocked: mScreenBrightnessModeSetting=0, autoBrightness=false, AALFunction=2, screenAutoBrightnessAdjustment=0.0, screenBrightness=153
03-02 16:04:24.626684   741   831 D PowerManagerDisplayController: requestPowerState: screenState=2, useProximitySensor=false, forceProximitySensorEnable=false, forceWakeUpEnable=false, screenBrightness=153, screenAutoBrightnessAdjustment=0.0, useAutoBrightness=false, AALFunction=2, blockScreenOn=false, waitForNegativeProximity=false
03-02 16:04:24.626701   741   831 I PowerManagerService: setBrightness mButtonLight 0.
03-02 16:04:24.626733   741   831 D PowerManagerService: updateScreenStateLocked: mDisplayReady=true, newScreenState=2, mWakefulness=1, mWakeLockSummary=0x0, mUserActivitySummary=0x1, mBootCompleted=true
03-02 16:04:24.626778   741   828 D PowerManagerService: handleSandman: canDream=true, mWakefulness=Awake
03-02 16:04:25.239653   741   831 D PowerManagerService: userActivityFromNative
03-02 16:04:25.239700   741   831 D PowerManagerService: userActivityNoUpdateLocked: eventTime=9422944, event=2, flags=0x0, uid=1000
03-02 16:04:25.239719   741   831 D PowerManagerNotifier: onUserActivity: event=2, uid=1000
03-02 16:04:25.239858   741   831 D PowerManagerService: updateUserActivitySummaryLocked: mWakefulness=Awake, mUserActivitySummary=0x1, nextTimeout=9446944 (in 23999 ms)
03-02 16:04:25.239892   741   831 D PowerManagerService: newScreenState = 2
03-02 16:04:25.239938   741   831 D PowerManagerService: updateDisplayPowerStateLocked: mScreenBrightnessModeSetting=0, autoBrightness=false, AALFunction=2, screenAutoBrightnessAdjustment=0.0, screenBrightness=153
03-02 16:04:25.239991   741   831 D PowerManagerDisplayController: requestPowerState: screenState=2, useProximitySensor=false, forceProximitySensorEnable=false, forceWakeUpEnable=false, screenBrightness=153, screenAutoBrightnessAdjustment=0.0, useAutoBrightness=false, AALFunction=2, blockScreenOn=false, waitForNegativeProximity=false
03-02 16:04:25.240007   741   831 I PowerManagerService: setBrightness mButtonLight 0.
03-02 16:04:25.240040   741   831 D PowerManagerService: updateScreenStateLocked: mDisplayReady=true, newScreenState=2, mWakefulness=1, mWakeLockSummary=0x0, mUserActivitySummary=0x1, mBootCompleted=true
03-02 16:04:25.240152   741   828 D PowerManagerService: handleSandman: canDream=true, mWakefulness=Awake
03-02 16:04:25.903300   741   831 D PowerManagerService: userActivityFromNative
03-02 16:04:25.903348   741   831 D PowerManagerService: userActivityNoUpdateLocked: eventTime=9423608, event=2, flags=0x0, uid=1000
03-02 16:04:25.903373   741   831 D PowerManagerNotifier: onUserActivity: event=2, uid=1000
03-02 16:04:25.903509   741   831 D PowerManagerService: updateUserActivitySummaryLocked: mWakefulness=Awake, mUserActivitySummary=0x1, nextTimeout=9447608 (in 24000 ms)
03-02 16:04:25.903542   741   831 D PowerManagerService: newScreenState = 2
03-02 16:04:25.903585   741   831 D PowerManagerService: updateDisplayPowerStateLocked: mScreenBrightnessModeSetting=0, autoBrightness=false, AALFunction=2, screenAutoBrightnessAdjustment=0.0, screenBrightness=153
03-02 16:04:25.903636   741   831 D PowerManagerDisplayController: requestPowerState: screenState=2, useProximitySensor=false, forceProximitySensorEnable=false, forceWakeUpEnable=false, screenBrightness=153, screenAutoBrightnessAdjustment=0.0, useAutoBrightness=false, AALFunction=2, blockScreenOn=false, waitForNegativeProximity=false
03-02 16:04:25.903656   741   831 I PowerManagerService: setBrightness mButtonLight 0.
03-02 16:04:25.903690   741   831 D PowerManagerService: updateScreenStateLocked: mDisplayReady=true, newScreenState=2, mWakefulness=1, mWakeLockSummary=0x0, mUserActivitySummary=0x1, mBootCompleted=true
03-02 16:04:25.903808   741   828 D PowerManagerService: handleSandman: canDream=true, mWakefulness=Awake
03-02 16:04:26.496539   741   831 D PowerManagerService: userActivityFromNative
03-02 16:04:26.496592   741   831 D PowerManagerService: userActivityNoUpdateLocked: eventTime=9424201, event=2, flags=0x0, uid=1000
03-02 16:04:26.496624   741   831 D PowerManagerNotifier: onUserActivity: event=2, uid=1000
03-02 16:04:26.496762   741   831 D PowerManagerService: updateUserActivitySummaryLocked: mWakefulness=Awake, mUserActivitySummary=0x1, nextTimeout=9448201 (in 23999 ms)
03-02 16:04:26.496801   741   831 D PowerManagerService: newScreenState = 2
03-02 16:04:26.496856   741   831 D PowerManagerService: updateDisplayPowerStateLocked: mScreenBrightnessModeSetting=0, autoBrightness=false, AALFunction=2, screenAutoBrightnessAdjustment=0.0, screenBrightness=153
03-02 16:04:26.496914   741   831 D PowerManagerDisplayController: requestPowerState: screenState=2, useProximitySensor=false, forceProximitySensorEnable=false, forceWakeUpEnable=false, screenBrightness=153, screenAutoBrightnessAdjustment=0.0, useAutoBrightness=false, AALFunction=2, blockScreenOn=false, waitForNegativeProximity=false
03-02 16:04:26.496937   741   831 I PowerManagerService: setBrightness mButtonLight 0.
03-02 16:04:26.496975   741   831 D PowerManagerService: updateScreenStateLocked: mDisplayReady=true, newScreenState=2, mWakefulness=1, mWakeLockSummary=0x0, mUserActivitySummary=0x1, mBootCompleted=true
03-02 16:04:26.497203   741   828 D PowerManagerService: handleSandman: canDream=true, mWakefulness=Awake
03-02 16:04:27.079614   741   831 D PowerManagerService: userActivityFromNative
03-02 16:04:27.079670   741   831 D PowerManagerService: userActivityNoUpdateLocked: eventTime=9424784, event=2, flags=0x0, uid=1000
03-02 16:04:27.079696   741   831 D PowerManagerNotifier: onUserActivity: event=2, uid=1000
03-02 16:04:27.079833   741   831 D PowerManagerService: updateUserActivitySummaryLocked: mWakefulness=Awake, mUserActivitySummary=0x1, nextTimeout=9448784 (in 23999 ms)
03-02 16:04:27.079877   741   831 D PowerManagerService: newScreenState = 2
03-02 16:04:27.079926   741   831 D PowerManagerService: updateDisplayPowerStateLocked: mScreenBrightnessModeSetting=0, autoBrightness=false, AALFunction=2, screenAutoBrightnessAdjustment=0.0, screenBrightness=153
03-02 16:04:27.079984   741   831 D PowerManagerDisplayController: requestPowerState: screenState=2, useProximitySensor=false, forceProximitySensorEnable=false, forceWakeUpEnable=false, screenBrightness=153, screenAutoBrightnessAdjustment=0.0, useAutoBrightness=false, AALFunction=2, blockScreenOn=false, waitForNegativeProximity=false
03-02 16:04:27.080006   741   831 I PowerManagerService: setBrightness mButtonLight 0.
03-02 16:04:27.080044   741   831 D PowerManagerService: updateScreenStateLocked: mDisplayReady=true, newScreenState=2, mWakefulness=1, mWakeLockSummary=0x0, mUserActivitySummary=0x1, mBootCompleted=true
03-02 16:04:27.080092   741   828 D PowerManagerService: handleSandman: canDream=true, mWakefulness=Awake
03-02 16:04:27.743313   741   831 D PowerManagerService: userActivityFromNative
03-02 16:04:27.743360   741   831 D PowerManagerService: userActivityNoUpdateLocked: eventTime=9425448, event=2, flags=0x0, uid=1000
03-02 16:04:27.743380   741   831 D PowerManagerNotifier: onUserActivity: event=2, uid=1000
03-02 16:04:27.743515   741   831 D PowerManagerService: updateUserActivitySummaryLocked: mWakefulness=Awake, mUserActivitySummary=0x1, nextTimeout=9449448 (in 24000 ms)
03-02 16:04:27.743548   741   831 D PowerManagerService: newScreenState = 2
03-02 16:04:27.743637   741   831 D PowerManagerService: updateDisplayPowerStateLocked: mScreenBrightnessModeSetting=0, autoBrightness=false, AALFunction=2, screenAutoBrightnessAdjustment=0.0, screenBrightness=153
03-02 16:04:27.743731   741   831 D PowerManagerDisplayController: requestPowerState: screenState=2, useProximitySensor=false, forceProximitySensorEnable=false, forceWakeUpEnable=false, screenBrightness=153, screenAutoBrightnessAdjustment=0.0, useAutoBrightness=false, AALFunction=2, blockScreenOn=false, waitForNegativeProximity=false
03-02 16:04:27.743748   741   831 I PowerManagerService: setBrightness mButtonLight 0.
03-02 16:04:27.743782   741   831 D PowerManagerService: updateScreenStateLocked: mDisplayReady=true, newScreenState=2, mWakefulness=1, mWakeLockSummary=0x0, mUserActivitySummary=0x1, mBootCompleted=true
03-02 16:04:27.743821   741   828 D PowerManagerService: handleSandman: canDream=true, mWakefulness=Awake
03-02 16:04:27.785296   741   984 V ActivityManager: Broadcast sticky: Intent { act=android.intent.action.SIG_STR flg=0x20000010 (has extras) } ordered=false userid=-1 callerApp=ProcessRecord{42897388 741:system/1000}
03-02 16:04:27.788068   741  1069 V AlarmManager: isAlarmNeedAlign : screen on, Skip
03-02 16:04:27.788211   741  1069 V AlarmManager: isAlarmNeedAlign : screen on, Skip
03-02 16:04:27.788289   741  1069 V AlarmManager: isAlarmNeedAlign : screen on, Skip
03-02 16:04:27.788328   741  1069 V AlarmManager: isAlarmNeedAlign : screen on, Skip
03-02 16:04:27.788376   741  1069 V AlarmManager: isAlarmNeedAlign : screen on, Skip
03-02 16:04:27.788650   741  1069 V AlarmManager: isAlarmNeedAlign : screen on, Skip
03-02 16:04:27.788779   741  1069 V AlarmManager: isAlarmNeedAlign : screen on, Skip
03-02 16:04:27.788838   741  1069 V AlarmManager: isAlarmNeedAlign : screen on, Skip
03-02 16:04:27.789010   741  1069 V AlarmManager: isAlarmNeedAlign : screen on, Skip
03-02 16:04:27.789049   741  1069 V AlarmManager: isAlarmNeedAlign : screen on, Skip
03-02 16:04:27.789116   741  1069 V AlarmManager: isAlarmNeedAlign : screen on, Skip
03-02 16:04:27.789159   741  1069 V AlarmManager: isAlarmNeedAlign : screen on, Skip
03-02 16:04:27.789433   741  1069 V AlarmManager: isAlarmNeedAlign : screen on, Skip
03-02 16:04:27.789480   741  1069 V AlarmManager: isAlarmNeedAlign : screen on, Skip
03-02 16:04:27.790011   741  1069 V AlarmManager: isAlarmNeedAlign : screen on, Skip
03-02 16:04:27.790528   741  1069 V AlarmManager: isAlarmNeedAlign : screen on, Skip
03-02 16:04:27.790613   741  1069 V AlarmManager: isAlarmNeedAlign : screen on, Skip
03-02 16:04:27.790667   741  1069 V AlarmManager: isAlarmNeedAlign : screen on, Skip
03-02 16:04:27.790759   741  1069 V AlarmManager: isAlarmNeedAlign : screen on, Skip
03-02 16:04:27.790862   741  1069 V AlarmManager: isAlarmNeedAlign : screen on, Skip
03-02 16:04:27.790916   741  1069 V AlarmManager: isAlarmNeedAlign : screen on, Skip
03-02 16:04:27.791063   741  1069 V AlarmManager: isAlarmNeedAlign : screen on, Skip
03-02 16:04:27.791313   741  1069 V AlarmManager: isAlarmNeedAlign : screen on, Skip
03-02 16:04:27.791372   741  1069 V AlarmManager: isAlarmNeedAlign : screen on, Skip
03-02 16:04:27.791431   741  1069 V AlarmManager: isAlarmNeedAlign : screen on, Skip
03-02 16:04:27.791490   741  1069 V AlarmManager: isAlarmNeedAlign : screen on, Skip
03-02 16:04:27.791550   741  1069 V AlarmManager: isAlarmNeedAlign : screen on, Skip
03-02 16:04:27.791610   741  1069 V AlarmManager: isAlarmNeedAlign : screen on, Skip
03-02 16:04:28.356755   741   831 D PowerManagerService: userActivityFromNative
03-02 16:04:28.356801   741   831 D PowerManagerService: userActivityNoUpdateLocked: eventTime=9426061, event=2, flags=0x0, uid=1000
03-02 16:04:28.356822   741   831 D PowerManagerNotifier: onUserActivity: event=2, uid=1000
03-02 16:04:28.356959   741   831 D PowerManagerService: updateUserActivitySummaryLocked: mWakefulness=Awake, mUserActivitySummary=0x1, nextTimeout=9450061 (in 23999 ms)
03-02 16:04:28.356992   741   831 D PowerManagerService: newScreenState = 2
03-02 16:04:28.357036   741   831 D PowerManagerService: updateDisplayPowerStateLocked: mScreenBrightnessModeSetting=0, autoBrightness=false, AALFunction=2, screenAutoBrightnessAdjustment=0.0, screenBrightness=153
03-02 16:04:28.357087   741   831 D PowerManagerDisplayController: requestPowerState: screenState=2, useProximitySensor=false, forceProximitySensorEnable=false, forceWakeUpEnable=false, screenBrightness=153, screenAutoBrightnessAdjustment=0.0, useAutoBrightness=false, AALFunction=2, blockScreenOn=false, waitForNegativeProximity=false
03-02 16:04:28.357104   741   831 I PowerManagerService: setBrightness mButtonLight 0.
03-02 16:04:28.357138   741   831 D PowerManagerService: updateScreenStateLocked: mDisplayReady=true, newScreenState=2, mWakefulness=1, mWakeLockSummary=0x0, mUserActivitySummary=0x1, mBootCompleted=true
03-02 16:04:28.357271   741   828 D PowerManagerService: handleSandman: canDream=true, mWakefulness=Awake
03-02 16:04:28.950283   741   831 D PowerManagerService: userActivityFromNative
03-02 16:04:28.950345   741   831 D PowerManagerService: userActivityNoUpdateLocked: eventTime=9426654, event=2, flags=0x0, uid=1000
03-02 16:04:28.950366   741   831 D PowerManagerNotifier: onUserActivity: event=2, uid=1000
03-02 16:04:28.950511   741   831 D PowerManagerService: updateUserActivitySummaryLocked: mWakefulness=Awake, mUserActivitySummary=0x1, nextTimeout=9450654 (in 23999 ms)
03-02 16:04:28.950545   741   831 D PowerManagerService: newScreenState = 2
03-02 16:04:28.950591   741   831 D PowerManagerService: updateDisplayPowerStateLocked: mScreenBrightnessModeSetting=0, autoBrightness=false, AALFunction=2, screenAutoBrightnessAdjustment=0.0, screenBrightness=153
03-02 16:04:28.950646   741   831 D PowerManagerDisplayController: requestPowerState: screenState=2, useProximitySensor=false, forceProximitySensorEnable=false, forceWakeUpEnable=false, screenBrightness=153, screenAutoBrightnessAdjustment=0.0, useAutoBrightness=false, AALFunction=2, blockScreenOn=false, waitForNegativeProximity=false
03-02 16:04:28.950662   741   831 I PowerManagerService: setBrightness mButtonLight 0.
03-02 16:04:28.950697   741   831 D PowerManagerService: updateScreenStateLocked: mDisplayReady=true, newScreenState=2, mWakefulness=1, mWakeLockSummary=0x0, mUserActivitySummary=0x1, mBootCompleted=true
03-02 16:04:28.951095   741   828 D PowerManagerService: handleSandman: canDream=true, mWakefulness=Awake
03-02 16:04:29.603765   741   831 D PowerManagerService: userActivityFromNative
03-02 16:04:29.603810   741   831 D PowerManagerService: userActivityNoUpdateLocked: eventTime=9427308, event=2, flags=0x0, uid=1000
03-02 16:04:29.603831   741   831 D PowerManagerNotifier: onUserActivity: event=2, uid=1000
03-02 16:04:29.603969   741   831 D PowerManagerService: updateUserActivitySummaryLocked: mWakefulness=Awake, mUserActivitySummary=0x1, nextTimeout=9451308 (in 23999 ms)
03-02 16:04:29.604002   741   831 D PowerManagerService: newScreenState = 2
03-02 16:04:29.604046   741   831 D PowerManagerService: updateDisplayPowerStateLocked: mScreenBrightnessModeSetting=0, autoBrightness=false, AALFunction=2, screenAutoBrightnessAdjustment=0.0, screenBrightness=153
03-02 16:04:29.604117   741   831 D PowerManagerDisplayController: requestPowerState: screenState=2, useProximitySensor=false, forceProximitySensorEnable=false, forceWakeUpEnable=false, screenBrightness=153, screenAutoBrightnessAdjustment=0.0, useAutoBrightness=false, AALFunction=2, blockScreenOn=false, waitForNegativeProximity=false
03-02 16:04:29.604133   741   831 I PowerManagerService: setBrightness mButtonLight 0.
03-02 16:04:29.604167   741   831 D PowerManagerService: updateScreenStateLocked: mDisplayReady=true, newScreenState=2, mWakefulness=1, mWakeLockSummary=0x0, mUserActivitySummary=0x1, mBootCompleted=true
03-02 16:04:29.604198   741   828 D PowerManagerService: handleSandman: canDream=true, mWakefulness=Awake
03-02 16:04:30.227185   741   831 D PowerManagerService: userActivityFromNative
03-02 16:04:30.227235   741   831 D PowerManagerService: userActivityNoUpdateLocked: eventTime=9427932, event=2, flags=0x0, uid=1000
03-02 16:04:30.227256   741   831 D PowerManagerNotifier: onUserActivity: event=2, uid=1000
03-02 16:04:30.227391   741   831 D PowerManagerService: updateUserActivitySummaryLocked: mWakefulness=Awake, mUserActivitySummary=0x1, nextTimeout=9451932 (in 24000 ms)
03-02 16:04:30.227424   741   831 D PowerManagerService: newScreenState = 2
03-02 16:04:30.227468   741   831 D PowerManagerService: updateDisplayPowerStateLocked: mScreenBrightnessModeSetting=0, autoBrightness=false, AALFunction=2, screenAutoBrightnessAdjustment=0.0, screenBrightness=153
03-02 16:04:30.227521   741   831 D PowerManagerDisplayController: requestPowerState: screenState=2, useProximitySensor=false, forceProximitySensorEnable=false, forceWakeUpEnable=false, screenBrightness=153, screenAutoBrightnessAdjustment=0.0, useAutoBrightness=false, AALFunction=2, blockScreenOn=false, waitForNegativeProximity=false
03-02 16:04:30.227537   741   831 I PowerManagerService: setBrightness mButtonLight 0.
03-02 16:04:30.227570   741   831 D PowerManagerService: updateScreenStateLocked: mDisplayReady=true, newScreenState=2, mWakefulness=1, mWakeLockSummary=0x0, mUserActivitySummary=0x1, mBootCompleted=true
03-02 16:04:30.227691   741   828 D PowerManagerService: handleSandman: canDream=true, mWakefulness=Awake
03-02 16:04:30.343212   741  1084 V ActivityManager: Broadcast sticky: Intent { act=android.intent.action.SIG_STR flg=0x20000010 (has extras) } ordered=false userid=-1 callerApp=ProcessRecord{42897388 741:system/1000}
03-02 16:04:30.346888   741   983 V AlarmManager: isAlarmNeedAlign : screen on, Skip
03-02 16:04:30.347102   741   983 V AlarmManager: isAlarmNeedAlign : screen on, Skip
03-02 16:04:30.347181   741   983 V AlarmManager: isAlarmNeedAlign : screen on, Skip
03-02 16:04:30.347220   741   983 V AlarmManager: isAlarmNeedAlign : screen on, Skip
03-02 16:04:30.347269   741   983 V AlarmManager: isAlarmNeedAlign : screen on, Skip
03-02 16:04:30.347415   741   983 V AlarmManager: isAlarmNeedAlign : screen on, Skip
03-02 16:04:30.347583   741   983 V AlarmManager: isAlarmNeedAlign : screen on, Skip
03-02 16:04:30.347648   741   983 V AlarmManager: isAlarmNeedAlign : screen on, Skip
03-02 16:04:30.347801   741   983 V AlarmManager: isAlarmNeedAlign : screen on, Skip
03-02 16:04:30.347845   741   983 V AlarmManager: isAlarmNeedAlign : screen on, Skip
03-02 16:04:30.347948   741   983 V AlarmManager: isAlarmNeedAlign : screen on, Skip
03-02 16:04:30.347991   741   983 V AlarmManager: isAlarmNeedAlign : screen on, Skip
03-02 16:04:30.348322   741   983 V AlarmManager: isAlarmNeedAlign : screen on, Skip
03-02 16:04:30.348377   741   983 V AlarmManager: isAlarmNeedAlign : screen on, Skip
03-02 16:04:30.348549   741   983 V AlarmManager: isAlarmNeedAlign : screen on, Skip
03-02 16:04:30.348605   741   983 V AlarmManager: isAlarmNeedAlign : screen on, Skip
03-02 16:04:30.348664   741   983 V AlarmManager: isAlarmNeedAlign : screen on, Skip
03-02 16:04:30.348720   741   983 V AlarmManager: isAlarmNeedAlign : screen on, Skip
03-02 16:04:30.348817   741   983 V AlarmManager: isAlarmNeedAlign : screen on, Skip
03-02 16:04:30.348922   741   983 V AlarmManager: isAlarmNeedAlign : screen on, Skip
03-02 16:04:30.348982   741   983 V AlarmManager: isAlarmNeedAlign : screen on, Skip
03-02 16:04:30.349136   741   983 V AlarmManager: isAlarmNeedAlign : screen on, Skip
03-02 16:04:30.349394   741   983 V AlarmManager: isAlarmNeedAlign : screen on, Skip
03-02 16:04:30.349459   741   983 V AlarmManager: isAlarmNeedAlign : screen on, Skip
03-02 16:04:30.349525   741   983 V AlarmManager: isAlarmNeedAlign : screen on, Skip
03-02 16:04:30.349591   741   983 V AlarmManager: isAlarmNeedAlign : screen on, Skip
03-02 16:04:30.349657   741   983 V AlarmManager: isAlarmNeedAlign : screen on, Skip
03-02 16:04:30.349725   741   983 V AlarmManager: isAlarmNeedAlign : screen on, Skip
03-02 16:04:30.840587   741   831 D PowerManagerService: userActivityFromNative
03-02 16:04:30.840634   741   831 D PowerManagerService: userActivityNoUpdateLocked: eventTime=9428545, event=2, flags=0x0, uid=1000
03-02 16:04:30.840655   741   831 D PowerManagerNotifier: onUserActivity: event=2, uid=1000
03-02 16:04:30.840790   741   831 D PowerManagerService: updateUserActivitySummaryLocked: mWakefulness=Awake, mUserActivitySummary=0x1, nextTimeout=9452545 (in 23999 ms)
03-02 16:04:30.840824   741   831 D PowerManagerService: newScreenState = 2
03-02 16:04:30.840867   741   831 D PowerManagerService: updateDisplayPowerStateLocked: mScreenBrightnessModeSetting=0, autoBrightness=false, AALFunction=2, screenAutoBrightnessAdjustment=0.0, screenBrightness=153
03-02 16:04:30.840985   741   831 D PowerManagerDisplayController: requestPowerState: screenState=2, useProximitySensor=false, forceProximitySensorEnable=false, forceWakeUpEnable=false, screenBrightness=153, screenAutoBrightnessAdjustment=0.0, useAutoBrightness=false, AALFunction=2, blockScreenOn=false, waitForNegativeProximity=false
03-02 16:04:30.841003   741   831 I PowerManagerService: setBrightness mButtonLight 0.
03-02 16:04:30.841038   741   831 D PowerManagerService: updateScreenStateLocked: mDisplayReady=true, newScreenState=2, mWakefulness=1, mWakeLockSummary=0x0, mUserActivitySummary=0x1, mBootCompleted=true
03-02 16:04:30.841079   741   828 D PowerManagerService: handleSandman: canDream=true, mWakefulness=Awake
03-02 16:04:30.856855   741   751 D ActivityManager: getContentProviderImpl: from caller=android.app.ApplicationThreadProxy@430af668 (pid=1043, userId=0) to get content provider ipprovider cpr=ContentProviderRecord{42db4aa8 u0 com.movial.ipprovider/.IPPhoneProvider}
03-02 16:04:30.856978   741   751 D ActivityManager: getContentProviderImpl: updateLruProcessLocked cpr.proc=ProcessRecord{42db4c40 8437:com.movial.ipprovider/u0a85}
03-02 16:04:30.858457  1043  1053 D ActivityThread: hoder:android.app.IActivityManager$ContentProviderHolder@424b95b0,provider,holder.Provider:android.content.ContentProviderProxy@424b94d8
03-02 16:04:30.866795   741  7952 D ConnectivityService: getMobileDataEnabled returning true
03-02 16:04:31.436329   741   741 V ActivityManager: Broadcast sticky: Intent { act=android.intent.action.BATTERY_CHANGED flg=0x60000010 (has extras) } ordered=false userid=-1 callerApp=null
03-02 16:04:31.437219   741   741 D WifiService: onReceive, action:android.intent.action.BATTERY_CHANGED
03-02 16:04:31.437337   741   741 D UsbDeviceManager: onReceive - BATTERY_CHANGED - mPlugType: 0, mSettingUsbCharging: false, mConnected: false, mSettingUsbBicr: false
03-02 16:04:31.437475   741   842 D WifiController: ApStaDisabledState{ when=0 what=155652 target=com.android.internal.util.StateMachine$SmHandler target=Handler (com.android.internal.util.StateMachine$SmHandler) {429f79d0} }
03-02 16:04:31.437510   741   828 D PowerManagerService: updateIsPoweredLocked: wasPowered=false, mIsPowered=false, oldPlugType=0, mPlugType=0, mBatteryLevel=70
03-02 16:04:31.437566   741   842 D WifiController: DefaultState{ when=0 what=155652 target=com.android.internal.util.StateMachine$SmHandler target=Handler (com.android.internal.util.StateMachine$SmHandler) {429f79d0} }
03-02 16:04:31.437578   741   828 D PowerManagerService: handleSandman: canDream=true, mWakefulness=Awake
03-02 16:04:31.437606   741   842 D WifiController: battery changed pluggedType: 0
03-02 16:04:31.440465   741  1056 V AlarmManager: isAlarmNeedAlign : screen on, Skip
03-02 16:04:31.440689   741  1056 V AlarmManager: isAlarmNeedAlign : screen on, Skip
03-02 16:04:31.440768   741  1056 V AlarmManager: isAlarmNeedAlign : screen on, Skip
03-02 16:04:31.440796   741  1056 V AlarmManager: isAlarmNeedAlign : screen on, Skip
03-02 16:04:31.440834   741  1056 V AlarmManager: isAlarmNeedAlign : screen on, Skip
03-02 16:04:31.440883   741  1056 V AlarmManager: isAlarmNeedAlign : screen on, Skip
03-02 16:04:31.441033   741  1056 V AlarmManager: isAlarmNeedAlign : screen on, Skip
03-02 16:04:31.441161   741  1056 V AlarmManager: isAlarmNeedAlign : screen on, Skip
03-02 16:04:31.441362   741  1056 V AlarmManager: isAlarmNeedAlign : screen on, Skip
03-02 16:04:31.441406   741  1056 V AlarmManager: isAlarmNeedAlign : screen on, Skip
03-02 16:04:31.441479   741  1056 V AlarmManager: isAlarmNeedAlign : screen on, Skip
03-02 16:04:31.441528   741  1056 V AlarmManager: isAlarmNeedAlign : screen on, Skip
03-02 16:04:31.441824   741  1056 V AlarmManager: isAlarmNeedAlign : screen on, Skip
03-02 16:04:31.441876   741  1056 V AlarmManager: isAlarmNeedAlign : screen on, Skip
03-02 16:04:31.442046   741  1056 V AlarmManager: isAlarmNeedAlign : screen on, Skip
03-02 16:04:31.442101   741  1056 V AlarmManager: isAlarmNeedAlign : screen on, Skip
03-02 16:04:31.442157   741  1056 V AlarmManager: isAlarmNeedAlign : screen on, Skip
03-02 16:04:31.442324   741  1056 V AlarmManager: isAlarmNeedAlign : screen on, Skip
03-02 16:04:31.442422   741  1056 V AlarmManager: isAlarmNeedAlign : screen on, Skip
03-02 16:04:31.442526   741  1056 V AlarmManager: isAlarmNeedAlign : screen on, Skip
03-02 16:04:31.442585   741  1056 V AlarmManager: isAlarmNeedAlign : screen on, Skip
03-02 16:04:31.442737   741  1056 V AlarmManager: isAlarmNeedAlign : screen on, Skip
03-02 16:04:31.442989   741  1056 V AlarmManager: isAlarmNeedAlign : screen on, Skip
03-02 16:04:31.443053   741  1056 V AlarmManager: isAlarmNeedAlign : screen on, Skip
03-02 16:04:31.443118   741  1056 V AlarmManager: isAlarmNeedAlign : screen on, Skip
03-02 16:04:31.443182   741  1056 V AlarmManager: isAlarmNeedAlign : screen on, Skip
03-02 16:04:31.443323   741  1056 V AlarmManager: isAlarmNeedAlign : screen on, Skip
03-02 16:04:31.443386   741  1056 V AlarmManager: isAlarmNeedAlign : screen on, Skip
03-02 16:04:31.443868   741   831 D PowerManagerService: userActivityFromNative
03-02 16:04:31.443921   741   831 D PowerManagerService: userActivityNoUpdateLocked: eventTime=9429148, event=2, flags=0x0, uid=1000
03-02 16:04:31.443962   741   831 D PowerManagerNotifier: onUserActivity: event=2, uid=1000
03-02 16:04:31.444101   741   831 D PowerManagerService: updateUserActivitySummaryLocked: mWakefulness=Awake, mUserActivitySummary=0x1, nextTimeout=9453148 (in 23999 ms)
03-02 16:04:31.444135   741   831 D PowerManagerService: newScreenState = 2
03-02 16:04:31.444179   741   831 D PowerManagerService: updateDisplayPowerStateLocked: mScreenBrightnessModeSetting=0, autoBrightness=false, AALFunction=2, screenAutoBrightnessAdjustment=0.0, screenBrightness=153
03-02 16:04:31.444263   741   831 D PowerManagerDisplayController: requestPowerState: screenState=2, useProximitySensor=false, forceProximitySensorEnable=false, forceWakeUpEnable=false, screenBrightness=153, screenAutoBrightnessAdjustment=0.0, useAutoBrightness=false, AALFunction=2, blockScreenOn=false, waitForNegativeProximity=false
03-02 16:04:31.444280   741   831 I PowerManagerService: setBrightness mButtonLight 0.
03-02 16:04:31.444314   741   831 D PowerManagerService: updateScreenStateLocked: mDisplayReady=true, newScreenState=2, mWakefulness=1, mWakeLockSummary=0x0, mUserActivitySummary=0x1, mBootCompleted=true
03-02 16:04:31.444545   741   828 D PowerManagerService: handleSandman: canDream=true, mWakefulness=Awake
03-02 16:04:32.067274   741   831 D PowerManagerService: userActivityFromNative
03-02 16:04:32.067320   741   831 D PowerManagerService: userActivityNoUpdateLocked: eventTime=9429772, event=2, flags=0x0, uid=1000
03-02 16:04:32.067340   741   831 D PowerManagerNotifier: onUserActivity: event=2, uid=1000
03-02 16:04:32.067474   741   831 D PowerManagerService: updateUserActivitySummaryLocked: mWakefulness=Awake, mUserActivitySummary=0x1, nextTimeout=9453772 (in 24000 ms)
03-02 16:04:32.067507   741   831 D PowerManagerService: newScreenState = 2
03-02 16:04:32.067550   741   831 D PowerManagerService: updateDisplayPowerStateLocked: mScreenBrightnessModeSetting=0, autoBrightness=false, AALFunction=2, screenAutoBrightnessAdjustment=0.0, screenBrightness=153
03-02 16:04:32.067625   741   831 D PowerManagerDisplayController: requestPowerState: screenState=2, useProximitySensor=false, forceProximitySensorEnable=false, forceWakeUpEnable=false, screenBrightness=153, screenAutoBrightnessAdjustment=0.0, useAutoBrightness=false, AALFunction=2, blockScreenOn=false, waitForNegativeProximity=false
03-02 16:04:32.067642   741   831 I PowerManagerService: setBrightness mButtonLight 0.
03-02 16:04:32.067675   741   831 D PowerManagerService: updateScreenStateLocked: mDisplayReady=true, newScreenState=2, mWakefulness=1, mWakeLockSummary=0x0, mUserActivitySummary=0x1, mBootCompleted=true
03-02 16:04:32.067792   741   828 D PowerManagerService: handleSandman: canDream=true, mWakefulness=Awake
03-02 16:04:32.751159   741   831 D PowerManagerService: userActivityFromNative
03-02 16:04:32.751205   741   831 D PowerManagerService: userActivityNoUpdateLocked: eventTime=9430455, event=2, flags=0x0, uid=1000
03-02 16:04:32.751226   741   831 D PowerManagerNotifier: onUserActivity: event=2, uid=1000
03-02 16:04:32.751364   741   831 D PowerManagerService: updateUserActivitySummaryLocked: mWakefulness=Awake, mUserActivitySummary=0x1, nextTimeout=9454455 (in 23999 ms)
03-02 16:04:32.751399   741   831 D PowerManagerService: newScreenState = 2
03-02 16:04:32.751444   741   831 D PowerManagerService: updateDisplayPowerStateLocked: mScreenBrightnessModeSetting=0, autoBrightness=false, AALFunction=2, screenAutoBrightnessAdjustment=0.0, screenBrightness=153
03-02 16:04:32.751498   741   831 D PowerManagerDisplayController: requestPowerState: screenState=2, useProximitySensor=false, forceProximitySensorEnable=false, forceWakeUpEnable=false, screenBrightness=153, screenAutoBrightnessAdjustment=0.0, useAutoBrightness=false, AALFunction=2, blockScreenOn=false, waitForNegativeProximity=false
