03-02 16:03:32.053185   741   831 D PowerManagerDisplayController: requestPowerState: screenState=2, useProximitySensor=false, forceProximitySensorEnable=false, forceWakeUpEnable=false, screenBrightness=153, screenAutoBrightnessAdjustment=0.0, useAutoBrightness=false, AALFunction=2, blockScreenOn=false, waitForNegativeProximity=false
03-02 16:03:32.053201   741   831 I PowerManagerService: setBrightness mButtonLight 0.
03-02 16:03:32.053235   741   831 D PowerManagerService: updateScreenStateLocked: mDisplayReady=true, newScreenState=2, mWakefulness=1, mWakeLockSummary=0x0, mUserActivitySummary=0x1, mBootCompleted=true
03-02 16:03:32.053279   741   828 D PowerManagerService: handleSandman: canDream=true, mWakefulness=Awake
03-02 16:03:32.555234   741   831 D PowerManagerService: userActivityFromNative
03-02 16:03:32.555301   741   831 D PowerManagerService: userActivityNoUpdateLocked: eventTime=9370260, event=2, flags=0x0, uid=1000
03-02 16:03:32.555331   741   831 D PowerManagerNotifier: onUserActivity: event=2, uid=1000
03-02 16:03:32.555487   741   831 D PowerManagerService: updateUserActivitySummaryLocked: mWakefulness=Awake, mUserActivitySummary=0x1, nextTimeout=9394260 (in 24000 ms)
03-02 16:03:32.555526   741   831 D PowerManagerService: newScreenState = 2
03-02 16:03:32.555577   741   831 D PowerManagerService: updateDisplayPowerStateLocked: mScreenBrightnessModeSetting=0, autoBrightness=false, AALFunction=2, screenAutoBrightnessAdjustment=0.0, screenBrightness=153
03-02 16:03:32.555638   741   831 D PowerManagerDisplayController: requestPowerState: screenState=2, useProximitySensor=false, forceProximitySensorEnable=false, forceWakeUpEnable=false, screenBrightness=153, screenAutoBrightnessAdjustment=0.0, useAutoBrightness=false, AALFunction=2, blockScreenOn=false, waitForNegativeProximity=false
03-02 16:03:32.555660   741   831 I PowerManagerService: setBrightness mButtonLight 0.
03-02 16:03:32.555702   741   831 D PowerManagerService: updateScreenStateLocked: mDisplayReady=true, newScreenState=2, mWakefulness=1, mWakeLockSummary=0x0, mUserActivitySummary=0x1, mBootCompleted=true
03-02 16:03:32.555749   741   828 D PowerManagerService: handleSandman: canDream=true, mWakefulness=Awake
03-02 16:03:33.118443   741   831 D PowerManagerService: userActivityFromNative
03-02 16:03:33.118494   741   831 D PowerManagerService: userActivityNoUpdateLocked: eventTime=9370823, event=2, flags=0x0, uid=1000
03-02 16:03:33.118515   741   831 D PowerManagerNotifier: onUserActivity: event=2, uid=1000
03-02 16:03:33.118648   741   831 D PowerManagerService: updateUserActivitySummaryLocked: mWakefulness=Awake, mUserActivitySummary=0x1, nextTimeout=9394823 (in 23999 ms)
03-02 16:03:33.118687   741   831 D PowerManagerService: newScreenState = 2
03-02 16:03:33.118734   741   831 D PowerManagerService: updateDisplayPowerStateLocked: mScreenBrightnessModeSetting=0, autoBrightness=false, AALFunction=2, screenAutoBrightnessAdjustment=0.0, screenBrightness=153
03-02 16:03:33.118788   741   831 D PowerManagerDisplayController: requestPowerState: screenState=2, useProximitySensor=false, forceProximitySensorEnable=false, forceWakeUpEnable=false, screenBrightness=153, screenAutoBrightnessAdjustment=0.0, useAutoBrightness=false, AALFunction=2, blockScreenOn=false, waitForNegativeProximity=false
03-02 16:03:33.118804   741   831 I PowerManagerService: setBrightness mButtonLight 0.
03-02 16:03:33.118837   741   831 D PowerManagerService: updateScreenStateLocked: mDisplayReady=true, newScreenState=2, mWakefulness=1, mWakeLockSummary=0x0, mUserActivitySummary=0x1, mBootCompleted=true
03-02 16:03:33.118879   741   828 D PowerManagerService: handleSandman: canDream=true, mWakefulness=Awake
03-02 16:03:33.771949   741   831 D PowerManagerService: userActivityFromNative
03-02 16:03:33.772010   741   831 D PowerManagerService: userActivityNoUpdateLocked: eventTime=9371476, event=2, flags=0x0, uid=1000
03-02 16:03:33.772030   741   831 D PowerManagerNotifier: onUserActivity: event=2, uid=1000
03-02 16:03:33.772187   741   831 D PowerManagerService: updateUserActivitySummaryLocked: mWakefulness=Awake, mUserActivitySummary=0x1, nextTimeout=9395476 (in 23999 ms)
03-02 16:03:33.772223   741   831 D PowerManagerService: newScreenState = 2
03-02 16:03:33.772268   741   831 D PowerManagerService: updateDisplayPowerStateLocked: mScreenBrightnessModeSetting=0, autoBrightness=false, AALFunction=2, screenAutoBrightnessAdjustment=0.0, screenBrightness=153
03-02 16:03:33.772321   741   831 D PowerManagerDisplayController: requestPowerState: screenState=2, useProximitySensor=false, forceProximitySensorEnable=false, forceWakeUpEnable=false, screenBrightness=153, screenAutoBrightnessAdjustment=0.0, useAutoBrightness=false, AALFunction=2, blockScreenOn=false, waitForNegativeProximity=false
03-02 16:03:33.772337   741   831 I PowerManagerService: setBrightness mButtonLight 0.
03-02 16:03:33.772370   741   831 D PowerManagerService: updateScreenStateLocked: mDisplayReady=true, newScreenState=2, mWakefulness=1, mWakeLockSummary=0x0, mUserActivitySummary=0x1, mBootCompleted=true
03-02 16:03:33.772512   741   828 D PowerManagerService: handleSandman: canDream=true, mWakefulness=Awake
03-02 16:03:33.983795   741  7953 V ActivityManager: Broadcast sticky: Intent { act=android.intent.action.SIG_STR flg=0x20000010 (has extras) } ordered=false userid=-1 callerApp=ProcessRecord{42897388 741:system/1000}
03-02 16:03:33.989425   741   756 V AlarmManager: isAlarmNeedAlign : screen on, Skip
03-02 16:03:33.989615   741   756 V AlarmManager: isAlarmNeedAlign : screen on, Skip
03-02 16:03:33.989726   741   756 V AlarmManager: isAlarmNeedAlign : screen on, Skip
03-02 16:03:33.989794   741   756 V AlarmManager: isAlarmNeedAlign : screen on, Skip
03-02 16:03:33.989843   741   756 V AlarmManager: isAlarmNeedAlign : screen on, Skip
03-02 16:03:33.989989   741   756 V AlarmManager: isAlarmNeedAlign : screen on, Skip
03-02 16:03:33.990185   741   756 V AlarmManager: isAlarmNeedAlign : screen on, Skip
03-02 16:03:33.990279   741   756 V AlarmManager: isAlarmNeedAlign : screen on, Skip
03-02 16:03:33.990505   741   756 V AlarmManager: isAlarmNeedAlign : screen on, Skip
03-02 16:03:33.990551   741   756 V AlarmManager: isAlarmNeedAlign : screen on, Skip
03-02 16:03:33.990626   741   756 V AlarmManager: isAlarmNeedAlign : screen on, Skip
03-02 16:03:33.990675   741   756 V AlarmManager: isAlarmNeedAlign : screen on, Skip
03-02 16:03:33.990953   741   756 V AlarmManager: isAlarmNeedAlign : screen on, Skip
03-02 16:03:33.991005   741   756 V AlarmManager: isAlarmNeedAlign : screen on, Skip
03-02 16:03:33.991176   741   756 V AlarmManager: isAlarmNeedAlign : screen on, Skip
03-02 16:03:33.991231   741   756 V AlarmManager: isAlarmNeedAlign : screen on, Skip
03-02 16:03:33.991288   741   756 V AlarmManager: isAlarmNeedAlign : screen on, Skip
03-02 16:03:33.991343   741   756 V AlarmManager: isAlarmNeedAlign : screen on, Skip
03-02 16:03:33.991438   741   756 V AlarmManager: isAlarmNeedAlign : screen on, Skip
03-02 16:03:33.991546   741   756 V AlarmManager: isAlarmNeedAlign : screen on, Skip
03-02 16:03:33.991605   741   756 V AlarmManager: isAlarmNeedAlign : screen on, Skip
03-02 16:03:33.991757   741   756 V AlarmManager: isAlarmNeedAlign : screen on, Skip
03-02 16:03:33.992011   741   756 V AlarmManager: isAlarmNeedAlign : screen on, Skip
03-02 16:03:33.992074   741   756 V AlarmManager: isAlarmNeedAlign : screen on, Skip
03-02 16:03:33.992140   741   756 V AlarmManager: isAlarmNeedAlign : screen on, Skip
03-02 16:03:33.992205   741   756 V AlarmManager: isAlarmNeedAlign : screen on, Skip
03-02 16:03:33.992270   741   756 V AlarmManager: isAlarmNeedAlign : screen on, Skip
03-02 16:03:33.992336   741   756 V AlarmManager: isAlarmNeedAlign : screen on, Skip
03-02 16:03:34.405383   741   831 D PowerManagerService: userActivityFromNative
03-02 16:03:34.405449   741   831 D PowerManagerService: userActivityNoUpdateLocked: eventTime=9372110, event=2, flags=0x0, uid=1000
03-02 16:03:34.405485   741   831 D PowerManagerNotifier: onUserActivity: event=2, uid=1000
03-02 16:03:34.405646   741   831 D PowerManagerService: updateUserActivitySummaryLocked: mWakefulness=Awake, mUserActivitySummary=0x1, nextTimeout=9396110 (in 23999 ms)
03-02 16:03:34.405680   741   831 D PowerManagerService: newScreenState = 2
03-02 16:03:34.405728   741   831 D PowerManagerService: updateDisplayPowerStateLocked: mScreenBrightnessModeSetting=0, autoBrightness=false, AALFunction=2, screenAutoBrightnessAdjustment=0.0, screenBrightness=153
03-02 16:03:34.405804   741   831 D PowerManagerDisplayController: requestPowerState: screenState=2, useProximitySensor=false, forceProximitySensorEnable=false, forceWakeUpEnable=false, screenBrightness=153, screenAutoBrightnessAdjustment=0.0, useAutoBrightness=false, AALFunction=2, blockScreenOn=false, waitForNegativeProximity=false
03-02 16:03:34.405821   741   831 I PowerManagerService: setBrightness mButtonLight 0.
03-02 16:03:34.405856   741   831 D PowerManagerService: updateScreenStateLocked: mDisplayReady=true, newScreenState=2, mWakefulness=1, mWakeLockSummary=0x0, mUserActivitySummary=0x1, mBootCompleted=true
03-02 16:03:34.406546   741   828 D PowerManagerService: handleSandman: canDream=true, mWakefulness=Awake
03-02 16:03:35.109149   741   831 D PowerManagerService: userActivityFromNative
03-02 16:03:35.109196   741   831 D PowerManagerService: userActivityNoUpdateLocked: eventTime=9372813, event=2, flags=0x0, uid=1000
03-02 16:03:35.109216   741   831 D PowerManagerNotifier: onUserActivity: event=2, uid=1000
03-02 16:03:35.109352   741   831 D PowerManagerService: updateUserActivitySummaryLocked: mWakefulness=Awake, mUserActivitySummary=0x1, nextTimeout=9396813 (in 23999 ms)
03-02 16:03:35.109384   741   831 D PowerManagerService: newScreenState = 2
03-02 16:03:35.109429   741   831 D PowerManagerService: updateDisplayPowerStateLocked: mScreenBrightnessModeSetting=0, autoBrightness=false, AALFunction=2, screenAutoBrightnessAdjustment=0.0, screenBrightness=153
03-02 16:03:35.109481   741   831 D PowerManagerDisplayController: requestPowerState: screenState=2, useProximitySensor=false, forceProximitySensorEnable=false, forceWakeUpEnable=false, screenBrightness=153, screenAutoBrightnessAdjustment=0.0, useAutoBrightness=false, AALFunction=2, blockScreenOn=false, waitForNegativeProximity=false
03-02 16:03:35.109498   741   831 I PowerManagerService: setBrightness mButtonLight 0.
03-02 16:03:35.109533   741   831 D PowerManagerService: updateScreenStateLocked: mDisplayReady=true, newScreenState=2, mWakefulness=1, mWakeLockSummary=0x0, mUserActivitySummary=0x1, mBootCompleted=true
03-02 16:03:35.109827   741   828 D PowerManagerService: handleSandman: canDream=true, mWakefulness=Awake
03-02 16:03:35.712452   741   831 D PowerManagerService: userActivityFromNative
03-02 16:03:35.712511   741   831 D PowerManagerService: userActivityNoUpdateLocked: eventTime=9373417, event=2, flags=0x0, uid=1000
03-02 16:03:35.712532   741   831 D PowerManagerNotifier: onUserActivity: event=2, uid=1000
03-02 16:03:35.712670   741   831 D PowerManagerService: updateUserActivitySummaryLocked: mWakefulness=Awake, mUserActivitySummary=0x1, nextTimeout=9397417 (in 23999 ms)
03-02 16:03:35.712703   741   831 D PowerManagerService: newScreenState = 2
03-02 16:03:35.712773   741   831 D PowerManagerService: updateDisplayPowerStateLocked: mScreenBrightnessModeSetting=0, autoBrightness=false, AALFunction=2, screenAutoBrightnessAdjustment=0.0, screenBrightness=153
03-02 16:03:35.712827   741   831 D PowerManagerDisplayController: requestPowerState: screenState=2, useProximitySensor=false, forceProximitySensorEnable=false, forceWakeUpEnable=false, screenBrightness=153, screenAutoBrightnessAdjustment=0.0, useAutoBrightness=false, AALFunction=2, blockScreenOn=false, waitForNegativeProximity=false
03-02 16:03:35.712844   741   831 I PowerManagerService: setBrightness mButtonLight 0.
03-02 16:03:35.712877   741   831 D PowerManagerService: updateScreenStateLocked: mDisplayReady=true, newScreenState=2, mWakefulness=1, mWakeLockSummary=0x0, mUserActivitySummary=0x1, mBootCompleted=true
03-02 16:03:35.713084   741   828 D PowerManagerService: handleSandman: canDream=true, mWakefulness=Awake
03-02 16:03:36.396037   741   831 D PowerManagerService: userActivityFromNative
03-02 16:03:36.396086   741   831 D PowerManagerService: userActivityNoUpdateLocked: eventTime=9374100, event=2, flags=0x0, uid=1000
03-02 16:03:36.396106   741   831 D PowerManagerNotifier: onUserActivity: event=2, uid=1000
03-02 16:03:36.396244   741   831 D PowerManagerService: updateUserActivitySummaryLocked: mWakefulness=Awake, mUserActivitySummary=0x1, nextTimeout=9398100 (in 23999 ms)
03-02 16:03:36.396278   741   831 D PowerManagerService: newScreenState = 2
03-02 16:03:36.396323   741   831 D PowerManagerService: updateDisplayPowerStateLocked: mScreenBrightnessModeSetting=0, autoBrightness=false, AALFunction=2, screenAutoBrightnessAdjustment=0.0, screenBrightness=153
03-02 16:03:36.396376   741   831 D PowerManagerDisplayController: requestPowerState: screenState=2, useProximitySensor=false, forceProximitySensorEnable=false, forceWakeUpEnable=false, screenBrightness=153, screenAutoBrightnessAdjustment=0.0, useAutoBrightness=false, AALFunction=2, blockScreenOn=false, waitForNegativeProximity=false
03-02 16:03:36.396392   741   831 I PowerManagerService: setBrightness mButtonLight 0.
03-02 16:03:36.396426   741   831 D PowerManagerService: updateScreenStateLocked: mDisplayReady=true, newScreenState=2, mWakefulness=1, mWakeLockSummary=0x0, mUserActivitySummary=0x1, mBootCompleted=true
03-02 16:03:36.396545   741   828 D PowerManagerService: handleSandman: canDream=true, mWakefulness=Awake
03-02 16:03:36.989184   741   831 D PowerManagerService: userActivityFromNative
03-02 16:03:36.989232   741   831 D PowerManagerService: userActivityNoUpdateLocked: eventTime=9374693, event=2, flags=0x0, uid=1000
03-02 16:03:36.989252   741   831 D PowerManagerNotifier: onUserActivity: event=2, uid=1000
03-02 16:03:36.989390   741   831 D PowerManagerService: updateUserActivitySummaryLocked: mWakefulness=Awake, mUserActivitySummary=0x1, nextTimeout=9398693 (in 23999 ms)
03-02 16:03:36.989424   741   831 D PowerManagerService: newScreenState = 2
03-02 16:03:36.989469   741   831 D PowerManagerService: updateDisplayPowerStateLocked: mScreenBrightnessModeSetting=0, autoBrightness=false, AALFunction=2, screenAutoBrightnessAdjustment=0.0, screenBrightness=153
03-02 16:03:36.989521   741   831 D PowerManagerDisplayController: requestPowerState: screenState=2, useProximitySensor=false, forceProximitySensorEnable=false, forceWakeUpEnable=false, screenBrightness=153, screenAutoBrightnessAdjustment=0.0, useAutoBrightness=false, AALFunction=2, blockScreenOn=false, waitForNegativeProximity=false
03-02 16:03:36.989541   741   831 I PowerManagerService: setBrightness mButtonLight 0.
03-02 16:03:36.989575   741   831 D PowerManagerService: updateScreenStateLocked: mDisplayReady=true, newScreenState=2, mWakefulness=1, mWakeLockSummary=0x0, mUserActivitySummary=0x1, mBootCompleted=true
03-02 16:03:36.989693   741   828 D PowerManagerService: handleSandman: canDream=true, mWakefulness=Awake
03-02 16:03:37.562308   741   831 D PowerManagerService: userActivityFromNative
03-02 16:03:37.562356   741   831 D PowerManagerService: userActivityNoUpdateLocked: eventTime=9375267, event=2, flags=0x0, uid=1000
03-02 16:03:37.562379   741   831 D PowerManagerNotifier: onUserActivity: event=2, uid=1000
03-02 16:03:37.562517   741   831 D PowerManagerService: updateUserActivitySummaryLocked: mWakefulness=Awake, mUserActivitySummary=0x1, nextTimeout=9399267 (in 24000 ms)
03-02 16:03:37.562551   741   831 D PowerManagerService: newScreenState = 2
03-02 16:03:37.562595   741   831 D PowerManagerService: updateDisplayPowerStateLocked: mScreenBrightnessModeSetting=0, autoBrightness=false, AALFunction=2, screenAutoBrightnessAdjustment=0.0, screenBrightness=153
03-02 16:03:37.562648   741   831 D PowerManagerDisplayController: requestPowerState: screenState=2, useProximitySensor=false, forceProximitySensorEnable=false, forceWakeUpEnable=false, screenBrightness=153, screenAutoBrightnessAdjustment=0.0, useAutoBrightness=false, AALFunction=2, blockScreenOn=false, waitForNegativeProximity=false
03-02 16:03:37.562665   741   831 I PowerManagerService: setBrightness mButtonLight 0.
03-02 16:03:37.562699   741   831 D PowerManagerService: updateScreenStateLocked: mDisplayReady=true, newScreenState=2, mWakefulness=1, mWakeLockSummary=0x0, mUserActivitySummary=0x1, mBootCompleted=true
03-02 16:03:37.562769   741   828 D PowerManagerService: handleSandman: canDream=true, mWakefulness=Awake
03-02 16:03:38.064708   741   831 D PowerManagerService: userActivityFromNative
03-02 16:03:38.064760   741   831 D PowerManagerService: userActivityNoUpdateLocked: eventTime=9375769, event=2, flags=0x0, uid=1000
03-02 16:03:38.064787   741   831 D PowerManagerNotifier: onUserActivity: event=2, uid=1000
03-02 16:03:38.064925   741   831 D PowerManagerService: updateUserActivitySummaryLocked: mWakefulness=Awake, mUserActivitySummary=0x1, nextTimeout=9399769 (in 23999 ms)
03-02 16:03:38.064969   741   831 D PowerManagerService: newScreenState = 2
03-02 16:03:38.065025   741   831 D PowerManagerService: updateDisplayPowerStateLocked: mScreenBrightnessModeSetting=0, autoBrightness=false, AALFunction=2, screenAutoBrightnessAdjustment=0.0, screenBrightness=153
03-02 16:03:38.065085   741   831 D PowerManagerDisplayController: requestPowerState: screenState=2, useProximitySensor=false, forceProximitySensorEnable=false, forceWakeUpEnable=false, screenBrightness=153, screenAutoBrightnessAdjustment=0.0, useAutoBrightness=false, AALFunction=2, blockScreenOn=false, waitForNegativeProximity=false
03-02 16:03:38.065106   741   831 I PowerManagerService: setBrightness mButtonLight 0.
03-02 16:03:38.065145   741   831 D PowerManagerService: updateScreenStateLocked: mDisplayReady=true, newScreenState=2, mWakefulness=1, mWakeLockSummary=0x0, mUserActivitySummary=0x1, mBootCompleted=true
03-02 16:03:38.065195   741   828 D PowerManagerService: handleSandman: canDream=true, mWakefulness=Awake
03-02 16:03:38.567131   741   831 D PowerManagerService: userActivityFromNative
03-02 16:03:38.567231   741   831 D PowerManagerService: userActivityNoUpdateLocked: eventTime=9376272, event=2, flags=0x0, uid=1000
03-02 16:03:38.567259   741   831 D PowerManagerNotifier: onUserActivity: event=2, uid=1000
03-02 16:03:38.567412   741   831 D PowerManagerService: updateUserActivitySummaryLocked: mWakefulness=Awake, mUserActivitySummary=0x1, nextTimeout=9400272 (in 24000 ms)
03-02 16:03:38.567457   741   831 D PowerManagerService: newScreenState = 2
03-02 16:03:38.567511   741   831 D PowerManagerService: updateDisplayPowerStateLocked: mScreenBrightnessModeSetting=0, autoBrightness=false, AALFunction=2, screenAutoBrightnessAdjustment=0.0, screenBrightness=153
03-02 16:03:38.567569   741   831 D PowerManagerDisplayController: requestPowerState: screenState=2, useProximitySensor=false, forceProximitySensorEnable=false, forceWakeUpEnable=false, screenBrightness=153, screenAutoBrightnessAdjustment=0.0, useAutoBrightness=false, AALFunction=2, blockScreenOn=false, waitForNegativeProximity=false
03-02 16:03:38.567591   741   831 I PowerManagerService: setBrightness mButtonLight 0.
03-02 16:03:38.567630   741   831 D PowerManagerService: updateScreenStateLocked: mDisplayReady=true, newScreenState=2, mWakefulness=1, mWakeLockSummary=0x0, mUserActivitySummary=0x1, mBootCompleted=true
03-02 16:03:38.567679   741   828 D PowerManagerService: handleSandman: canDream=true, mWakefulness=Awake
03-02 16:03:39.070211   741   831 D PowerManagerService: userActivityFromNative
03-02 16:03:39.070258   741   831 D PowerManagerService: userActivityNoUpdateLocked: eventTime=9376775, event=2, flags=0x0, uid=1000
03-02 16:03:39.070281   741   831 D PowerManagerNotifier: onUserActivity: event=2, uid=1000
03-02 16:03:39.070415   741   831 D PowerManagerService: updateUserActivitySummaryLocked: mWakefulness=Awake, mUserActivitySummary=0x1, nextTimeout=9400775 (in 24000 ms)
03-02 16:03:39.070447   741   831 D PowerManagerService: newScreenState = 2
03-02 16:03:39.070492   741   831 D PowerManagerService: updateDisplayPowerStateLocked: mScreenBrightnessModeSetting=0, autoBrightness=false, AALFunction=2, screenAutoBrightnessAdjustment=0.0, screenBrightness=153
03-02 16:03:39.070545   741   831 D PowerManagerDisplayController: requestPowerState: screenState=2, useProximitySensor=false, forceProximitySensorEnable=false, forceWakeUpEnable=false, screenBrightness=153, screenAutoBrightnessAdjustment=0.0, useAutoBrightness=false, AALFunction=2, blockScreenOn=false, waitForNegativeProximity=false
03-02 16:03:39.070561   741   831 I PowerManagerService: setBrightness mButtonLight 0.
03-02 16:03:39.070595   741   831 D PowerManagerService: updateScreenStateLocked: mDisplayReady=true, newScreenState=2, mWakefulness=1, mWakeLockSummary=0x0, mUserActivitySummary=0x1, mBootCompleted=true
03-02 16:03:39.070717   741   828 D PowerManagerService: handleSandman: canDream=true, mWakefulness=Awake
03-02 16:03:39.103771   741   756 V ActivityManager: Broadcast sticky: Intent { act=android.intent.action.SIG_STR flg=0x20000010 (has extras) } ordered=false userid=-1 callerApp=ProcessRecord{42897388 741:system/1000}
03-02 16:03:39.107032   741   751 V AlarmManager: isAlarmNeedAlign : screen on, Skip
03-02 16:03:39.107200   741   751 V AlarmManager: isAlarmNeedAlign : screen on, Skip
03-02 16:03:39.107262   741   751 V AlarmManager: isAlarmNeedAlign : screen on, Skip
03-02 16:03:39.107319   741   751 V AlarmManager: isAlarmNeedAlign : screen on, Skip
03-02 16:03:39.107352   741   751 V AlarmManager: isAlarmNeedAlign : screen on, Skip
03-02 16:03:39.107480   741   751 V AlarmManager: isAlarmNeedAlign : screen on, Skip
03-02 16:03:39.107604   741   751 V AlarmManager: isAlarmNeedAlign : screen on, Skip
03-02 16:03:39.107668   741   751 V AlarmManager: isAlarmNeedAlign : screen on, Skip
03-02 16:03:39.107818   741   751 V AlarmManager: isAlarmNeedAlign : screen on, Skip
03-02 16:03:39.107861   741   751 V AlarmManager: isAlarmNeedAlign : screen on, Skip
03-02 16:03:39.107962   741   751 V AlarmManager: isAlarmNeedAlign : screen on, Skip
03-02 16:03:39.108011   741   751 V AlarmManager: isAlarmNeedAlign : screen on, Skip
03-02 16:03:39.108286   741   751 V AlarmManager: isAlarmNeedAlign : screen on, Skip
03-02 16:03:39.108339   741   751 V AlarmManager: isAlarmNeedAlign : screen on, Skip
03-02 16:03:39.108511   741   751 V AlarmManager: isAlarmNeedAlign : screen on, Skip
03-02 16:03:39.108567   741   751 V AlarmManager: isAlarmNeedAlign : screen on, Skip
03-02 16:03:39.108626   741   751 V AlarmManager: isAlarmNeedAlign : screen on, Skip
03-02 16:03:39.108683   741   751 V AlarmManager: isAlarmNeedAlign : screen on, Skip
03-02 16:03:39.108780   741   751 V AlarmManager: isAlarmNeedAlign : screen on, Skip
03-02 16:03:39.108882   741   751 V AlarmManager: isAlarmNeedAlign : screen on, Skip
03-02 16:03:39.108947   741   751 V AlarmManager: isAlarmNeedAlign : screen on, Skip
03-02 16:03:39.109102   741   751 V AlarmManager: isAlarmNeedAlign : screen on, Skip
03-02 16:03:39.109360   741   751 V AlarmManager: isAlarmNeedAlign : screen on, Skip
03-02 16:03:39.109427   741   751 V AlarmManager: isAlarmNeedAlign : screen on, Skip
03-02 16:03:39.109495   741   751 V AlarmManager: isAlarmNeedAlign : screen on, Skip
03-02 16:03:39.109562   741   751 V AlarmManager: isAlarmNeedAlign : screen on, Skip
03-02 16:03:39.109629   741   751 V AlarmManager: isAlarmNeedAlign : screen on, Skip
03-02 16:03:39.109697   741   751 V AlarmManager: isAlarmNeedAlign : screen on, Skip
03-02 16:03:39.548922   268   268 I thermal_repeater: oh, queryMdThermalInfo (0)Bad file number
03-02 16:03:39.566543   268   268 I thermal_repeater: [recvMdThermalInfo] ret=27, strLen=127,  3, 40, -127, -1, 32767, 18
03-02 16:03:39.713759   741   831 D PowerManagerService: userActivityFromNative
03-02 16:03:39.713822   741   831 D PowerManagerService: userActivityNoUpdateLocked: eventTime=9377418, event=2, flags=0x0, uid=1000
03-02 16:03:39.713843   741   831 D PowerManagerNotifier: onUserActivity: event=2, uid=1000
03-02 16:03:39.713982   741   831 D PowerManagerService: updateUserActivitySummaryLocked: mWakefulness=Awake, mUserActivitySummary=0x1, nextTimeout=9401418 (in 23999 ms)
03-02 16:03:39.714020   741   831 D PowerManagerService: newScreenState = 2
03-02 16:03:39.714066   741   831 D PowerManagerService: updateDisplayPowerStateLocked: mScreenBrightnessModeSetting=0, autoBrightness=false, AALFunction=2, screenAutoBrightnessAdjustment=0.0, screenBrightness=153
03-02 16:03:39.714118   741   831 D PowerManagerDisplayController: requestPowerState: screenState=2, useProximitySensor=false, forceProximitySensorEnable=false, forceWakeUpEnable=false, screenBrightness=153, screenAutoBrightnessAdjustment=0.0, useAutoBrightness=false, AALFunction=2, blockScreenOn=false, waitForNegativeProximity=false
03-02 16:03:39.714134   741   831 I PowerManagerService: setBrightness mButtonLight 0.
03-02 16:03:39.714167   741   831 D PowerManagerService: updateScreenStateLocked: mDisplayReady=true, newScreenState=2, mWakefulness=1, mWakeLockSummary=0x0, mUserActivitySummary=0x1, mBootCompleted=true
03-02 16:03:39.714209   741   828 D PowerManagerService: handleSandman: canDream=true, mWakefulness=Awake
03-02 16:03:39.844093   741   741 I DeviceStorageMonitorService: +++++++++++++++++++ checkMemory +++++++++++++++++++++
03-02 16:03:39.844244   741   741 I DeviceStorageMonitorService: ---------> freeMemory = 1547440128  = true mClearingCache = false
03-02 16:03:39.844515   741   741 V DeviceStorageMonitorService: ---------> freeMemory = 1544032256
03-02 16:03:39.844532   741   741 I DeviceStorageMonitorService: now device into < 50M storage
03-02 16:03:39.844592   741   741 I DeviceStorageMonitorService: ---------> mLowMemFlag = false now device into < 50M storage
03-02 16:03:39.844606   741   741 I DeviceStorageMonitorService: now device into > 30M storage
03-02 16:03:39.844632   741   741 I DeviceStorageMonitorService: ---------> mExtremeModeFlag = false now device into > 10M storage 
03-02 16:03:39.844655   741   741 I DeviceStorageMonitorService: ---------> mForceModeFlag = false now device into > 15M storage
03-02 16:03:39.844692   741   741 I DeviceStorageMonitorService: -------------------- checkMemory ---------------------
03-02 16:03:40.427482   741   831 D PowerManagerService: userActivityFromNative
03-02 16:03:40.427528   741   831 D PowerManagerService: userActivityNoUpdateLocked: eventTime=9378132, event=2, flags=0x0, uid=1000
03-02 16:03:40.427552   741   831 D PowerManagerNotifier: onUserActivity: event=2, uid=1000
03-02 16:03:40.427689   741   831 D PowerManagerService: updateUserActivitySummaryLocked: mWakefulness=Awake, mUserActivitySummary=0x1, nextTimeout=9402132 (in 23999 ms)
03-02 16:03:40.427721   741   831 D PowerManagerService: newScreenState = 2
03-02 16:03:40.427766   741   831 D PowerManagerService: updateDisplayPowerStateLocked: mScreenBrightnessModeSetting=0, autoBrightness=false, AALFunction=2, screenAutoBrightnessAdjustment=0.0, screenBrightness=153
03-02 16:03:40.427822   741   831 D PowerManagerDisplayController: requestPowerState: screenState=2, useProximitySensor=false, forceProximitySensorEnable=false, forceWakeUpEnable=false, screenBrightness=153, screenAutoBrightnessAdjustment=0.0, useAutoBrightness=false, AALFunction=2, blockScreenOn=false, waitForNegativeProximity=false
03-02 16:03:40.427839   741   831 I PowerManagerService: setBrightness mButtonLight 0.
03-02 16:03:40.427873   741   831 D PowerManagerService: updateScreenStateLocked: mDisplayReady=true, newScreenState=2, mWakefulness=1, mWakeLockSummary=0x0, mUserActivitySummary=0x1, mBootCompleted=true
03-02 16:03:40.427991   741   828 D PowerManagerService: handleSandman: canDream=true, mWakefulness=Awake
03-02 16:03:41.151417   741   831 D PowerManagerService: userActivityFromNative
03-02 16:03:41.151464   741   831 D PowerManagerService: userActivityNoUpdateLocked: eventTime=9378856, event=2, flags=0x0, uid=1000
03-02 16:03:41.151483   741   831 D PowerManagerNotifier: onUserActivity: event=2, uid=1000
03-02 16:03:41.151619   741   831 D PowerManagerService: updateUserActivitySummaryLocked: mWakefulness=Awake, mUserActivitySummary=0x1, nextTimeout=9402856 (in 23999 ms)
03-02 16:03:41.151652   741   831 D PowerManagerService: newScreenState = 2
03-02 16:03:41.151699   741   831 D PowerManagerService: updateDisplayPowerStateLocked: mScreenBrightnessModeSetting=0, autoBrightness=false, AALFunction=2, screenAutoBrightnessAdjustment=0.0, screenBrightness=153
03-02 16:03:41.151750   741   831 D PowerManagerDisplayController: requestPowerState: screenState=2, useProximitySensor=false, forceProximitySensorEnable=false, forceWakeUpEnable=false, screenBrightness=153, screenAutoBrightnessAdjustment=0.0, useAutoBrightness=false, AALFunction=2, blockScreenOn=false, waitForNegativeProximity=false
03-02 16:03:41.151773   741   831 I PowerManagerService: setBrightness mButtonLight 0.
03-02 16:03:41.151806   741   831 D PowerManagerService: updateScreenStateLocked: mDisplayReady=true, newScreenState=2, mWakefulness=1, mWakeLockSummary=0x0, mUserActivitySummary=0x1, mBootCompleted=true
03-02 16:03:41.151923   741   828 D PowerManagerService: handleSandman: canDream=true, mWakefulness=Awake
03-02 16:03:41.436442   741   741 V ActivityManager: Broadcast sticky: Intent { act=android.intent.action.BATTERY_CHANGED flg=0x60000010 (has extras) } ordered=false userid=-1 callerApp=null
03-02 16:03:41.438296   741   828 D PowerManagerService: updateIsPoweredLocked: wasPowered=false, mIsPowered=false, oldPlugType=0, mPlugType=0, mBatteryLevel=71
03-02 16:03:41.438383   741   828 D PowerManagerService: handleSandman: canDream=true, mWakefulness=Awake
03-02 16:03:41.438669   741   741 D WifiService: onReceive, action:android.intent.action.BATTERY_CHANGED
03-02 16:03:41.438782   741   741 D UsbDeviceManager: onReceive - BATTERY_CHANGED - mPlugType: 0, mSettingUsbCharging: false, mConnected: false, mSettingUsbBicr: false
03-02 16:03:41.439125   741   842 D WifiController: ApStaDisabledState{ when=0 what=155652 target=com.android.internal.util.StateMachine$SmHandler target=Handler (com.android.internal.util.StateMachine$SmHandler) {429f79d0} }
03-02 16:03:41.439230   741   842 D WifiController: DefaultState{ when=0 what=155652 target=com.android.internal.util.StateMachine$SmHandler target=Handler (com.android.internal.util.StateMachine$SmHandler) {429f79d0} }
03-02 16:03:41.439579   741   842 D WifiController: battery changed pluggedType: 0
03-02 16:03:41.441139   741   751 V AlarmManager: isAlarmNeedAlign : screen on, Skip
03-02 16:03:41.441331   741   751 V AlarmManager: isAlarmNeedAlign : screen on, Skip
03-02 16:03:41.441435   741   751 V AlarmManager: isAlarmNeedAlign : screen on, Skip
03-02 16:03:41.441480   741   751 V AlarmManager: isAlarmNeedAlign : screen on, Skip
03-02 16:03:41.441525   741   751 V AlarmManager: isAlarmNeedAlign : screen on, Skip
03-02 16:03:41.441558   741   751 V AlarmManager: isAlarmNeedAlign : screen on, Skip
03-02 16:03:41.441692   741   751 V AlarmManager: isAlarmNeedAlign : screen on, Skip
03-02 16:03:41.441822   741   751 V AlarmManager: isAlarmNeedAlign : screen on, Skip
03-02 16:03:41.442026   741   751 V AlarmManager: isAlarmNeedAlign : screen on, Skip
03-02 16:03:41.442070   741   751 V AlarmManager: isAlarmNeedAlign : screen on, Skip
03-02 16:03:41.442142   741   751 V AlarmManager: isAlarmNeedAlign : screen on, Skip
03-02 16:03:41.442191   741   751 V AlarmManager: isAlarmNeedAlign : screen on, Skip
03-02 16:03:41.442471   741   751 V AlarmManager: isAlarmNeedAlign : screen on, Skip
03-02 16:03:41.442523   741   751 V AlarmManager: isAlarmNeedAlign : screen on, Skip
03-02 16:03:41.442695   741   751 V AlarmManager: isAlarmNeedAlign : screen on, Skip
03-02 16:03:41.442751   741   751 V AlarmManager: isAlarmNeedAlign : screen on, Skip
03-02 16:03:41.442809   741   751 V AlarmManager: isAlarmNeedAlign : screen on, Skip
03-02 16:03:41.442866   741   751 V AlarmManager: isAlarmNeedAlign : screen on, Skip
03-02 16:03:41.442963   741   751 V AlarmManager: isAlarmNeedAlign : screen on, Skip
03-02 16:03:41.443067   741   751 V AlarmManager: isAlarmNeedAlign : screen on, Skip
03-02 16:03:41.443127   741   751 V AlarmManager: isAlarmNeedAlign : screen on, Skip
03-02 16:03:41.443282   741   751 V AlarmManager: isAlarmNeedAlign : screen on, Skip
03-02 16:03:41.443539   741   751 V AlarmManager: isAlarmNeedAlign : screen on, Skip
03-02 16:03:41.443604   741   751 V AlarmManager: isAlarmNeedAlign : screen on, Skip
03-02 16:03:41.443669   741   751 V AlarmManager: isAlarmNeedAlign : screen on, Skip
03-02 16:03:41.443735   741   751 V AlarmManager: isAlarmNeedAlign : screen on, Skip
03-02 16:03:41.443801   741   751 V AlarmManager: isAlarmNeedAlign : screen on, Skip
03-02 16:03:41.443868   741   751 V AlarmManager: isAlarmNeedAlign : screen on, Skip
03-02 16:03:41.653809   741   831 D PowerManagerService: userActivityFromNative
03-02 16:03:41.653877   741   831 D PowerManagerService: userActivityNoUpdateLocked: eventTime=9379358, event=2, flags=0x0, uid=1000
03-02 16:03:41.653922   741   831 D PowerManagerNotifier: onUserActivity: event=2, uid=1000
03-02 16:03:41.654078   741   831 D PowerManagerService: updateUserActivitySummaryLocked: mWakefulness=Awake, mUserActivitySummary=0x1, nextTimeout=9403358 (in 23999 ms)
03-02 16:03:41.654124   741   831 D PowerManagerService: newScreenState = 2
03-02 16:03:41.654177   741   831 D PowerManagerService: updateDisplayPowerStateLocked: mScreenBrightnessModeSetting=0, autoBrightness=false, AALFunction=2, screenAutoBrightnessAdjustment=0.0, screenBrightness=153
03-02 16:03:41.654253   741   831 D PowerManagerDisplayController: requestPowerState: screenState=2, useProximitySensor=false, forceProximitySensorEnable=false, forceWakeUpEnable=false, screenBrightness=153, screenAutoBrightnessAdjustment=0.0, useAutoBrightness=false, AALFunction=2, blockScreenOn=false, waitForNegativeProximity=false
03-02 16:03:41.654275   741   831 I PowerManagerService: setBrightness mButtonLight 0.
03-02 16:03:41.654313   741   831 D PowerManagerService: updateScreenStateLocked: mDisplayReady=true, newScreenState=2, mWakefulness=1, mWakeLockSummary=0x0, mUserActivitySummary=0x1, mBootCompleted=true
03-02 16:03:41.654361   741   828 D PowerManagerService: handleSandman: canDream=true, mWakefulness=Awake
03-02 16:03:42.277432   741   831 D PowerManagerService: userActivityFromNative
03-02 16:03:42.277498   741   831 D PowerManagerService: userActivityNoUpdateLocked: eventTime=9379982, event=2, flags=0x0, uid=1000
03-02 16:03:42.277518   741   831 D PowerManagerNotifier: onUserActivity: event=2, uid=1000
03-02 16:03:42.277668   741   831 D PowerManagerService: updateUserActivitySummaryLocked: mWakefulness=Awake, mUserActivitySummary=0x1, nextTimeout=9403982 (in 23999 ms)
03-02 16:03:42.277702   741   831 D PowerManagerService: newScreenState = 2
03-02 16:03:42.277752   741   831 D PowerManagerService: updateDisplayPowerStateLocked: mScreenBrightnessModeSetting=0, autoBrightness=false, AALFunction=2, screenAutoBrightnessAdjustment=0.0, screenBrightness=153
03-02 16:03:42.277808   741   831 D PowerManagerDisplayController: requestPowerState: screenState=2, useProximitySensor=false, forceProximitySensorEnable=false, forceWakeUpEnable=false, screenBrightness=153, screenAutoBrightnessAdjustment=0.0, useAutoBrightness=false, AALFunction=2, blockScreenOn=false, waitForNegativeProximity=false
03-02 16:03:42.277825   741   831 I PowerManagerService: setBrightness mButtonLight 0.
03-02 16:03:42.277860   741   831 D PowerManagerService: updateScreenStateLocked: mDisplayReady=true, newScreenState=2, mWakefulness=1, mWakeLockSummary=0x0, mUserActivitySummary=0x1, mBootCompleted=true
03-02 16:03:42.277994   741   828 D PowerManagerService: handleSandman: canDream=true, mWakefulness=Awake
03-02 16:03:42.950804   741   831 D PowerManagerService: userActivityFromNative
03-02 16:03:42.950851   741   831 D PowerManagerService: userActivityNoUpdateLocked: eventTime=9380655, event=2, flags=0x0, uid=1000
03-02 16:03:42.950871   741   831 D PowerManagerNotifier: onUserActivity: event=2, uid=1000
03-02 16:03:42.951008   741   831 D PowerManagerService: updateUserActivitySummaryLocked: mWakefulness=Awake, mUserActivitySummary=0x1, nextTimeout=9404655 (in 23999 ms)
03-02 16:03:42.951043   741   831 D PowerManagerService: newScreenState = 2
03-02 16:03:42.951086   741   831 D PowerManagerService: updateDisplayPowerStateLocked: mScreenBrightnessModeSetting=0, autoBrightness=false, AALFunction=2, screenAutoBrightnessAdjustment=0.0, screenBrightness=153
03-02 16:03:42.951137   741   831 D PowerManagerDisplayController: requestPowerState: screenState=2, useProximitySensor=false, forceProximitySensorEnable=false, forceWakeUpEnable=false, screenBrightness=153, screenAutoBrightnessAdjustment=0.0, useAutoBrightness=false, AALFunction=2, blockScreenOn=false, waitForNegativeProximity=false
03-02 16:03:42.951153   741   831 I PowerManagerService: setBrightness mButtonLight 0.
03-02 16:03:42.951187   741   831 D PowerManagerService: updateScreenStateLocked: mDisplayReady=true, newScreenState=2, mWakefulness=1, mWakeLockSummary=0x0, mUserActivitySummary=0x1, mBootCompleted=true
03-02 16:03:42.951305   741   828 D PowerManagerService: handleSandman: canDream=true, mWakefulness=Awake
03-02 16:03:43.533893   741   831 D PowerManagerService: userActivityFromNative
03-02 16:03:43.533940   741   831 D PowerManagerService: userActivityNoUpdateLocked: eventTime=9381238, event=2, flags=0x0, uid=1000
03-02 16:03:43.533960   741   831 D PowerManagerNotifier: onUserActivity: event=2, uid=1000
03-02 16:03:43.534100   741   831 D PowerManagerService: updateUserActivitySummaryLocked: mWakefulness=Awake, mUserActivitySummary=0x1, nextTimeout=9405238 (in 23999 ms)
03-02 16:03:43.534133   741   831 D PowerManagerService: newScreenState = 2
03-02 16:03:43.534178   741   831 D PowerManagerService: updateDisplayPowerStateLocked: mScreenBrightnessModeSetting=0, autoBrightness=false, AALFunction=2, screenAutoBrightnessAdjustment=0.0, screenBrightness=153
03-02 16:03:43.534230   741   831 D PowerManagerDisplayController: requestPowerState: screenState=2, useProximitySensor=false, forceProximitySensorEnable=false, forceWakeUpEnable=false, screenBrightness=153, screenAutoBrightnessAdjustment=0.0, useAutoBrightness=false, AALFunction=2, blockScreenOn=false, waitForNegativeProximity=false
03-02 16:03:43.534246   741   831 I PowerManagerService: setBrightness mButtonLight 0.
03-02 16:03:43.534280   741   831 D PowerManagerService: updateScreenStateLocked: mDisplayReady=true, newScreenState=2, mWakefulness=1, mWakeLockSummary=0x0, mUserActivitySummary=0x1, mBootCompleted=true
03-02 16:03:43.534397   741   828 D PowerManagerService: handleSandman: canDream=true, mWakefulness=Awake
03-02 16:03:44.167201   741   831 D PowerManagerService: userActivityFromNative
03-02 16:03:44.167248   741   831 D PowerManagerService: userActivityNoUpdateLocked: eventTime=9381872, event=2, flags=0x0, uid=1000
03-02 16:03:44.167268   741   831 D PowerManagerNotifier: onUserActivity: event=2, uid=1000
03-02 16:03:44.167405   741   831 D PowerManagerService: updateUserActivitySummaryLocked: mWakefulness=Awake, mUserActivitySummary=0x1, nextTimeout=9405872 (in 24000 ms)
03-02 16:03:44.167438   741   831 D PowerManagerService: newScreenState = 2
03-02 16:03:44.167481   741   831 D PowerManagerService: updateDisplayPowerStateLocked: mScreenBrightnessModeSetting=0, autoBrightness=false, AALFunction=2, screenAutoBrightnessAdjustment=0.0, screenBrightness=153
03-02 16:03:44.167531   741   831 D PowerManagerDisplayController: requestPowerState: screenState=2, useProximitySensor=false, forceProximitySensorEnable=false, forceWakeUpEnable=false, screenBrightness=153, screenAutoBrightnessAdjustment=0.0, useAutoBrightness=false, AALFunction=2, blockScreenOn=false, waitForNegativeProximity=false
03-02 16:03:44.167548   741   831 I PowerManagerService: setBrightness mButtonLight 0.
03-02 16:03:44.167581   741   831 D PowerManagerService: updateScreenStateLocked: mDisplayReady=true, newScreenState=2, mWakefulness=1, mWakeLockSummary=0x0, mUserActivitySummary=0x1, mBootCompleted=true
03-02 16:03:44.167705   741   828 D PowerManagerService: handleSandman: canDream=true, mWakefulness=Awake
03-02 16:03:44.223670   741   969 V ActivityManager: Broadcast sticky: Intent { act=android.intent.action.SIG_STR flg=0x20000010 (has extras) } ordered=false userid=-1 callerApp=ProcessRecord{42897388 741:system/1000}
03-02 16:03:44.226292   741  7953 V AlarmManager: isAlarmNeedAlign : screen on, Skip
03-02 16:03:44.226464   741  7953 V AlarmManager: isAlarmNeedAlign : screen on, Skip
03-02 16:03:44.226532   741  7953 V AlarmManager: isAlarmNeedAlign : screen on, Skip
03-02 16:03:44.226587   741  7953 V AlarmManager: isAlarmNeedAlign : screen on, Skip
03-02 16:03:44.226621   741  7953 V AlarmManager: isAlarmNeedAlign : screen on, Skip
03-02 16:03:44.226750   741  7953 V AlarmManager: isAlarmNeedAlign : screen on, Skip
03-02 16:03:44.226895   741  7953 V AlarmManager: isAlarmNeedAlign : screen on, Skip
03-02 16:03:44.227068   741  7953 V AlarmManager: isAlarmNeedAlign : screen on, Skip
03-02 16:03:44.227459   741  7953 V AlarmManager: isAlarmNeedAlign : screen on, Skip
03-02 16:03:44.227532   741  7953 V AlarmManager: isAlarmNeedAlign : screen on, Skip
03-02 16:03:44.227649   741  7953 V AlarmManager: isAlarmNeedAlign : screen on, Skip
03-02 16:03:44.227713   741  7953 V AlarmManager: isAlarmNeedAlign : screen on, Skip
03-02 16:03:44.228324   741  7953 V AlarmManager: isAlarmNeedAlign : screen on, Skip
03-02 16:03:44.228379   741  7953 V AlarmManager: isAlarmNeedAlign : screen on, Skip
03-02 16:03:44.228550   741  7953 V AlarmManager: isAlarmNeedAlign : screen on, Skip
03-02 16:03:44.228606   741  7953 V AlarmManager: isAlarmNeedAlign : screen on, Skip
03-02 16:03:44.228664   741  7953 V AlarmManager: isAlarmNeedAlign : screen on, Skip
03-02 16:03:44.228720   741  7953 V AlarmManager: isAlarmNeedAlign : screen on, Skip
03-02 16:03:44.228816   741  7953 V AlarmManager: isAlarmNeedAlign : screen on, Skip
03-02 16:03:44.228921   741  7953 V AlarmManager: isAlarmNeedAlign : screen on, Skip
03-02 16:03:44.228980   741  7953 V AlarmManager: isAlarmNeedAlign : screen on, Skip
03-02 16:03:44.229132   741  7953 V AlarmManager: isAlarmNeedAlign : screen on, Skip
03-02 16:03:44.229382   741  7953 V AlarmManager: isAlarmNeedAlign : screen on, Skip
03-02 16:03:44.229446   741  7953 V AlarmManager: isAlarmNeedAlign : screen on, Skip
03-02 16:03:44.229512   741  7953 V AlarmManager: isAlarmNeedAlign : screen on, Skip
03-02 16:03:44.229577   741  7953 V AlarmManager: isAlarmNeedAlign : screen on, Skip
03-02 16:03:44.229858   741  7953 V AlarmManager: isAlarmNeedAlign : screen on, Skip
03-02 16:03:44.229952   741  7953 V AlarmManager: isAlarmNeedAlign : screen on, Skip
03-02 16:03:44.790450   741   831 D PowerManagerService: userActivityFromNative
03-02 16:03:44.790509   741   831 D PowerManagerService: userActivityNoUpdateLocked: eventTime=9382495, event=2, flags=0x0, uid=1000
03-02 16:03:44.790530   741   831 D PowerManagerNotifier: onUserActivity: event=2, uid=1000
03-02 16:03:44.790666   741   831 D PowerManagerService: updateUserActivitySummaryLocked: mWakefulness=Awake, mUserActivitySummary=0x1, nextTimeout=9406495 (in 23999 ms)
03-02 16:03:44.790699   741   831 D PowerManagerService: newScreenState = 2
03-02 16:03:44.790743   741   831 D PowerManagerService: updateDisplayPowerStateLocked: mScreenBrightnessModeSetting=0, autoBrightness=false, AALFunction=2, screenAutoBrightnessAdjustment=0.0, screenBrightness=153
03-02 16:03:44.790797   741   831 D PowerManagerDisplayController: requestPowerState: screenState=2, useProximitySensor=false, forceProximitySensorEnable=false, forceWakeUpEnable=false, screenBrightness=153, screenAutoBrightnessAdjustment=0.0, useAutoBrightness=false, AALFunction=2, blockScreenOn=false, waitForNegativeProximity=false
03-02 16:03:44.790812   741   831 I PowerManagerService: setBrightness mButtonLight 0.
03-02 16:03:44.790845   741   831 D PowerManagerService: updateScreenStateLocked: mDisplayReady=true, newScreenState=2, mWakefulness=1, mWakeLockSummary=0x0, mUserActivitySummary=0x1, mBootCompleted=true
03-02 16:03:44.791005   741   828 D PowerManagerService: handleSandman: canDream=true, mWakefulness=Awake
03-02 16:03:45.423836   741   831 D PowerManagerService: userActivityFromNative
03-02 16:03:45.423885   741   831 D PowerManagerService: userActivityNoUpdateLocked: eventTime=9383128, event=2, flags=0x0, uid=1000
03-02 16:03:45.423905   741   831 D PowerManagerNotifier: onUserActivity: event=2, uid=1000
03-02 16:03:45.424042   741   831 D PowerManagerService: updateUserActivitySummaryLocked: mWakefulness=Awake, mUserActivitySummary=0x1, nextTimeout=9407128 (in 23999 ms)
03-02 16:03:45.424077   741   831 D PowerManagerService: newScreenState = 2
03-02 16:03:45.424122   741   831 D PowerManagerService: updateDisplayPowerStateLocked: mScreenBrightnessModeSetting=0, autoBrightness=false, AALFunction=2, screenAutoBrightnessAdjustment=0.0, screenBrightness=153
03-02 16:03:45.424173   741   831 D PowerManagerDisplayController: requestPowerState: screenState=2, useProximitySensor=false, forceProximitySensorEnable=false, forceWakeUpEnable=false, screenBrightness=153, screenAutoBrightnessAdjustment=0.0, useAutoBrightness=false, AALFunction=2, blockScreenOn=false, waitForNegativeProximity=false
03-02 16:03:45.424189   741   831 I PowerManagerService: setBrightness mButtonLight 0.
03-02 16:03:45.424223   741   831 D PowerManagerService: updateScreenStateLocked: mDisplayReady=true, newScreenState=2, mWakefulness=1, mWakeLockSummary=0x0, mUserActivitySummary=0x1, mBootCompleted=true
03-02 16:03:45.424306   741   828 D PowerManagerService: handleSandman: canDream=true, mWakefulness=Awake
03-02 16:03:45.822699   741   984 D ActivityManager: getContentProviderImpl: from caller=android.app.ApplicationThreadProxy@42dbd378 (pid=1043, userId=0) to get content provider ipprovider cpr=ContentProviderRecord{42db4aa8 u0 com.movial.ipprovider/.IPPhoneProvider}
03-02 16:03:45.822854   741   984 D ActivityManager: getContentProviderImpl: updateLruProcessLocked cpr.proc=ProcessRecord{42db4c40 8437:com.movial.ipprovider/u0a85}
03-02 16:03:45.824424  1043  1053 D ActivityThread: hoder:android.app.IActivityManager$ContentProviderHolder@426177c8,provider,holder.Provider:android.content.ContentProviderProxy@42617d98
03-02 16:03:45.828772   741  1070 D ConnectivityService: getMobileDataEnabled returning true
03-02 16:03:46.147429   741   831 D PowerManagerService: userActivityFromNative
03-02 16:03:46.147481   741   831 D PowerManagerService: userActivityNoUpdateLocked: eventTime=9383852, event=2, flags=0x0, uid=1000
03-02 16:03:46.147506   741   831 D PowerManagerNotifier: onUserActivity: event=2, uid=1000
03-02 16:03:46.147649   741   831 D PowerManagerService: updateUserActivitySummaryLocked: mWakefulness=Awake, mUserActivitySummary=0x1, nextTimeout=9407852 (in 23999 ms)
03-02 16:03:46.147689   741   831 D PowerManagerService: newScreenState = 2
03-02 16:03:46.147739   741   831 D PowerManagerService: updateDisplayPowerStateLocked: mScreenBrightnessModeSetting=0, autoBrightness=false, AALFunction=2, screenAutoBrightnessAdjustment=0.0, screenBrightness=153
03-02 16:03:46.147797   741   831 D PowerManagerDisplayController: requestPowerState: screenState=2, useProximitySensor=false, forceProximitySensorEnable=false, forceWakeUpEnable=false, screenBrightness=153, screenAutoBrightnessAdjustment=0.0, useAutoBrightness=false, AALFunction=2, blockScreenOn=false, waitForNegativeProximity=false
03-02 16:03:46.147819   741   831 I PowerManagerService: setBrightness mButtonLight 0.
03-02 16:03:46.147859   741   831 D PowerManagerService: updateScreenStateLocked: mDisplayReady=true, newScreenState=2, mWakefulness=1, mWakeLockSummary=0x0, mUserActivitySummary=0x1, mBootCompleted=true
03-02 16:03:46.148173   741   828 D PowerManagerService: handleSandman: canDream=true, mWakefulness=Awake
03-02 16:03:46.760702   741   831 D PowerManagerService: userActivityFromNative
03-02 16:03:46.760755   741   831 D PowerManagerService: userActivityNoUpdateLocked: eventTime=9384465, event=2, flags=0x0, uid=1000
03-02 16:03:46.760776   741   831 D PowerManagerNotifier: onUserActivity: event=2, uid=1000
03-02 16:03:46.760912   741   831 D PowerManagerService: updateUserActivitySummaryLocked: mWakefulness=Awake, mUserActivitySummary=0x1, nextTimeout=9408465 (in 23999 ms)
03-02 16:03:46.760944   741   831 D PowerManagerService: newScreenState = 2
03-02 16:03:46.760989   741   831 D PowerManagerService: updateDisplayPowerStateLocked: mScreenBrightnessModeSetting=0, autoBrightness=false, AALFunction=2, screenAutoBrightnessAdjustment=0.0, screenBrightness=153
03-02 16:03:46.761041   741   831 D PowerManagerDisplayController: requestPowerState: screenState=2, useProximitySensor=false, forceProximitySensorEnable=false, forceWakeUpEnable=false, screenBrightness=153, screenAutoBrightnessAdjustment=0.0, useAutoBrightness=false, AALFunction=2, blockScreenOn=false, waitForNegativeProximity=false
03-02 16:03:46.761062   741   831 I PowerManagerService: setBrightness mButtonLight 0.
03-02 16:03:46.761094   741   831 D PowerManagerService: updateScreenStateLocked: mDisplayReady=true, newScreenState=2, mWakefulness=1, mWakeLockSummary=0x0, mUserActivitySummary=0x1, mBootCompleted=true
