03-02 16:04:03.257476   235 20178 D SocketClient: SocketClient sendDatalocked done: 
03-02 16:04:03.257491   235 20178 D SocketClient: SocketClient sendDatalocked done: 
03-02 16:04:03.257499   235 20178 D SocketClient: SocketClient sendDatalocked done: 
03-02 16:04:03.257513   235 20178 D SocketClient: SocketClient sendDatalocked done: 
03-02 16:04:03.257521   235 20178 D SocketClient: SocketClient sendDatalocked done: 
03-02 16:04:03.257553   235 20178 D SocketClient: SocketClient sendDatalocked done: 
03-02 16:04:03.257565   235 20178 D SocketClient: SocketClient sendDatalocked done: 
03-02 16:04:03.257572   235 20178 D SocketClient: SocketClient sendDatalocked done: 
03-02 16:04:03.390232   741   831 D PowerManagerService: userActivityFromNative
03-02 16:04:03.390281   741   831 D PowerManagerService: userActivityNoUpdateLocked: eventTime=9401095, event=2, flags=0x0, uid=1000
03-02 16:04:03.390317   741   831 D PowerManagerNotifier: onUserActivity: event=2, uid=1000
03-02 16:04:03.390460   741   831 D PowerManagerService: updateUserActivitySummaryLocked: mWakefulness=Awake, mUserActivitySummary=0x1, nextTimeout=9425095 (in 24000 ms)
03-02 16:04:03.390494   741   831 D PowerManagerService: newScreenState = 2
03-02 16:04:03.390542   741   831 D PowerManagerService: updateDisplayPowerStateLocked: mScreenBrightnessModeSetting=0, autoBrightness=false, AALFunction=2, screenAutoBrightnessAdjustment=0.0, screenBrightness=153
03-02 16:04:03.390621   741   831 D PowerManagerDisplayController: requestPowerState: screenState=2, useProximitySensor=false, forceProximitySensorEnable=false, forceWakeUpEnable=false, screenBrightness=153, screenAutoBrightnessAdjustment=0.0, useAutoBrightness=false, AALFunction=2, blockScreenOn=false, waitForNegativeProximity=false
03-02 16:04:03.390638   741   831 I PowerManagerService: setBrightness mButtonLight 0.
03-02 16:04:03.390673   741   831 D PowerManagerService: updateScreenStateLocked: mDisplayReady=true, newScreenState=2, mWakefulness=1, mWakeLockSummary=0x0, mUserActivitySummary=0x1, mBootCompleted=true
03-02 16:04:03.390801   741   828 D PowerManagerService: handleSandman: canDream=true, mWakefulness=Awake
03-02 16:04:04.486445   741   831 D PowerManagerService: userActivityFromNative
03-02 16:04:04.486494   741   831 D PowerManagerService: userActivityNoUpdateLocked: eventTime=9402191, event=2, flags=0x0, uid=1000
03-02 16:04:04.486516   741   831 D PowerManagerNotifier: onUserActivity: event=2, uid=1000
03-02 16:04:04.486655   741   831 D PowerManagerService: updateUserActivitySummaryLocked: mWakefulness=Awake, mUserActivitySummary=0x1, nextTimeout=9426191 (in 23999 ms)
03-02 16:04:04.486687   741   831 D PowerManagerService: newScreenState = 2
03-02 16:04:04.486734   741   831 D PowerManagerService: updateDisplayPowerStateLocked: mScreenBrightnessModeSetting=0, autoBrightness=false, AALFunction=2, screenAutoBrightnessAdjustment=0.0, screenBrightness=153
03-02 16:04:04.486796   741   831 D PowerManagerDisplayController: requestPowerState: screenState=2, useProximitySensor=false, forceProximitySensorEnable=false, forceWakeUpEnable=false, screenBrightness=153, screenAutoBrightnessAdjustment=0.0, useAutoBrightness=false, AALFunction=2, blockScreenOn=false, waitForNegativeProximity=false
03-02 16:04:04.486812   741   831 I PowerManagerService: setBrightness mButtonLight 0.
03-02 16:04:04.486847   741   831 D PowerManagerService: updateScreenStateLocked: mDisplayReady=true, newScreenState=2, mWakefulness=1, mWakeLockSummary=0x0, mUserActivitySummary=0x1, mBootCompleted=true
03-02 16:04:04.486938   741   828 D PowerManagerService: handleSandman: canDream=true, mWakefulness=Awake
03-02 16:04:05.089728   741   831 D PowerManagerService: userActivityFromNative
03-02 16:04:05.089779   741   831 D PowerManagerService: userActivityNoUpdateLocked: eventTime=9402794, event=2, flags=0x0, uid=1000
03-02 16:04:05.089801   741   831 D PowerManagerNotifier: onUserActivity: event=2, uid=1000
03-02 16:04:05.089935   741   831 D PowerManagerService: updateUserActivitySummaryLocked: mWakefulness=Awake, mUserActivitySummary=0x1, nextTimeout=9426794 (in 23999 ms)
03-02 16:04:05.089974   741   831 D PowerManagerService: newScreenState = 2
03-02 16:04:05.090020   741   831 D PowerManagerService: updateDisplayPowerStateLocked: mScreenBrightnessModeSetting=0, autoBrightness=false, AALFunction=2, screenAutoBrightnessAdjustment=0.0, screenBrightness=153
03-02 16:04:05.090080   741   831 D PowerManagerDisplayController: requestPowerState: screenState=2, useProximitySensor=false, forceProximitySensorEnable=false, forceWakeUpEnable=false, screenBrightness=153, screenAutoBrightnessAdjustment=0.0, useAutoBrightness=false, AALFunction=2, blockScreenOn=false, waitForNegativeProximity=false
03-02 16:04:05.090097   741   831 I PowerManagerService: setBrightness mButtonLight 0.
03-02 16:04:05.090131   741   831 D PowerManagerService: updateScreenStateLocked: mDisplayReady=true, newScreenState=2, mWakefulness=1, mWakeLockSummary=0x0, mUserActivitySummary=0x1, mBootCompleted=true
03-02 16:04:05.090174   741   828 D PowerManagerService: handleSandman: canDream=true, mWakefulness=Awake
03-02 16:04:05.703147   741   831 D PowerManagerService: userActivityFromNative
03-02 16:04:05.703198   741   831 D PowerManagerService: userActivityNoUpdateLocked: eventTime=9403407, event=2, flags=0x0, uid=1000
03-02 16:04:05.703218   741   831 D PowerManagerNotifier: onUserActivity: event=2, uid=1000
03-02 16:04:05.703359   741   831 D PowerManagerService: updateUserActivitySummaryLocked: mWakefulness=Awake, mUserActivitySummary=0x1, nextTimeout=9427407 (in 23999 ms)
03-02 16:04:05.703393   741   831 D PowerManagerService: newScreenState = 2
03-02 16:04:05.703439   741   831 D PowerManagerService: updateDisplayPowerStateLocked: mScreenBrightnessModeSetting=0, autoBrightness=false, AALFunction=2, screenAutoBrightnessAdjustment=0.0, screenBrightness=153
03-02 16:04:05.703496   741   831 D PowerManagerDisplayController: requestPowerState: screenState=2, useProximitySensor=false, forceProximitySensorEnable=false, forceWakeUpEnable=false, screenBrightness=153, screenAutoBrightnessAdjustment=0.0, useAutoBrightness=false, AALFunction=2, blockScreenOn=false, waitForNegativeProximity=false
03-02 16:04:05.703513   741   831 I PowerManagerService: setBrightness mButtonLight 0.
03-02 16:04:05.703548   741   831 D PowerManagerService: updateScreenStateLocked: mDisplayReady=true, newScreenState=2, mWakefulness=1, mWakeLockSummary=0x0, mUserActivitySummary=0x1, mBootCompleted=true
03-02 16:04:05.703640   741   828 D PowerManagerService: handleSandman: canDream=true, mWakefulness=Awake
03-02 16:04:06.316446   741   831 D PowerManagerService: userActivityFromNative
03-02 16:04:06.316496   741   831 D PowerManagerService: userActivityNoUpdateLocked: eventTime=9404021, event=2, flags=0x0, uid=1000
03-02 16:04:06.316516   741   831 D PowerManagerNotifier: onUserActivity: event=2, uid=1000
03-02 16:04:06.316647   741   831 D PowerManagerService: updateUserActivitySummaryLocked: mWakefulness=Awake, mUserActivitySummary=0x1, nextTimeout=9428021 (in 23999 ms)
03-02 16:04:06.316687   741   831 D PowerManagerService: newScreenState = 2
03-02 16:04:06.316734   741   831 D PowerManagerService: updateDisplayPowerStateLocked: mScreenBrightnessModeSetting=0, autoBrightness=false, AALFunction=2, screenAutoBrightnessAdjustment=0.0, screenBrightness=153
03-02 16:04:06.316792   741   831 D PowerManagerDisplayController: requestPowerState: screenState=2, useProximitySensor=false, forceProximitySensorEnable=false, forceWakeUpEnable=false, screenBrightness=153, screenAutoBrightnessAdjustment=0.0, useAutoBrightness=false, AALFunction=2, blockScreenOn=false, waitForNegativeProximity=false
03-02 16:04:06.316808   741   831 I PowerManagerService: setBrightness mButtonLight 0.
03-02 16:04:06.316843   741   831 D PowerManagerService: updateScreenStateLocked: mDisplayReady=true, newScreenState=2, mWakefulness=1, mWakeLockSummary=0x0, mUserActivitySummary=0x1, mBootCompleted=true
03-02 16:04:06.316885   741   828 D PowerManagerService: handleSandman: canDream=true, mWakefulness=Awake
03-02 16:04:06.949977   741   831 D PowerManagerService: userActivityFromNative
03-02 16:04:06.950025   741   831 D PowerManagerService: userActivityNoUpdateLocked: eventTime=9404654, event=2, flags=0x0, uid=1000
03-02 16:04:06.950047   741   831 D PowerManagerNotifier: onUserActivity: event=2, uid=1000
03-02 16:04:06.950181   741   831 D PowerManagerService: updateUserActivitySummaryLocked: mWakefulness=Awake, mUserActivitySummary=0x1, nextTimeout=9428654 (in 23999 ms)
03-02 16:04:06.950214   741   831 D PowerManagerService: newScreenState = 2
03-02 16:04:06.950262   741   831 D PowerManagerService: updateDisplayPowerStateLocked: mScreenBrightnessModeSetting=0, autoBrightness=false, AALFunction=2, screenAutoBrightnessAdjustment=0.0, screenBrightness=153
03-02 16:04:06.950317   741   831 D PowerManagerDisplayController: requestPowerState: screenState=2, useProximitySensor=false, forceProximitySensorEnable=false, forceWakeUpEnable=false, screenBrightness=153, screenAutoBrightnessAdjustment=0.0, useAutoBrightness=false, AALFunction=2, blockScreenOn=false, waitForNegativeProximity=false
03-02 16:04:06.950334   741   831 I PowerManagerService: setBrightness mButtonLight 0.
03-02 16:04:06.950369   741   831 D PowerManagerService: updateScreenStateLocked: mDisplayReady=true, newScreenState=2, mWakefulness=1, mWakeLockSummary=0x0, mUserActivitySummary=0x1, mBootCompleted=true
03-02 16:04:06.950487   741   828 D PowerManagerService: handleSandman: canDream=true, mWakefulness=Awake
03-02 16:04:07.316714   741  7953 V ActivityManager: Broadcast sticky: Intent { act=android.intent.action.SIG_STR flg=0x20000010 (has extras) } ordered=false userid=-1 callerApp=ProcessRecord{42897388 741:system/1000}
03-02 16:04:07.316905   741   969 V AlarmManager: isAlarmNeedAlign : screen on, Skip
03-02 16:04:07.317127   741   969 V AlarmManager: isAlarmNeedAlign : screen on, Skip
03-02 16:04:07.317218   741   969 V AlarmManager: isAlarmNeedAlign : screen on, Skip
03-02 16:04:07.317275   741   969 V AlarmManager: isAlarmNeedAlign : screen on, Skip
03-02 16:04:07.317340   741   969 V AlarmManager: isAlarmNeedAlign : screen on, Skip
03-02 16:04:07.317537   741   969 V AlarmManager: isAlarmNeedAlign : screen on, Skip
03-02 16:04:07.317737   741   969 V AlarmManager: isAlarmNeedAlign : screen on, Skip
03-02 16:04:07.317805   741   969 V AlarmManager: isAlarmNeedAlign : screen on, Skip
03-02 16:04:07.317960   741   969 V AlarmManager: isAlarmNeedAlign : screen on, Skip
03-02 16:04:07.318005   741   969 V AlarmManager: isAlarmNeedAlign : screen on, Skip
03-02 16:04:07.318108   741   969 V AlarmManager: isAlarmNeedAlign : screen on, Skip
03-02 16:04:07.318157   741   969 V AlarmManager: isAlarmNeedAlign : screen on, Skip
03-02 16:04:07.318438   741   969 V AlarmManager: isAlarmNeedAlign : screen on, Skip
03-02 16:04:07.318492   741   969 V AlarmManager: isAlarmNeedAlign : screen on, Skip
03-02 16:04:07.318711   741   969 V AlarmManager: isAlarmNeedAlign : screen on, Skip
03-02 16:04:07.318775   741   969 V AlarmManager: isAlarmNeedAlign : screen on, Skip
03-02 16:04:07.318837   741   969 V AlarmManager: isAlarmNeedAlign : screen on, Skip
03-02 16:04:07.318894   741   969 V AlarmManager: isAlarmNeedAlign : screen on, Skip
03-02 16:04:07.318992   741   969 V AlarmManager: isAlarmNeedAlign : screen on, Skip
03-02 16:04:07.319093   741   969 V AlarmManager: isAlarmNeedAlign : screen on, Skip
03-02 16:04:07.319147   741   969 V AlarmManager: isAlarmNeedAlign : screen on, Skip
03-02 16:04:07.319303   741   969 V AlarmManager: isAlarmNeedAlign : screen on, Skip
03-02 16:04:07.319563   741   969 V AlarmManager: isAlarmNeedAlign : screen on, Skip
03-02 16:04:07.319623   741   969 V AlarmManager: isAlarmNeedAlign : screen on, Skip
03-02 16:04:07.319690   741   969 V AlarmManager: isAlarmNeedAlign : screen on, Skip
03-02 16:04:07.319755   741   969 V AlarmManager: isAlarmNeedAlign : screen on, Skip
03-02 16:04:07.319821   741   969 V AlarmManager: isAlarmNeedAlign : screen on, Skip
03-02 16:04:07.319889   741   969 V AlarmManager: isAlarmNeedAlign : screen on, Skip
03-02 16:04:07.543276   741   831 D PowerManagerService: userActivityFromNative
03-02 16:04:07.543325   741   831 D PowerManagerService: userActivityNoUpdateLocked: eventTime=9405248, event=2, flags=0x0, uid=1000
03-02 16:04:07.543345   741   831 D PowerManagerNotifier: onUserActivity: event=2, uid=1000
03-02 16:04:07.543480   741   831 D PowerManagerService: updateUserActivitySummaryLocked: mWakefulness=Awake, mUserActivitySummary=0x1, nextTimeout=9429248 (in 24000 ms)
03-02 16:04:07.543518   741   831 D PowerManagerService: newScreenState = 2
03-02 16:04:07.543565   741   831 D PowerManagerService: updateDisplayPowerStateLocked: mScreenBrightnessModeSetting=0, autoBrightness=false, AALFunction=2, screenAutoBrightnessAdjustment=0.0, screenBrightness=153
03-02 16:04:07.543619   741   831 D PowerManagerDisplayController: requestPowerState: screenState=2, useProximitySensor=false, forceProximitySensorEnable=false, forceWakeUpEnable=false, screenBrightness=153, screenAutoBrightnessAdjustment=0.0, useAutoBrightness=false, AALFunction=2, blockScreenOn=false, waitForNegativeProximity=false
03-02 16:04:07.543636   741   831 I PowerManagerService: setBrightness mButtonLight 0.
03-02 16:04:07.543671   741   831 D PowerManagerService: updateScreenStateLocked: mDisplayReady=true, newScreenState=2, mWakefulness=1, mWakeLockSummary=0x0, mUserActivitySummary=0x1, mBootCompleted=true
03-02 16:04:07.545874   741   828 D PowerManagerService: handleSandman: canDream=true, mWakefulness=Awake
03-02 16:04:08.176757   741   831 D PowerManagerService: userActivityFromNative
03-02 16:04:08.176809   741   831 D PowerManagerService: userActivityNoUpdateLocked: eventTime=9405881, event=2, flags=0x0, uid=1000
03-02 16:04:08.176831   741   831 D PowerManagerNotifier: onUserActivity: event=2, uid=1000
03-02 16:04:08.176969   741   831 D PowerManagerService: updateUserActivitySummaryLocked: mWakefulness=Awake, mUserActivitySummary=0x1, nextTimeout=9429881 (in 23999 ms)
03-02 16:04:08.177002   741   831 D PowerManagerService: newScreenState = 2
03-02 16:04:08.177048   741   831 D PowerManagerService: updateDisplayPowerStateLocked: mScreenBrightnessModeSetting=0, autoBrightness=false, AALFunction=2, screenAutoBrightnessAdjustment=0.0, screenBrightness=153
03-02 16:04:08.177107   741   831 D PowerManagerDisplayController: requestPowerState: screenState=2, useProximitySensor=false, forceProximitySensorEnable=false, forceWakeUpEnable=false, screenBrightness=153, screenAutoBrightnessAdjustment=0.0, useAutoBrightness=false, AALFunction=2, blockScreenOn=false, waitForNegativeProximity=false
03-02 16:04:08.177124   741   831 I PowerManagerService: setBrightness mButtonLight 0.
03-02 16:04:08.177158   741   831 D PowerManagerService: updateScreenStateLocked: mDisplayReady=true, newScreenState=2, mWakefulness=1, mWakeLockSummary=0x0, mUserActivitySummary=0x1, mBootCompleted=true
03-02 16:04:08.177267   741   828 D PowerManagerService: handleSandman: canDream=true, mWakefulness=Awake
03-02 16:04:08.830399   741   831 D PowerManagerService: userActivityFromNative
03-02 16:04:08.830466   741   831 D PowerManagerService: userActivityNoUpdateLocked: eventTime=9406535, event=2, flags=0x0, uid=1000
03-02 16:04:08.830486   741   831 D PowerManagerNotifier: onUserActivity: event=2, uid=1000
03-02 16:04:08.830635   741   831 D PowerManagerService: updateUserActivitySummaryLocked: mWakefulness=Awake, mUserActivitySummary=0x1, nextTimeout=9430535 (in 23999 ms)
03-02 16:04:08.830669   741   831 D PowerManagerService: newScreenState = 2
03-02 16:04:08.830716   741   831 D PowerManagerService: updateDisplayPowerStateLocked: mScreenBrightnessModeSetting=0, autoBrightness=false, AALFunction=2, screenAutoBrightnessAdjustment=0.0, screenBrightness=153
03-02 16:04:08.830792   741   831 D PowerManagerDisplayController: requestPowerState: screenState=2, useProximitySensor=false, forceProximitySensorEnable=false, forceWakeUpEnable=false, screenBrightness=153, screenAutoBrightnessAdjustment=0.0, useAutoBrightness=false, AALFunction=2, blockScreenOn=false, waitForNegativeProximity=false
03-02 16:04:08.830809   741   831 I PowerManagerService: setBrightness mButtonLight 0.
03-02 16:04:08.830844   741   831 D PowerManagerService: updateScreenStateLocked: mDisplayReady=true, newScreenState=2, mWakefulness=1, mWakeLockSummary=0x0, mUserActivitySummary=0x1, mBootCompleted=true
03-02 16:04:08.832857   741   828 D PowerManagerService: handleSandman: canDream=true, mWakefulness=Awake
03-02 16:04:09.403287   741   831 D PowerManagerService: userActivityFromNative
03-02 16:04:09.403339   741   831 D PowerManagerService: userActivityNoUpdateLocked: eventTime=9407108, event=2, flags=0x0, uid=1000
03-02 16:04:09.403359   741   831 D PowerManagerNotifier: onUserActivity: event=2, uid=1000
03-02 16:04:09.403497   741   831 D PowerManagerService: updateUserActivitySummaryLocked: mWakefulness=Awake, mUserActivitySummary=0x1, nextTimeout=9431108 (in 24000 ms)
03-02 16:04:09.403531   741   831 D PowerManagerService: newScreenState = 2
03-02 16:04:09.403577   741   831 D PowerManagerService: updateDisplayPowerStateLocked: mScreenBrightnessModeSetting=0, autoBrightness=false, AALFunction=2, screenAutoBrightnessAdjustment=0.0, screenBrightness=153
03-02 16:04:09.403632   741   831 D PowerManagerDisplayController: requestPowerState: screenState=2, useProximitySensor=false, forceProximitySensorEnable=false, forceWakeUpEnable=false, screenBrightness=153, screenAutoBrightnessAdjustment=0.0, useAutoBrightness=false, AALFunction=2, blockScreenOn=false, waitForNegativeProximity=false
03-02 16:04:09.403648   741   831 I PowerManagerService: setBrightness mButtonLight 0.
03-02 16:04:09.403682   741   831 D PowerManagerService: updateScreenStateLocked: mDisplayReady=true, newScreenState=2, mWakefulness=1, mWakeLockSummary=0x0, mUserActivitySummary=0x1, mBootCompleted=true
03-02 16:04:09.403795   741   828 D PowerManagerService: handleSandman: canDream=true, mWakefulness=Awake
03-02 16:04:09.594897   268   268 I thermal_repeater: oh, queryMdThermalInfo (0)Bad file number
03-02 16:04:09.609325   268   268 I thermal_repeater: [recvMdThermalInfo] ret=26, strLen=127,  3, 40, -48, -1, 32767, 18
03-02 16:04:09.845428   741   741 I DeviceStorageMonitorService: +++++++++++++++++++ checkMemory +++++++++++++++++++++
03-02 16:04:09.845501   741   741 I DeviceStorageMonitorService: ---------> freeMemory = 1544032256  = true mClearingCache = false
03-02 16:04:09.845767   741   741 V DeviceStorageMonitorService: ---------> freeMemory = 1540198400
03-02 16:04:09.845784   741   741 I DeviceStorageMonitorService: now device into < 50M storage
03-02 16:04:09.845808   741   741 I DeviceStorageMonitorService: ---------> mLowMemFlag = false now device into < 50M storage
03-02 16:04:09.845822   741   741 I DeviceStorageMonitorService: now device into > 30M storage
03-02 16:04:09.845850   741   741 I DeviceStorageMonitorService: ---------> mExtremeModeFlag = false now device into > 10M storage 
03-02 16:04:09.845873   741   741 I DeviceStorageMonitorService: ---------> mForceModeFlag = false now device into > 15M storage
03-02 16:04:09.845909   741   741 I DeviceStorageMonitorService: -------------------- checkMemory ---------------------
03-02 16:04:09.871956   741  8714 V ActivityManager: Broadcast sticky: Intent { act=android.intent.action.SIG_STR flg=0x20000010 (has extras) } ordered=false userid=-1 callerApp=ProcessRecord{42897388 741:system/1000}
03-02 16:04:09.875676   741  1055 V AlarmManager: isAlarmNeedAlign : screen on, Skip
03-02 16:04:09.875913   741  1055 V AlarmManager: isAlarmNeedAlign : screen on, Skip
03-02 16:04:09.876006   741  1055 V AlarmManager: isAlarmNeedAlign : screen on, Skip
03-02 16:04:09.876059   741  1055 V AlarmManager: isAlarmNeedAlign : screen on, Skip
03-02 16:04:09.876128   741  1055 V AlarmManager: isAlarmNeedAlign : screen on, Skip
03-02 16:04:09.876341   741  1055 V AlarmManager: isAlarmNeedAlign : screen on, Skip
03-02 16:04:09.876546   741  1055 V AlarmManager: isAlarmNeedAlign : screen on, Skip
03-02 16:04:09.876626   741  1055 V AlarmManager: isAlarmNeedAlign : screen on, Skip
03-02 16:04:09.876821   741  1055 V AlarmManager: isAlarmNeedAlign : screen on, Skip
03-02 16:04:09.876913   741  1055 V AlarmManager: isAlarmNeedAlign : screen on, Skip
03-02 16:04:09.877043   741  1055 V AlarmManager: isAlarmNeedAlign : screen on, Skip
03-02 16:04:09.877111   741  1055 V AlarmManager: isAlarmNeedAlign : screen on, Skip
03-02 16:04:09.877452   741  1055 V AlarmManager: isAlarmNeedAlign : screen on, Skip
03-02 16:04:09.877507   741  1055 V AlarmManager: isAlarmNeedAlign : screen on, Skip
03-02 16:04:09.877680   741  1055 V AlarmManager: isAlarmNeedAlign : screen on, Skip
03-02 16:04:09.877769   741  1055 V AlarmManager: isAlarmNeedAlign : screen on, Skip
03-02 16:04:09.877846   741  1055 V AlarmManager: isAlarmNeedAlign : screen on, Skip
03-02 16:04:09.877956   741  1055 V AlarmManager: isAlarmNeedAlign : screen on, Skip
03-02 16:04:09.878060   741  1055 V AlarmManager: isAlarmNeedAlign : screen on, Skip
03-02 16:04:09.878166   741  1055 V AlarmManager: isAlarmNeedAlign : screen on, Skip
03-02 16:04:09.878226   741  1055 V AlarmManager: isAlarmNeedAlign : screen on, Skip
03-02 16:04:09.878381   741  1055 V AlarmManager: isAlarmNeedAlign : screen on, Skip
03-02 16:04:09.878634   741  1055 V AlarmManager: isAlarmNeedAlign : screen on, Skip
03-02 16:04:09.878699   741  1055 V AlarmManager: isAlarmNeedAlign : screen on, Skip
03-02 16:04:09.878765   741  1055 V AlarmManager: isAlarmNeedAlign : screen on, Skip
03-02 16:04:09.878830   741  1055 V AlarmManager: isAlarmNeedAlign : screen on, Skip
03-02 16:04:09.878897   741  1055 V AlarmManager: isAlarmNeedAlign : screen on, Skip
03-02 16:04:09.878964   741  1055 V AlarmManager: isAlarmNeedAlign : screen on, Skip
03-02 16:04:09.976412   741   831 D PowerManagerService: userActivityFromNative
03-02 16:04:09.976463   741   831 D PowerManagerService: userActivityNoUpdateLocked: eventTime=9407681, event=2, flags=0x0, uid=1000
03-02 16:04:09.976498   741   831 D PowerManagerNotifier: onUserActivity: event=2, uid=1000
03-02 16:04:09.976635   741   831 D PowerManagerService: updateUserActivitySummaryLocked: mWakefulness=Awake, mUserActivitySummary=0x1, nextTimeout=9431681 (in 23999 ms)
03-02 16:04:09.976668   741   831 D PowerManagerService: newScreenState = 2
03-02 16:04:09.976712   741   831 D PowerManagerService: updateDisplayPowerStateLocked: mScreenBrightnessModeSetting=0, autoBrightness=false, AALFunction=2, screenAutoBrightnessAdjustment=0.0, screenBrightness=153
03-02 16:04:09.976782   741   831 D PowerManagerDisplayController: requestPowerState: screenState=2, useProximitySensor=false, forceProximitySensorEnable=false, forceWakeUpEnable=false, screenBrightness=153, screenAutoBrightnessAdjustment=0.0, useAutoBrightness=false, AALFunction=2, blockScreenOn=false, waitForNegativeProximity=false
03-02 16:04:09.976799   741   831 I PowerManagerService: setBrightness mButtonLight 0.
03-02 16:04:09.976834   741   831 D PowerManagerService: updateScreenStateLocked: mDisplayReady=true, newScreenState=2, mWakefulness=1, mWakeLockSummary=0x0, mUserActivitySummary=0x1, mBootCompleted=true
03-02 16:04:09.977380   741   828 D PowerManagerService: handleSandman: canDream=true, mWakefulness=Awake
03-02 16:04:10.589658   741   831 D PowerManagerService: userActivityFromNative
03-02 16:04:10.589706   741   831 D PowerManagerService: userActivityNoUpdateLocked: eventTime=9408294, event=2, flags=0x0, uid=1000
03-02 16:04:10.589727   741   831 D PowerManagerNotifier: onUserActivity: event=2, uid=1000
03-02 16:04:10.589865   741   831 D PowerManagerService: updateUserActivitySummaryLocked: mWakefulness=Awake, mUserActivitySummary=0x1, nextTimeout=9432294 (in 23999 ms)
03-02 16:04:10.589897   741   831 D PowerManagerService: newScreenState = 2
03-02 16:04:10.589944   741   831 D PowerManagerService: updateDisplayPowerStateLocked: mScreenBrightnessModeSetting=0, autoBrightness=false, AALFunction=2, screenAutoBrightnessAdjustment=0.0, screenBrightness=153
03-02 16:04:10.589996   741   831 D PowerManagerDisplayController: requestPowerState: screenState=2, useProximitySensor=false, forceProximitySensorEnable=false, forceWakeUpEnable=false, screenBrightness=153, screenAutoBrightnessAdjustment=0.0, useAutoBrightness=false, AALFunction=2, blockScreenOn=false, waitForNegativeProximity=false
03-02 16:04:10.590012   741   831 I PowerManagerService: setBrightness mButtonLight 0.
03-02 16:04:10.590047   741   831 D PowerManagerService: updateScreenStateLocked: mDisplayReady=true, newScreenState=2, mWakefulness=1, mWakeLockSummary=0x0, mUserActivitySummary=0x1, mBootCompleted=true
03-02 16:04:10.590166   741   828 D PowerManagerService: handleSandman: canDream=true, mWakefulness=Awake
03-02 16:04:11.263228   741   831 D PowerManagerService: userActivityFromNative
03-02 16:04:11.263274   741   831 D PowerManagerService: userActivityNoUpdateLocked: eventTime=9408968, event=2, flags=0x0, uid=1000
03-02 16:04:11.263295   741   831 D PowerManagerNotifier: onUserActivity: event=2, uid=1000
03-02 16:04:11.263429   741   831 D PowerManagerService: updateUserActivitySummaryLocked: mWakefulness=Awake, mUserActivitySummary=0x1, nextTimeout=9432968 (in 24000 ms)
03-02 16:04:11.263463   741   831 D PowerManagerService: newScreenState = 2
03-02 16:04:11.263509   741   831 D PowerManagerService: updateDisplayPowerStateLocked: mScreenBrightnessModeSetting=0, autoBrightness=false, AALFunction=2, screenAutoBrightnessAdjustment=0.0, screenBrightness=153
03-02 16:04:11.263566   741   831 D PowerManagerDisplayController: requestPowerState: screenState=2, useProximitySensor=false, forceProximitySensorEnable=false, forceWakeUpEnable=false, screenBrightness=153, screenAutoBrightnessAdjustment=0.0, useAutoBrightness=false, AALFunction=2, blockScreenOn=false, waitForNegativeProximity=false
03-02 16:04:11.263582   741   831 I PowerManagerService: setBrightness mButtonLight 0.
03-02 16:04:11.263616   741   831 D PowerManagerService: updateScreenStateLocked: mDisplayReady=true, newScreenState=2, mWakefulness=1, mWakeLockSummary=0x0, mUserActivitySummary=0x1, mBootCompleted=true
03-02 16:04:11.263740   741   828 D PowerManagerService: handleSandman: canDream=true, mWakefulness=Awake
03-02 16:04:11.439754   741   741 V ActivityManager: Broadcast sticky: Intent { act=android.intent.action.BATTERY_CHANGED flg=0x60000010 (has extras) } ordered=false userid=-1 callerApp=null
03-02 16:04:11.442903   741   828 D PowerManagerService: updateIsPoweredLocked: wasPowered=false, mIsPowered=false, oldPlugType=0, mPlugType=0, mBatteryLevel=70
03-02 16:04:11.445019   741   756 V AlarmManager: isAlarmNeedAlign : screen on, Skip
03-02 16:04:11.445218   741   756 V AlarmManager: isAlarmNeedAlign : screen on, Skip
03-02 16:04:11.445358   741   828 D PowerManagerService: handleSandman: canDream=true, mWakefulness=Awake
03-02 16:04:11.445628   741   756 V AlarmManager: isAlarmNeedAlign : screen on, Skip
03-02 16:04:11.445675   741   756 V AlarmManager: isAlarmNeedAlign : screen on, Skip
03-02 16:04:11.446143   741   756 V AlarmManager: isAlarmNeedAlign : screen on, Skip
03-02 16:04:11.446209   741   756 V AlarmManager: isAlarmNeedAlign : screen on, Skip
03-02 16:04:11.446489   741   756 V AlarmManager: isAlarmNeedAlign : screen on, Skip
03-02 16:04:11.446623   741   756 V AlarmManager: isAlarmNeedAlign : screen on, Skip
03-02 16:04:11.447048   741   741 D WifiService: onReceive, action:android.intent.action.BATTERY_CHANGED
03-02 16:04:11.447117   741   756 V AlarmManager: isAlarmNeedAlign : screen on, Skip
03-02 16:04:11.447165   741   756 V AlarmManager: isAlarmNeedAlign : screen on, Skip
03-02 16:04:11.447202   741   741 D UsbDeviceManager: onReceive - BATTERY_CHANGED - mPlugType: 0, mSettingUsbCharging: false, mConnected: false, mSettingUsbBicr: false
03-02 16:04:11.447243   741   756 V AlarmManager: isAlarmNeedAlign : screen on, Skip
03-02 16:04:11.447293   741   756 V AlarmManager: isAlarmNeedAlign : screen on, Skip
03-02 16:04:11.447613   741   842 D WifiController: ApStaDisabledState{ when=0 what=155652 target=com.android.internal.util.StateMachine$SmHandler target=Handler (com.android.internal.util.StateMachine$SmHandler) {429f79d0} }
03-02 16:04:11.447686   741   842 D WifiController: DefaultState{ when=-1ms what=155652 target=com.android.internal.util.StateMachine$SmHandler target=Handler (com.android.internal.util.StateMachine$SmHandler) {429f79d0} }
03-02 16:04:11.447710   741   842 D WifiController: battery changed pluggedType: 0
03-02 16:04:11.447886   741   756 V AlarmManager: isAlarmNeedAlign : screen on, Skip
03-02 16:04:11.447941   741   756 V AlarmManager: isAlarmNeedAlign : screen on, Skip
03-02 16:04:11.448121   741   756 V AlarmManager: isAlarmNeedAlign : screen on, Skip
03-02 16:04:11.448178   741   756 V AlarmManager: isAlarmNeedAlign : screen on, Skip
03-02 16:04:11.448238   741   756 V AlarmManager: isAlarmNeedAlign : screen on, Skip
03-02 16:04:11.448295   741   756 V AlarmManager: isAlarmNeedAlign : screen on, Skip
03-02 16:04:11.448393   741   756 V AlarmManager: isAlarmNeedAlign : screen on, Skip
03-02 16:04:11.448500   741   756 V AlarmManager: isAlarmNeedAlign : screen on, Skip
03-02 16:04:11.448561   741   756 V AlarmManager: isAlarmNeedAlign : screen on, Skip
03-02 16:04:11.448718   741   756 V AlarmManager: isAlarmNeedAlign : screen on, Skip
03-02 16:04:11.448978   741   756 V AlarmManager: isAlarmNeedAlign : screen on, Skip
03-02 16:04:11.449044   741   756 V AlarmManager: isAlarmNeedAlign : screen on, Skip
03-02 16:04:11.449111   741   756 V AlarmManager: isAlarmNeedAlign : screen on, Skip
03-02 16:04:11.449180   741   756 V AlarmManager: isAlarmNeedAlign : screen on, Skip
03-02 16:04:11.449248   741   756 V AlarmManager: isAlarmNeedAlign : screen on, Skip
03-02 16:04:11.449315   741   756 V AlarmManager: isAlarmNeedAlign : screen on, Skip
03-02 16:04:11.866666   741   831 D PowerManagerService: userActivityFromNative
03-02 16:04:11.866716   741   831 D PowerManagerService: userActivityNoUpdateLocked: eventTime=9409571, event=2, flags=0x0, uid=1000
03-02 16:04:11.866753   741   831 D PowerManagerNotifier: onUserActivity: event=2, uid=1000
03-02 16:04:11.866892   741   831 D PowerManagerService: updateUserActivitySummaryLocked: mWakefulness=Awake, mUserActivitySummary=0x1, nextTimeout=9433571 (in 23999 ms)
03-02 16:04:11.866926   741   831 D PowerManagerService: newScreenState = 2
03-02 16:04:11.866971   741   831 D PowerManagerService: updateDisplayPowerStateLocked: mScreenBrightnessModeSetting=0, autoBrightness=false, AALFunction=2, screenAutoBrightnessAdjustment=0.0, screenBrightness=153
03-02 16:04:11.867046   741   831 D PowerManagerDisplayController: requestPowerState: screenState=2, useProximitySensor=false, forceProximitySensorEnable=false, forceWakeUpEnable=false, screenBrightness=153, screenAutoBrightnessAdjustment=0.0, useAutoBrightness=false, AALFunction=2, blockScreenOn=false, waitForNegativeProximity=false
03-02 16:04:11.867062   741   831 I PowerManagerService: setBrightness mButtonLight 0.
03-02 16:04:11.867096   741   831 D PowerManagerService: updateScreenStateLocked: mDisplayReady=true, newScreenState=2, mWakefulness=1, mWakeLockSummary=0x0, mUserActivitySummary=0x1, mBootCompleted=true
03-02 16:04:11.867141   741   828 D PowerManagerService: handleSandman: canDream=true, mWakefulness=Awake
03-02 16:04:12.460001   741   831 D PowerManagerService: userActivityFromNative
03-02 16:04:12.460052   741   831 D PowerManagerService: userActivityNoUpdateLocked: eventTime=9410164, event=2, flags=0x0, uid=1000
03-02 16:04:12.460073   741   831 D PowerManagerNotifier: onUserActivity: event=2, uid=1000
03-02 16:04:12.460211   741   831 D PowerManagerService: updateUserActivitySummaryLocked: mWakefulness=Awake, mUserActivitySummary=0x1, nextTimeout=9434164 (in 23999 ms)
03-02 16:04:12.460252   741   831 D PowerManagerService: newScreenState = 2
03-02 16:04:12.460298   741   831 D PowerManagerService: updateDisplayPowerStateLocked: mScreenBrightnessModeSetting=0, autoBrightness=false, AALFunction=2, screenAutoBrightnessAdjustment=0.0, screenBrightness=153
03-02 16:04:12.460353   741   831 D PowerManagerDisplayController: requestPowerState: screenState=2, useProximitySensor=false, forceProximitySensorEnable=false, forceWakeUpEnable=false, screenBrightness=153, screenAutoBrightnessAdjustment=0.0, useAutoBrightness=false, AALFunction=2, blockScreenOn=false, waitForNegativeProximity=false
03-02 16:04:12.460368   741   831 I PowerManagerService: setBrightness mButtonLight 0.
03-02 16:04:12.460401   741   831 D PowerManagerService: updateScreenStateLocked: mDisplayReady=true, newScreenState=2, mWakefulness=1, mWakeLockSummary=0x0, mUserActivitySummary=0x1, mBootCompleted=true
03-02 16:04:12.460443   741   828 D PowerManagerService: handleSandman: canDream=true, mWakefulness=Awake
03-02 16:04:13.063277   741   831 D PowerManagerService: userActivityFromNative
03-02 16:04:13.063327   741   831 D PowerManagerService: userActivityNoUpdateLocked: eventTime=9410768, event=2, flags=0x0, uid=1000
03-02 16:04:13.063347   741   831 D PowerManagerNotifier: onUserActivity: event=2, uid=1000
03-02 16:04:13.063484   741   831 D PowerManagerService: updateUserActivitySummaryLocked: mWakefulness=Awake, mUserActivitySummary=0x1, nextTimeout=9434768 (in 24000 ms)
03-02 16:04:13.063573   741   831 D PowerManagerService: newScreenState = 2
03-02 16:04:13.063619   741   831 D PowerManagerService: updateDisplayPowerStateLocked: mScreenBrightnessModeSetting=0, autoBrightness=false, AALFunction=2, screenAutoBrightnessAdjustment=0.0, screenBrightness=153
03-02 16:04:13.063672   741   831 D PowerManagerDisplayController: requestPowerState: screenState=2, useProximitySensor=false, forceProximitySensorEnable=false, forceWakeUpEnable=false, screenBrightness=153, screenAutoBrightnessAdjustment=0.0, useAutoBrightness=false, AALFunction=2, blockScreenOn=false, waitForNegativeProximity=false
03-02 16:04:13.063689   741   831 I PowerManagerService: setBrightness mButtonLight 0.
03-02 16:04:13.063725   741   831 D PowerManagerService: updateScreenStateLocked: mDisplayReady=true, newScreenState=2, mWakefulness=1, mWakeLockSummary=0x0, mUserActivitySummary=0x1, mBootCompleted=true
03-02 16:04:13.063773   741   828 D PowerManagerService: handleSandman: canDream=true, mWakefulness=Awake
03-02 16:04:13.696862   741   831 D PowerManagerService: userActivityFromNative
03-02 16:04:13.696912   741   831 D PowerManagerService: userActivityNoUpdateLocked: eventTime=9411401, event=2, flags=0x0, uid=1000
03-02 16:04:13.696933   741   831 D PowerManagerNotifier: onUserActivity: event=2, uid=1000
03-02 16:04:13.697068   741   831 D PowerManagerService: updateUserActivitySummaryLocked: mWakefulness=Awake, mUserActivitySummary=0x1, nextTimeout=9435401 (in 23999 ms)
03-02 16:04:13.697100   741   831 D PowerManagerService: newScreenState = 2
03-02 16:04:13.697146   741   831 D PowerManagerService: updateDisplayPowerStateLocked: mScreenBrightnessModeSetting=0, autoBrightness=false, AALFunction=2, screenAutoBrightnessAdjustment=0.0, screenBrightness=153
03-02 16:04:13.697202   741   831 D PowerManagerDisplayController: requestPowerState: screenState=2, useProximitySensor=false, forceProximitySensorEnable=false, forceWakeUpEnable=false, screenBrightness=153, screenAutoBrightnessAdjustment=0.0, useAutoBrightness=false, AALFunction=2, blockScreenOn=false, waitForNegativeProximity=false
03-02 16:04:13.697219   741   831 I PowerManagerService: setBrightness mButtonLight 0.
03-02 16:04:13.697252   741   831 D PowerManagerService: updateScreenStateLocked: mDisplayReady=true, newScreenState=2, mWakefulness=1, mWakeLockSummary=0x0, mUserActivitySummary=0x1, mBootCompleted=true
03-02 16:04:13.697372   741   828 D PowerManagerService: handleSandman: canDream=true, mWakefulness=Awake
03-02 16:04:14.390547   741   831 D PowerManagerService: userActivityFromNative
03-02 16:04:14.390595   741   831 D PowerManagerService: userActivityNoUpdateLocked: eventTime=9412095, event=2, flags=0x0, uid=1000
03-02 16:04:14.390615   741   831 D PowerManagerNotifier: onUserActivity: event=2, uid=1000
03-02 16:04:14.390753   741   831 D PowerManagerService: updateUserActivitySummaryLocked: mWakefulness=Awake, mUserActivitySummary=0x1, nextTimeout=9436095 (in 23999 ms)
03-02 16:04:14.390785   741   831 D PowerManagerService: newScreenState = 2
03-02 16:04:14.390830   741   831 D PowerManagerService: updateDisplayPowerStateLocked: mScreenBrightnessModeSetting=0, autoBrightness=false, AALFunction=2, screenAutoBrightnessAdjustment=0.0, screenBrightness=153
03-02 16:04:14.390886   741   831 D PowerManagerDisplayController: requestPowerState: screenState=2, useProximitySensor=false, forceProximitySensorEnable=false, forceWakeUpEnable=false, screenBrightness=153, screenAutoBrightnessAdjustment=0.0, useAutoBrightness=false, AALFunction=2, blockScreenOn=false, waitForNegativeProximity=false
03-02 16:04:14.390902   741   831 I PowerManagerService: setBrightness mButtonLight 0.
03-02 16:04:14.390936   741   831 D PowerManagerService: updateScreenStateLocked: mDisplayReady=true, newScreenState=2, mWakefulness=1, mWakeLockSummary=0x0, mUserActivitySummary=0x1, mBootCompleted=true
03-02 16:04:14.391058   741   828 D PowerManagerService: handleSandman: canDream=true, mWakefulness=Awake
03-02 16:04:15.094274   741   831 D PowerManagerService: userActivityFromNative
03-02 16:04:15.094323   741   831 D PowerManagerService: userActivityNoUpdateLocked: eventTime=9412799, event=2, flags=0x0, uid=1000
03-02 16:04:15.094342   741   831 D PowerManagerNotifier: onUserActivity: event=2, uid=1000
03-02 16:04:15.094479   741   831 D PowerManagerService: updateUserActivitySummaryLocked: mWakefulness=Awake, mUserActivitySummary=0x1, nextTimeout=9436799 (in 24000 ms)
03-02 16:04:15.094512   741   831 D PowerManagerService: newScreenState = 2
03-02 16:04:15.094600   741   831 D PowerManagerService: updateDisplayPowerStateLocked: mScreenBrightnessModeSetting=0, autoBrightness=false, AALFunction=2, screenAutoBrightnessAdjustment=0.0, screenBrightness=153
03-02 16:04:15.094652   741   831 D PowerManagerDisplayController: requestPowerState: screenState=2, useProximitySensor=false, forceProximitySensorEnable=false, forceWakeUpEnable=false, screenBrightness=153, screenAutoBrightnessAdjustment=0.0, useAutoBrightness=false, AALFunction=2, blockScreenOn=false, waitForNegativeProximity=false
03-02 16:04:15.094668   741   831 I PowerManagerService: setBrightness mButtonLight 0.
03-02 16:04:15.094702   741   831 D PowerManagerService: updateScreenStateLocked: mDisplayReady=true, newScreenState=2, mWakefulness=1, mWakeLockSummary=0x0, mUserActivitySummary=0x1, mBootCompleted=true
03-02 16:04:15.094808   741   828 D PowerManagerService: handleSandman: canDream=true, mWakefulness=Awake
03-02 16:04:15.778127   741   831 D PowerManagerService: userActivityFromNative
03-02 16:04:15.778174   741   831 D PowerManagerService: userActivityNoUpdateLocked: eventTime=9413482, event=2, flags=0x0, uid=1000
03-02 16:04:15.778197   741   831 D PowerManagerNotifier: onUserActivity: event=2, uid=1000
03-02 16:04:15.778332   741   831 D PowerManagerService: updateUserActivitySummaryLocked: mWakefulness=Awake, mUserActivitySummary=0x1, nextTimeout=9437482 (in 23999 ms)
03-02 16:04:15.778366   741   831 D PowerManagerService: newScreenState = 2
03-02 16:04:15.778411   741   831 D PowerManagerService: updateDisplayPowerStateLocked: mScreenBrightnessModeSetting=0, autoBrightness=false, AALFunction=2, screenAutoBrightnessAdjustment=0.0, screenBrightness=153
03-02 16:04:15.778463   741   831 D PowerManagerDisplayController: requestPowerState: screenState=2, useProximitySensor=false, forceProximitySensorEnable=false, forceWakeUpEnable=false, screenBrightness=153, screenAutoBrightnessAdjustment=0.0, useAutoBrightness=false, AALFunction=2, blockScreenOn=false, waitForNegativeProximity=false
03-02 16:04:15.778484   741   831 I PowerManagerService: setBrightness mButtonLight 0.
03-02 16:04:15.778517   741   831 D PowerManagerService: updateScreenStateLocked: mDisplayReady=true, newScreenState=2, mWakefulness=1, mWakeLockSummary=0x0, mUserActivitySummary=0x1, mBootCompleted=true
03-02 16:04:15.778639   741   828 D PowerManagerService: handleSandman: canDream=true, mWakefulness=Awake
03-02 16:04:15.841132   741   752 D ActivityManager: getContentProviderImpl: from caller=android.app.ApplicationThreadProxy@42c4b778 (pid=1043, userId=0) to get content provider ipprovider cpr=ContentProviderRecord{42db4aa8 u0 com.movial.ipprovider/.IPPhoneProvider}
03-02 16:04:15.841259   741   752 D ActivityManager: getContentProviderImpl: updateLruProcessLocked cpr.proc=ProcessRecord{42db4c40 8437:com.movial.ipprovider/u0a85}
03-02 16:04:15.844499  1043  1430 D ActivityThread: hoder:android.app.IActivityManager$ContentProviderHolder@428bab10,provider,holder.Provider:android.content.ContentProviderProxy@425a2cc0
03-02 16:04:15.854342   741   969 D ConnectivityService: getMobileDataEnabled returning true
03-02 16:04:16.451897   741   831 D PowerManagerService: userActivityFromNative
03-02 16:04:16.451947   741   831 D PowerManagerService: userActivityNoUpdateLocked: eventTime=9414156, event=2, flags=0x0, uid=1000
03-02 16:04:16.451968   741   831 D PowerManagerNotifier: onUserActivity: event=2, uid=1000
03-02 16:04:16.452107   741   831 D PowerManagerService: updateUserActivitySummaryLocked: mWakefulness=Awake, mUserActivitySummary=0x1, nextTimeout=9438156 (in 23999 ms)
03-02 16:04:16.452141   741   831 D PowerManagerService: newScreenState = 2
03-02 16:04:16.452186   741   831 D PowerManagerService: updateDisplayPowerStateLocked: mScreenBrightnessModeSetting=0, autoBrightness=false, AALFunction=2, screenAutoBrightnessAdjustment=0.0, screenBrightness=153
03-02 16:04:16.452238   741   831 D PowerManagerDisplayController: requestPowerState: screenState=2, useProximitySensor=false, forceProximitySensorEnable=false, forceWakeUpEnable=false, screenBrightness=153, screenAutoBrightnessAdjustment=0.0, useAutoBrightness=false, AALFunction=2, blockScreenOn=false, waitForNegativeProximity=false
03-02 16:04:16.452255   741   831 I PowerManagerService: setBrightness mButtonLight 0.
03-02 16:04:16.452290   741   831 D PowerManagerService: updateScreenStateLocked: mDisplayReady=true, newScreenState=2, mWakefulness=1, mWakeLockSummary=0x0, mUserActivitySummary=0x1, mBootCompleted=true
03-02 16:04:16.452391   741   828 D PowerManagerService: handleSandman: canDream=true, mWakefulness=Awake
03-02 16:04:17.105505   741   831 D PowerManagerService: userActivityFromNative
03-02 16:04:17.105554   741   831 D PowerManagerService: userActivityNoUpdateLocked: eventTime=9414810, event=2, flags=0x0, uid=1000
03-02 16:04:17.105574   741   831 D PowerManagerNotifier: onUserActivity: event=2, uid=1000
03-02 16:04:17.105709   741   831 D PowerManagerService: updateUserActivitySummaryLocked: mWakefulness=Awake, mUserActivitySummary=0x1, nextTimeout=9438810 (in 23999 ms)
03-02 16:04:17.105742   741   831 D PowerManagerService: newScreenState = 2
03-02 16:04:17.105788   741   831 D PowerManagerService: updateDisplayPowerStateLocked: mScreenBrightnessModeSetting=0, autoBrightness=false, AALFunction=2, screenAutoBrightnessAdjustment=0.0, screenBrightness=153
03-02 16:04:17.105842   741   831 D PowerManagerDisplayController: requestPowerState: screenState=2, useProximitySensor=false, forceProximitySensorEnable=false, forceWakeUpEnable=false, screenBrightness=153, screenAutoBrightnessAdjustment=0.0, useAutoBrightness=false, AALFunction=2, blockScreenOn=false, waitForNegativeProximity=false
03-02 16:04:17.105859   741   831 I PowerManagerService: setBrightness mButtonLight 0.
03-02 16:04:17.105892   741   831 D PowerManagerService: updateScreenStateLocked: mDisplayReady=true, newScreenState=2, mWakefulness=1, mWakeLockSummary=0x0, mUserActivitySummary=0x1, mBootCompleted=true
03-02 16:04:17.105935   741   828 D PowerManagerService: handleSandman: canDream=true, mWakefulness=Awake
03-02 16:04:17.503031   741  8714 V ActivityManager: Broadcast sticky: Intent { act=android.intent.action.SIG_STR flg=0x20000010 (has extras) } ordered=false userid=-1 callerApp=ProcessRecord{42897388 741:system/1000}
03-02 16:04:17.506443   741  1056 V AlarmManager: isAlarmNeedAlign : screen on, Skip
03-02 16:04:17.506650   741  1056 V AlarmManager: isAlarmNeedAlign : screen on, Skip
03-02 16:04:17.506726   741  1056 V AlarmManager: isAlarmNeedAlign : screen on, Skip
03-02 16:04:17.506764   741  1056 V AlarmManager: isAlarmNeedAlign : screen on, Skip
03-02 16:04:17.506813   741  1056 V AlarmManager: isAlarmNeedAlign : screen on, Skip
03-02 16:04:17.506969   741  1056 V AlarmManager: isAlarmNeedAlign : screen on, Skip
03-02 16:04:17.507095   741  1056 V AlarmManager: isAlarmNeedAlign : screen on, Skip
03-02 16:04:17.507158   741  1056 V AlarmManager: isAlarmNeedAlign : screen on, Skip
03-02 16:04:17.507308   741  1056 V AlarmManager: isAlarmNeedAlign : screen on, Skip
03-02 16:04:17.507351   741  1056 V AlarmManager: isAlarmNeedAlign : screen on, Skip
03-02 16:04:17.507451   741  1056 V AlarmManager: isAlarmNeedAlign : screen on, Skip
03-02 16:04:17.507499   741  1056 V AlarmManager: isAlarmNeedAlign : screen on, Skip
03-02 16:04:17.507774   741  1056 V AlarmManager: isAlarmNeedAlign : screen on, Skip
03-02 16:04:17.507826   741  1056 V AlarmManager: isAlarmNeedAlign : screen on, Skip
03-02 16:04:17.507999   741  1056 V AlarmManager: isAlarmNeedAlign : screen on, Skip
03-02 16:04:17.508054   741  1056 V AlarmManager: isAlarmNeedAlign : screen on, Skip
03-02 16:04:17.508113   741  1056 V AlarmManager: isAlarmNeedAlign : screen on, Skip
03-02 16:04:17.508168   741  1056 V AlarmManager: isAlarmNeedAlign : screen on, Skip
03-02 16:04:17.508264   741  1056 V AlarmManager: isAlarmNeedAlign : screen on, Skip
03-02 16:04:17.508371   741  1056 V AlarmManager: isAlarmNeedAlign : screen on, Skip
03-02 16:04:17.508430   741  1056 V AlarmManager: isAlarmNeedAlign : screen on, Skip
03-02 16:04:17.508577   741  1056 V AlarmManager: isAlarmNeedAlign : screen on, Skip
03-02 16:04:17.508906   741  1056 V AlarmManager: isAlarmNeedAlign : screen on, Skip
03-02 16:04:17.509015   741  1056 V AlarmManager: isAlarmNeedAlign : screen on, Skip
03-02 16:04:17.509084   741  1056 V AlarmManager: isAlarmNeedAlign : screen on, Skip
03-02 16:04:17.509150   741  1056 V AlarmManager: isAlarmNeedAlign : screen on, Skip
03-02 16:04:17.509216   741  1056 V AlarmManager: isAlarmNeedAlign : screen on, Skip
03-02 16:04:17.509284   741  1056 V AlarmManager: isAlarmNeedAlign : screen on, Skip
03-02 16:04:17.779224   741   831 D PowerManagerService: userActivityFromNative
03-02 16:04:17.779293   741   831 D PowerManagerService: userActivityNoUpdateLocked: eventTime=9415484, event=2, flags=0x0, uid=1000
03-02 16:04:17.779320   741   831 D PowerManagerNotifier: onUserActivity: event=2, uid=1000
03-02 16:04:17.779462   741   831 D PowerManagerService: updateUserActivitySummaryLocked: mWakefulness=Awake, mUserActivitySummary=0x1, nextTimeout=9439484 (in 24000 ms)
03-02 16:04:17.779506   741   831 D PowerManagerService: newScreenState = 2
03-02 16:04:17.779562   741   831 D PowerManagerService: updateDisplayPowerStateLocked: mScreenBrightnessModeSetting=0, autoBrightness=false, AALFunction=2, screenAutoBrightnessAdjustment=0.0, screenBrightness=153
03-02 16:04:17.779623   741   831 D PowerManagerDisplayController: requestPowerState: screenState=2, useProximitySensor=false, forceProximitySensorEnable=false, forceWakeUpEnable=false, screenBrightness=153, screenAutoBrightnessAdjustment=0.0, useAutoBrightness=false, AALFunction=2, blockScreenOn=false, waitForNegativeProximity=false
03-02 16:04:17.779649   741   831 I PowerManagerService: setBrightness mButtonLight 0.
03-02 16:04:17.779687   741   831 D PowerManagerService: updateScreenStateLocked: mDisplayReady=true, newScreenState=2, mWakefulness=1, mWakeLockSummary=0x0, mUserActivitySummary=0x1, mBootCompleted=true
03-02 16:04:17.779911   741   828 D PowerManagerService: handleSandman: canDream=true, mWakefulness=Awake
03-02 16:04:18.452897   741   831 D PowerManagerService: userActivityFromNative
03-02 16:04:18.452945   741   831 D PowerManagerService: userActivityNoUpdateLocked: eventTime=9416157, event=2, flags=0x0, uid=1000
03-02 16:04:18.452981   741   831 D PowerManagerNotifier: onUserActivity: event=2, uid=1000
03-02 16:04:18.453124   741   831 D PowerManagerService: updateUserActivitySummaryLocked: mWakefulness=Awake, mUserActivitySummary=0x1, nextTimeout=9440157 (in 23999 ms)
03-02 16:04:18.453157   741   831 D PowerManagerService: newScreenState = 2
03-02 16:04:18.453202   741   831 D PowerManagerService: updateDisplayPowerStateLocked: mScreenBrightnessModeSetting=0, autoBrightness=false, AALFunction=2, screenAutoBrightnessAdjustment=0.0, screenBrightness=153
03-02 16:04:18.453277   741   831 D PowerManagerDisplayController: requestPowerState: screenState=2, useProximitySensor=false, forceProximitySensorEnable=false, forceWakeUpEnable=false, screenBrightness=153, screenAutoBrightnessAdjustment=0.0, useAutoBrightness=false, AALFunction=2, blockScreenOn=false, waitForNegativeProximity=false
03-02 16:04:18.453294   741   831 I PowerManagerService: setBrightness mButtonLight 0.
03-02 16:04:18.453329   741   831 D PowerManagerService: updateScreenStateLocked: mDisplayReady=true, newScreenState=2, mWakefulness=1, mWakeLockSummary=0x0, mUserActivitySummary=0x1, mBootCompleted=true
