----- timezone:GMT
03-02 16:03:16.120667   741   831 D PowerManagerService: updateDisplayPowerStateLocked: mScreenBrightnessModeSetting=0, autoBrightness=false, AALFunction=2, screenAutoBrightnessAdjustment=0.0, screenBrightness=153
03-02 16:03:16.120750   741   831 D PowerManagerDisplayController: requestPowerState: screenState=2, useProximitySensor=false, forceProximitySensorEnable=false, forceWakeUpEnable=false, screenBrightness=153, screenAutoBrightnessAdjustment=0.0, useAutoBrightness=false, AALFunction=2, blockScreenOn=false, waitForNegativeProximity=false
03-02 16:03:16.120766   741   831 I PowerManagerService: setBrightness mButtonLight 0.
03-02 16:03:16.120801   741   831 D PowerManagerService: updateScreenStateLocked: mDisplayReady=true, newScreenState=2, mWakefulness=1, mWakeLockSummary=0x0, mUserActivitySummary=0x1, mBootCompleted=true
03-02 16:03:16.120876   741   828 D PowerManagerService: handleSandman: canDream=true, mWakefulness=Awake
03-02 16:03:16.723389   741   831 D PowerManagerService: userActivityFromNative
03-02 16:03:16.723438   741   831 D PowerManagerService: userActivityNoUpdateLocked: eventTime=9354428, event=2, flags=0x0, uid=1000
03-02 16:03:16.723459   741   831 D PowerManagerNotifier: onUserActivity: event=2, uid=1000
03-02 16:03:16.723599   741   831 D PowerManagerService: updateUserActivitySummaryLocked: mWakefulness=Awake, mUserActivitySummary=0x1, nextTimeout=9378428 (in 23999 ms)
03-02 16:03:16.723632   741   831 D PowerManagerService: newScreenState = 2
03-02 16:03:16.723680   741   831 D PowerManagerService: updateDisplayPowerStateLocked: mScreenBrightnessModeSetting=0, autoBrightness=false, AALFunction=2, screenAutoBrightnessAdjustment=0.0, screenBrightness=153
03-02 16:03:16.723742   741   831 D PowerManagerDisplayController: requestPowerState: screenState=2, useProximitySensor=false, forceProximitySensorEnable=false, forceWakeUpEnable=false, screenBrightness=153, screenAutoBrightnessAdjustment=0.0, useAutoBrightness=false, AALFunction=2, blockScreenOn=false, waitForNegativeProximity=false
03-02 16:03:16.723758   741   831 I PowerManagerService: setBrightness mButtonLight 0.
03-02 16:03:16.723799   741   831 D PowerManagerService: updateScreenStateLocked: mDisplayReady=true, newScreenState=2, mWakefulness=1, mWakeLockSummary=0x0, mUserActivitySummary=0x1, mBootCompleted=true
03-02 16:03:16.723848   741   828 D PowerManagerService: handleSandman: canDream=true, mWakefulness=Awake
03-02 16:03:17.336432   741   831 D PowerManagerService: userActivityFromNative
03-02 16:03:17.336481   741   831 D PowerManagerService: userActivityNoUpdateLocked: eventTime=9355041, event=2, flags=0x0, uid=1000
03-02 16:03:17.336502   741   831 D PowerManagerNotifier: onUserActivity: event=2, uid=1000
03-02 16:03:17.336642   741   831 D PowerManagerService: updateUserActivitySummaryLocked: mWakefulness=Awake, mUserActivitySummary=0x1, nextTimeout=9379041 (in 23999 ms)
03-02 16:03:17.336674   741   831 D PowerManagerService: newScreenState = 2
03-02 16:03:17.336722   741   831 D PowerManagerService: updateDisplayPowerStateLocked: mScreenBrightnessModeSetting=0, autoBrightness=false, AALFunction=2, screenAutoBrightnessAdjustment=0.0, screenBrightness=153
03-02 16:03:17.336783   741   831 D PowerManagerDisplayController: requestPowerState: screenState=2, useProximitySensor=false, forceProximitySensorEnable=false, forceWakeUpEnable=false, screenBrightness=153, screenAutoBrightnessAdjustment=0.0, useAutoBrightness=false, AALFunction=2, blockScreenOn=false, waitForNegativeProximity=false
03-02 16:03:17.336799   741   831 I PowerManagerService: setBrightness mButtonLight 0.
03-02 16:03:17.336835   741   831 D PowerManagerService: updateScreenStateLocked: mDisplayReady=true, newScreenState=2, mWakefulness=1, mWakeLockSummary=0x0, mUserActivitySummary=0x1, mBootCompleted=true
03-02 16:03:17.336916   741   828 D PowerManagerService: handleSandman: canDream=true, mWakefulness=Awake
03-02 16:03:17.969681   741   831 D PowerManagerService: userActivityFromNative
03-02 16:03:17.969730   741   831 D PowerManagerService: userActivityNoUpdateLocked: eventTime=9355674, event=2, flags=0x0, uid=1000
03-02 16:03:17.969751   741   831 D PowerManagerNotifier: onUserActivity: event=2, uid=1000
03-02 16:03:17.969888   741   831 D PowerManagerService: updateUserActivitySummaryLocked: mWakefulness=Awake, mUserActivitySummary=0x1, nextTimeout=9379674 (in 23999 ms)
03-02 16:03:17.969927   741   831 D PowerManagerService: newScreenState = 2
03-02 16:03:17.969976   741   831 D PowerManagerService: updateDisplayPowerStateLocked: mScreenBrightnessModeSetting=0, autoBrightness=false, AALFunction=2, screenAutoBrightnessAdjustment=0.0, screenBrightness=153
03-02 16:03:17.970037   741   831 D PowerManagerDisplayController: requestPowerState: screenState=2, useProximitySensor=false, forceProximitySensorEnable=false, forceWakeUpEnable=false, screenBrightness=153, screenAutoBrightnessAdjustment=0.0, useAutoBrightness=false, AALFunction=2, blockScreenOn=false, waitForNegativeProximity=false
03-02 16:03:17.970053   741   831 I PowerManagerService: setBrightness mButtonLight 0.
03-02 16:03:17.970089   741   831 D PowerManagerService: updateScreenStateLocked: mDisplayReady=true, newScreenState=2, mWakefulness=1, mWakeLockSummary=0x0, mUserActivitySummary=0x1, mBootCompleted=true
03-02 16:03:17.970132   741   828 D PowerManagerService: handleSandman: canDream=true, mWakefulness=Awake
03-02 16:03:18.623032   741  1084 V ActivityManager: Broadcast sticky: Intent { act=android.intent.action.SIG_STR flg=0x20000010 (has extras) } ordered=false userid=-1 callerApp=ProcessRecord{42897388 741:system/1000}
03-02 16:03:18.626167   741  8714 V AlarmManager: isAlarmNeedAlign : screen on, Skip
03-02 16:03:18.626405   741  8714 V AlarmManager: isAlarmNeedAlign : screen on, Skip
03-02 16:03:18.626473   741  8714 V AlarmManager: isAlarmNeedAlign : screen on, Skip
03-02 16:03:18.626530   741  8714 V AlarmManager: isAlarmNeedAlign : screen on, Skip
03-02 16:03:18.626565   741  8714 V AlarmManager: isAlarmNeedAlign : screen on, Skip
03-02 16:03:18.626699   741  8714 V AlarmManager: isAlarmNeedAlign : screen on, Skip
03-02 16:03:18.626828   741  8714 V AlarmManager: isAlarmNeedAlign : screen on, Skip
03-02 16:03:18.626893   741  8714 V AlarmManager: isAlarmNeedAlign : screen on, Skip
03-02 16:03:18.627074   741  8714 V AlarmManager: isAlarmNeedAlign : screen on, Skip
03-02 16:03:18.627118   741  8714 V AlarmManager: isAlarmNeedAlign : screen on, Skip
03-02 16:03:18.627193   741  8714 V AlarmManager: isAlarmNeedAlign : screen on, Skip
03-02 16:03:18.627242   741  8714 V AlarmManager: isAlarmNeedAlign : screen on, Skip
03-02 16:03:18.627523   741  8714 V AlarmManager: isAlarmNeedAlign : screen on, Skip
03-02 16:03:18.627576   741  8714 V AlarmManager: isAlarmNeedAlign : screen on, Skip
03-02 16:03:18.627804   741  8714 V AlarmManager: isAlarmNeedAlign : screen on, Skip
03-02 16:03:18.627979   741  8714 V AlarmManager: isAlarmNeedAlign : screen on, Skip
03-02 16:03:18.628042   741  8714 V AlarmManager: isAlarmNeedAlign : screen on, Skip
03-02 16:03:18.628100   741  8714 V AlarmManager: isAlarmNeedAlign : screen on, Skip
03-02 16:03:18.628245   741  8714 V AlarmManager: isAlarmNeedAlign : screen on, Skip
03-02 16:03:18.628354   741  8714 V AlarmManager: isAlarmNeedAlign : screen on, Skip
03-02 16:03:18.628415   741  8714 V AlarmManager: isAlarmNeedAlign : screen on, Skip
03-02 16:03:18.628573   741  8714 V AlarmManager: isAlarmNeedAlign : screen on, Skip
03-02 16:03:18.628837   741  8714 V AlarmManager: isAlarmNeedAlign : screen on, Skip
03-02 16:03:18.628903   741  8714 V AlarmManager: isAlarmNeedAlign : screen on, Skip
03-02 16:03:18.628972   741  8714 V AlarmManager: isAlarmNeedAlign : screen on, Skip
03-02 16:03:18.629039   741  8714 V AlarmManager: isAlarmNeedAlign : screen on, Skip
03-02 16:03:18.629108   741  8714 V AlarmManager: isAlarmNeedAlign : screen on, Skip
03-02 16:03:18.629171   741  8714 V AlarmManager: isAlarmNeedAlign : screen on, Skip
03-02 16:03:18.633173   741   831 D PowerManagerService: userActivityFromNative
03-02 16:03:18.633223   741   831 D PowerManagerService: userActivityNoUpdateLocked: eventTime=9356338, event=2, flags=0x0, uid=1000
03-02 16:03:18.633273   741   831 D PowerManagerNotifier: onUserActivity: event=2, uid=1000
03-02 16:03:18.633415   741   831 D PowerManagerService: updateUserActivitySummaryLocked: mWakefulness=Awake, mUserActivitySummary=0x1, nextTimeout=9380338 (in 24000 ms)
03-02 16:03:18.633456   741   831 D PowerManagerService: newScreenState = 2
03-02 16:03:18.633505   741   831 D PowerManagerService: updateDisplayPowerStateLocked: mScreenBrightnessModeSetting=0, autoBrightness=false, AALFunction=2, screenAutoBrightnessAdjustment=0.0, screenBrightness=153
03-02 16:03:18.633594   741   831 D PowerManagerDisplayController: requestPowerState: screenState=2, useProximitySensor=false, forceProximitySensorEnable=false, forceWakeUpEnable=false, screenBrightness=153, screenAutoBrightnessAdjustment=0.0, useAutoBrightness=false, AALFunction=2, blockScreenOn=false, waitForNegativeProximity=false
03-02 16:03:18.633611   741   831 I PowerManagerService: setBrightness mButtonLight 0.
03-02 16:03:18.633648   741   831 D PowerManagerService: updateScreenStateLocked: mDisplayReady=true, newScreenState=2, mWakefulness=1, mWakeLockSummary=0x0, mUserActivitySummary=0x1, mBootCompleted=true
03-02 16:03:18.633691   741   828 D PowerManagerService: handleSandman: canDream=true, mWakefulness=Awake
03-02 16:03:19.246357   741   831 D PowerManagerService: userActivityFromNative
03-02 16:03:19.246406   741   831 D PowerManagerService: userActivityNoUpdateLocked: eventTime=9356951, event=2, flags=0x0, uid=1000
03-02 16:03:19.246428   741   831 D PowerManagerNotifier: onUserActivity: event=2, uid=1000
03-02 16:03:19.246569   741   831 D PowerManagerService: updateUserActivitySummaryLocked: mWakefulness=Awake, mUserActivitySummary=0x1, nextTimeout=9380951 (in 24000 ms)
03-02 16:03:19.246608   741   831 D PowerManagerService: newScreenState = 2
03-02 16:03:19.246657   741   831 D PowerManagerService: updateDisplayPowerStateLocked: mScreenBrightnessModeSetting=0, autoBrightness=false, AALFunction=2, screenAutoBrightnessAdjustment=0.0, screenBrightness=153
03-02 16:03:19.246718   741   831 D PowerManagerDisplayController: requestPowerState: screenState=2, useProximitySensor=false, forceProximitySensorEnable=false, forceWakeUpEnable=false, screenBrightness=153, screenAutoBrightnessAdjustment=0.0, useAutoBrightness=false, AALFunction=2, blockScreenOn=false, waitForNegativeProximity=false
03-02 16:03:19.246734   741   831 I PowerManagerService: setBrightness mButtonLight 0.
03-02 16:03:19.246770   741   831 D PowerManagerService: updateScreenStateLocked: mDisplayReady=true, newScreenState=2, mWakefulness=1, mWakeLockSummary=0x0, mUserActivitySummary=0x1, mBootCompleted=true
03-02 16:03:19.246812   741   828 D PowerManagerService: handleSandman: canDream=true, mWakefulness=Awake
03-02 16:03:19.889584   741   831 D PowerManagerService: userActivityFromNative
03-02 16:03:19.889634   741   831 D PowerManagerService: userActivityNoUpdateLocked: eventTime=9357594, event=2, flags=0x0, uid=1000
03-02 16:03:19.889656   741   831 D PowerManagerNotifier: onUserActivity: event=2, uid=1000
03-02 16:03:19.889795   741   831 D PowerManagerService: updateUserActivitySummaryLocked: mWakefulness=Awake, mUserActivitySummary=0x1, nextTimeout=9381594 (in 23999 ms)
03-02 16:03:19.889828   741   831 D PowerManagerService: newScreenState = 2
03-02 16:03:19.889875   741   831 D PowerManagerService: updateDisplayPowerStateLocked: mScreenBrightnessModeSetting=0, autoBrightness=false, AALFunction=2, screenAutoBrightnessAdjustment=0.0, screenBrightness=153
03-02 16:03:19.889935   741   831 D PowerManagerDisplayController: requestPowerState: screenState=2, useProximitySensor=false, forceProximitySensorEnable=false, forceWakeUpEnable=false, screenBrightness=153, screenAutoBrightnessAdjustment=0.0, useAutoBrightness=false, AALFunction=2, blockScreenOn=false, waitForNegativeProximity=false
03-02 16:03:19.889951   741   831 I PowerManagerService: setBrightness mButtonLight 0.
03-02 16:03:19.889987   741   831 D PowerManagerService: updateScreenStateLocked: mDisplayReady=true, newScreenState=2, mWakefulness=1, mWakeLockSummary=0x0, mUserActivitySummary=0x1, mBootCompleted=true
03-02 16:03:19.890090   741   828 D PowerManagerService: handleSandman: canDream=true, mWakefulness=Awake
03-02 16:03:20.492688   741   831 D PowerManagerService: userActivityFromNative
03-02 16:03:20.492739   741   831 D PowerManagerService: userActivityNoUpdateLocked: eventTime=9358197, event=2, flags=0x0, uid=1000
03-02 16:03:20.492761   741   831 D PowerManagerNotifier: onUserActivity: event=2, uid=1000
03-02 16:03:20.492898   741   831 D PowerManagerService: updateUserActivitySummaryLocked: mWakefulness=Awake, mUserActivitySummary=0x1, nextTimeout=9382197 (in 23999 ms)
03-02 16:03:20.492936   741   831 D PowerManagerService: newScreenState = 2
03-02 16:03:20.492984   741   831 D PowerManagerService: updateDisplayPowerStateLocked: mScreenBrightnessModeSetting=0, autoBrightness=false, AALFunction=2, screenAutoBrightnessAdjustment=0.0, screenBrightness=153
03-02 16:03:20.493045   741   831 D PowerManagerDisplayController: requestPowerState: screenState=2, useProximitySensor=false, forceProximitySensorEnable=false, forceWakeUpEnable=false, screenBrightness=153, screenAutoBrightnessAdjustment=0.0, useAutoBrightness=false, AALFunction=2, blockScreenOn=false, waitForNegativeProximity=false
03-02 16:03:20.493060   741   831 I PowerManagerService: setBrightness mButtonLight 0.
03-02 16:03:20.493095   741   831 D PowerManagerService: updateScreenStateLocked: mDisplayReady=true, newScreenState=2, mWakefulness=1, mWakeLockSummary=0x0, mUserActivitySummary=0x1, mBootCompleted=true
03-02 16:03:20.493137   741   828 D PowerManagerService: handleSandman: canDream=true, mWakefulness=Awake
03-02 16:03:21.105699   741   831 D PowerManagerService: userActivityFromNative
03-02 16:03:21.105750   741   831 D PowerManagerService: userActivityNoUpdateLocked: eventTime=9358810, event=2, flags=0x0, uid=1000
03-02 16:03:21.105773   741   831 D PowerManagerNotifier: onUserActivity: event=2, uid=1000
03-02 16:03:21.105910   741   831 D PowerManagerService: updateUserActivitySummaryLocked: mWakefulness=Awake, mUserActivitySummary=0x1, nextTimeout=9382810 (in 23999 ms)
03-02 16:03:21.105949   741   831 D PowerManagerService: newScreenState = 2
03-02 16:03:21.105998   741   831 D PowerManagerService: updateDisplayPowerStateLocked: mScreenBrightnessModeSetting=0, autoBrightness=false, AALFunction=2, screenAutoBrightnessAdjustment=0.0, screenBrightness=153
03-02 16:03:21.106057   741   831 D PowerManagerDisplayController: requestPowerState: screenState=2, useProximitySensor=false, forceProximitySensorEnable=false, forceWakeUpEnable=false, screenBrightness=153, screenAutoBrightnessAdjustment=0.0, useAutoBrightness=false, AALFunction=2, blockScreenOn=false, waitForNegativeProximity=false
03-02 16:03:21.106074   741   831 I PowerManagerService: setBrightness mButtonLight 0.
03-02 16:03:21.106108   741   831 D PowerManagerService: updateScreenStateLocked: mDisplayReady=true, newScreenState=2, mWakefulness=1, mWakeLockSummary=0x0, mUserActivitySummary=0x1, mBootCompleted=true
03-02 16:03:21.106151   741   828 D PowerManagerService: handleSandman: canDream=true, mWakefulness=Awake
03-02 16:03:21.437195   741   741 V ActivityManager: Broadcast sticky: Intent { act=android.intent.action.BATTERY_CHANGED flg=0x60000010 (has extras) } ordered=false userid=-1 callerApp=null
03-02 16:03:21.439327   741   741 D WifiService: onReceive, action:android.intent.action.BATTERY_CHANGED
03-02 16:03:21.439477   741   741 D UsbDeviceManager: onReceive - BATTERY_CHANGED - mPlugType: 0, mSettingUsbCharging: false, mConnected: false, mSettingUsbBicr: false
03-02 16:03:21.439602   741   828 D PowerManagerService: updateIsPoweredLocked: wasPowered=false, mIsPowered=false, oldPlugType=0, mPlugType=0, mBatteryLevel=71
03-02 16:03:21.439726   741   842 D WifiController: ApStaDisabledState{ when=-1ms what=155652 target=com.android.internal.util.StateMachine$SmHandler target=Handler (com.android.internal.util.StateMachine$SmHandler) {429f79d0} }
03-02 16:03:21.440040   741   828 D PowerManagerService: handleSandman: canDream=true, mWakefulness=Awake
03-02 16:03:21.442213   741   842 D WifiController: DefaultState{ when=-3ms what=155652 target=com.android.internal.util.StateMachine$SmHandler target=Handler (com.android.internal.util.StateMachine$SmHandler) {429f79d0} }
03-02 16:03:21.442613   741   983 V AlarmManager: isAlarmNeedAlign : screen on, Skip
03-02 16:03:21.442801   741   983 V AlarmManager: isAlarmNeedAlign : screen on, Skip
03-02 16:03:21.442881   741   983 V AlarmManager: isAlarmNeedAlign : screen on, Skip
03-02 16:03:21.442924   741   983 V AlarmManager: isAlarmNeedAlign : screen on, Skip
03-02 16:03:21.442993   741   983 V AlarmManager: isAlarmNeedAlign : screen on, Skip
03-02 16:03:21.443041   741   983 V AlarmManager: isAlarmNeedAlign : screen on, Skip
03-02 16:03:21.443188   741   983 V AlarmManager: isAlarmNeedAlign : screen on, Skip
03-02 16:03:21.443331   741   983 V AlarmManager: isAlarmNeedAlign : screen on, Skip
03-02 16:03:21.443377   741   842 D WifiController: battery changed pluggedType: 0
03-02 16:03:21.443569   741   983 V AlarmManager: isAlarmNeedAlign : screen on, Skip
03-02 16:03:21.443979   741   983 V AlarmManager: isAlarmNeedAlign : screen on, Skip
03-02 16:03:21.444102   741   983 V AlarmManager: isAlarmNeedAlign : screen on, Skip
03-02 16:03:21.444169   741   983 V AlarmManager: isAlarmNeedAlign : screen on, Skip
03-02 16:03:21.444512   741   983 V AlarmManager: isAlarmNeedAlign : screen on, Skip
03-02 16:03:21.444659   741   983 V AlarmManager: isAlarmNeedAlign : screen on, Skip
03-02 16:03:21.444933   741   983 V AlarmManager: isAlarmNeedAlign : screen on, Skip
03-02 16:03:21.445281   741   983 V AlarmManager: isAlarmNeedAlign : screen on, Skip
03-02 16:03:21.445367   741   983 V AlarmManager: isAlarmNeedAlign : screen on, Skip
03-02 16:03:21.445439   741   983 V AlarmManager: isAlarmNeedAlign : screen on, Skip
03-02 16:03:21.445553   741   983 V AlarmManager: isAlarmNeedAlign : screen on, Skip
03-02 16:03:21.445674   741   983 V AlarmManager: isAlarmNeedAlign : screen on, Skip
03-02 16:03:21.445750   741   983 V AlarmManager: isAlarmNeedAlign : screen on, Skip
03-02 16:03:21.446013   741   983 V AlarmManager: isAlarmNeedAlign : screen on, Skip
03-02 16:03:21.446333   741   983 V AlarmManager: isAlarmNeedAlign : screen on, Skip
03-02 16:03:21.446415   741   983 V AlarmManager: isAlarmNeedAlign : screen on, Skip
03-02 16:03:21.446496   741   983 V AlarmManager: isAlarmNeedAlign : screen on, Skip
03-02 16:03:21.446577   741   983 V AlarmManager: isAlarmNeedAlign : screen on, Skip
03-02 16:03:21.446658   741   983 V AlarmManager: isAlarmNeedAlign : screen on, Skip
03-02 16:03:21.446739   741   983 V AlarmManager: isAlarmNeedAlign : screen on, Skip
03-02 16:03:22.060536   741   831 D PowerManagerService: userActivityFromNative
03-02 16:03:22.060586   741   831 D PowerManagerService: userActivityNoUpdateLocked: eventTime=9359765, event=2, flags=0x0, uid=1000
03-02 16:03:22.060623   741   831 D PowerManagerNotifier: onUserActivity: event=2, uid=1000
03-02 16:03:22.060764   741   831 D PowerManagerService: updateUserActivitySummaryLocked: mWakefulness=Awake, mUserActivitySummary=0x1, nextTimeout=9383765 (in 23999 ms)
03-02 16:03:22.060797   741   831 D PowerManagerService: newScreenState = 2
03-02 16:03:22.060845   741   831 D PowerManagerService: updateDisplayPowerStateLocked: mScreenBrightnessModeSetting=0, autoBrightness=false, AALFunction=2, screenAutoBrightnessAdjustment=0.0, screenBrightness=153
03-02 16:03:22.060923   741   831 D PowerManagerDisplayController: requestPowerState: screenState=2, useProximitySensor=false, forceProximitySensorEnable=false, forceWakeUpEnable=false, screenBrightness=153, screenAutoBrightnessAdjustment=0.0, useAutoBrightness=false, AALFunction=2, blockScreenOn=false, waitForNegativeProximity=false
03-02 16:03:22.060940   741   831 I PowerManagerService: setBrightness mButtonLight 0.
03-02 16:03:22.060977   741   831 D PowerManagerService: updateScreenStateLocked: mDisplayReady=true, newScreenState=2, mWakefulness=1, mWakeLockSummary=0x0, mUserActivitySummary=0x1, mBootCompleted=true
03-02 16:03:22.061012   741   828 D PowerManagerService: handleSandman: canDream=true, mWakefulness=Awake
03-02 16:03:22.562983   741   831 D PowerManagerService: userActivityFromNative
03-02 16:03:22.563038   741   831 D PowerManagerService: userActivityNoUpdateLocked: eventTime=9360268, event=2, flags=0x0, uid=1000
03-02 16:03:22.563066   741   831 D PowerManagerNotifier: onUserActivity: event=2, uid=1000
03-02 16:03:22.563207   741   831 D PowerManagerService: updateUserActivitySummaryLocked: mWakefulness=Awake, mUserActivitySummary=0x1, nextTimeout=9384268 (in 24000 ms)
03-02 16:03:22.563251   741   831 D PowerManagerService: newScreenState = 2
03-02 16:03:22.563304   741   831 D PowerManagerService: updateDisplayPowerStateLocked: mScreenBrightnessModeSetting=0, autoBrightness=false, AALFunction=2, screenAutoBrightnessAdjustment=0.0, screenBrightness=153
03-02 16:03:22.563369   741   831 D PowerManagerDisplayController: requestPowerState: screenState=2, useProximitySensor=false, forceProximitySensorEnable=false, forceWakeUpEnable=false, screenBrightness=153, screenAutoBrightnessAdjustment=0.0, useAutoBrightness=false, AALFunction=2, blockScreenOn=false, waitForNegativeProximity=false
03-02 16:03:22.563391   741   831 I PowerManagerService: setBrightness mButtonLight 0.
03-02 16:03:22.563430   741   831 D PowerManagerService: updateScreenStateLocked: mDisplayReady=true, newScreenState=2, mWakefulness=1, mWakeLockSummary=0x0, mUserActivitySummary=0x1, mBootCompleted=true
03-02 16:03:22.563480   741   828 D PowerManagerService: handleSandman: canDream=true, mWakefulness=Awake
03-02 16:03:23.116015   741   831 D PowerManagerService: userActivityFromNative
03-02 16:03:23.116065   741   831 D PowerManagerService: userActivityNoUpdateLocked: eventTime=9360820, event=2, flags=0x0, uid=1000
03-02 16:03:23.116086   741   831 D PowerManagerNotifier: onUserActivity: event=2, uid=1000
03-02 16:03:23.116241   741   831 D PowerManagerService: updateUserActivitySummaryLocked: mWakefulness=Awake, mUserActivitySummary=0x1, nextTimeout=9384820 (in 23999 ms)
03-02 16:03:23.116276   741   831 D PowerManagerService: newScreenState = 2
03-02 16:03:23.116323   741   831 D PowerManagerService: updateDisplayPowerStateLocked: mScreenBrightnessModeSetting=0, autoBrightness=false, AALFunction=2, screenAutoBrightnessAdjustment=0.0, screenBrightness=153
03-02 16:03:23.116380   741   831 D PowerManagerDisplayController: requestPowerState: screenState=2, useProximitySensor=false, forceProximitySensorEnable=false, forceWakeUpEnable=false, screenBrightness=153, screenAutoBrightnessAdjustment=0.0, useAutoBrightness=false, AALFunction=2, blockScreenOn=false, waitForNegativeProximity=false
03-02 16:03:23.116396   741   831 I PowerManagerService: setBrightness mButtonLight 0.
03-02 16:03:23.116430   741   831 D PowerManagerService: updateScreenStateLocked: mDisplayReady=true, newScreenState=2, mWakefulness=1, mWakeLockSummary=0x0, mUserActivitySummary=0x1, mBootCompleted=true
03-02 16:03:23.116518   741   828 D PowerManagerService: handleSandman: canDream=true, mWakefulness=Awake
03-02 16:03:23.699093   741   831 D PowerManagerService: userActivityFromNative
03-02 16:03:23.699144   741   831 D PowerManagerService: userActivityNoUpdateLocked: eventTime=9361403, event=2, flags=0x0, uid=1000
03-02 16:03:23.699165   741   831 D PowerManagerNotifier: onUserActivity: event=2, uid=1000
03-02 16:03:23.699305   741   831 D PowerManagerService: updateUserActivitySummaryLocked: mWakefulness=Awake, mUserActivitySummary=0x1, nextTimeout=9385403 (in 23999 ms)
03-02 16:03:23.699337   741   831 D PowerManagerService: newScreenState = 2
03-02 16:03:23.699383   741   831 D PowerManagerService: updateDisplayPowerStateLocked: mScreenBrightnessModeSetting=0, autoBrightness=false, AALFunction=2, screenAutoBrightnessAdjustment=0.0, screenBrightness=153
03-02 16:03:23.699446   741   831 D PowerManagerDisplayController: requestPowerState: screenState=2, useProximitySensor=false, forceProximitySensorEnable=false, forceWakeUpEnable=false, screenBrightness=153, screenAutoBrightnessAdjustment=0.0, useAutoBrightness=false, AALFunction=2, blockScreenOn=false, waitForNegativeProximity=false
03-02 16:03:23.699463   741   831 I PowerManagerService: setBrightness mButtonLight 0.
03-02 16:03:23.699497   741   831 D PowerManagerService: updateScreenStateLocked: mDisplayReady=true, newScreenState=2, mWakefulness=1, mWakeLockSummary=0x0, mUserActivitySummary=0x1, mBootCompleted=true
03-02 16:03:23.699604   741   828 D PowerManagerService: handleSandman: canDream=true, mWakefulness=Awake
03-02 16:03:23.746095   741   756 V AlarmManager: isAlarmNeedAlign : screen on, Skip
03-02 16:03:23.746283   741   756 V AlarmManager: isAlarmNeedAlign : screen on, Skip
03-02 16:03:23.746349   741   756 V AlarmManager: isAlarmNeedAlign : screen on, Skip
03-02 16:03:23.746406   741   756 V AlarmManager: isAlarmNeedAlign : screen on, Skip
03-02 16:03:23.746440   741   756 V AlarmManager: isAlarmNeedAlign : screen on, Skip
03-02 16:03:23.746570   741   756 V AlarmManager: isAlarmNeedAlign : screen on, Skip
03-02 16:03:23.746713   741   751 V ActivityManager: Broadcast sticky: Intent { act=android.intent.action.SIG_STR flg=0x20000010 (has extras) } ordered=false userid=-1 callerApp=ProcessRecord{42897388 741:system/1000}
03-02 16:03:23.746722   741   756 V AlarmManager: isAlarmNeedAlign : screen on, Skip
03-02 16:03:23.746818   741   756 V AlarmManager: isAlarmNeedAlign : screen on, Skip
03-02 16:03:23.747002   741   756 V AlarmManager: isAlarmNeedAlign : screen on, Skip
03-02 16:03:23.747047   741   756 V AlarmManager: isAlarmNeedAlign : screen on, Skip
03-02 16:03:23.747121   741   756 V AlarmManager: isAlarmNeedAlign : screen on, Skip
03-02 16:03:23.747313   741   756 V AlarmManager: isAlarmNeedAlign : screen on, Skip
03-02 16:03:23.747646   741   756 V AlarmManager: isAlarmNeedAlign : screen on, Skip
03-02 16:03:23.747701   741   756 V AlarmManager: isAlarmNeedAlign : screen on, Skip
03-02 16:03:23.747868   741   756 V AlarmManager: isAlarmNeedAlign : screen on, Skip
03-02 16:03:23.747919   741   756 V AlarmManager: isAlarmNeedAlign : screen on, Skip
03-02 16:03:23.747978   741   756 V AlarmManager: isAlarmNeedAlign : screen on, Skip
03-02 16:03:23.748035   741   756 V AlarmManager: isAlarmNeedAlign : screen on, Skip
03-02 16:03:23.748133   741   756 V AlarmManager: isAlarmNeedAlign : screen on, Skip
03-02 16:03:23.748238   741   756 V AlarmManager: isAlarmNeedAlign : screen on, Skip
03-02 16:03:23.748293   741   756 V AlarmManager: isAlarmNeedAlign : screen on, Skip
03-02 16:03:23.748447   741   756 V AlarmManager: isAlarmNeedAlign : screen on, Skip
03-02 16:03:23.748705   741   756 V AlarmManager: isAlarmNeedAlign : screen on, Skip
03-02 16:03:23.748765   741   756 V AlarmManager: isAlarmNeedAlign : screen on, Skip
03-02 16:03:23.748832   741   756 V AlarmManager: isAlarmNeedAlign : screen on, Skip
03-02 16:03:23.748898   741   756 V AlarmManager: isAlarmNeedAlign : screen on, Skip
03-02 16:03:23.748960   741   756 V AlarmManager: isAlarmNeedAlign : screen on, Skip
03-02 16:03:23.749028   741   756 V AlarmManager: isAlarmNeedAlign : screen on, Skip
03-02 16:03:24.332530   741   831 D PowerManagerService: userActivityFromNative
03-02 16:03:24.332598   741   831 D PowerManagerService: userActivityNoUpdateLocked: eventTime=9362037, event=2, flags=0x0, uid=1000
03-02 16:03:24.332622   741   831 D PowerManagerNotifier: onUserActivity: event=2, uid=1000
03-02 16:03:24.332773   741   831 D PowerManagerService: updateUserActivitySummaryLocked: mWakefulness=Awake, mUserActivitySummary=0x1, nextTimeout=9386037 (in 23999 ms)
03-02 16:03:24.332810   741   831 D PowerManagerService: newScreenState = 2
03-02 16:03:24.332858   741   831 D PowerManagerService: updateDisplayPowerStateLocked: mScreenBrightnessModeSetting=0, autoBrightness=false, AALFunction=2, screenAutoBrightnessAdjustment=0.0, screenBrightness=153
03-02 16:03:24.332919   741   831 D PowerManagerDisplayController: requestPowerState: screenState=2, useProximitySensor=false, forceProximitySensorEnable=false, forceWakeUpEnable=false, screenBrightness=153, screenAutoBrightnessAdjustment=0.0, useAutoBrightness=false, AALFunction=2, blockScreenOn=false, waitForNegativeProximity=false
03-02 16:03:24.332937   741   831 I PowerManagerService: setBrightness mButtonLight 0.
03-02 16:03:24.332971   741   831 D PowerManagerService: updateScreenStateLocked: mDisplayReady=true, newScreenState=2, mWakefulness=1, mWakeLockSummary=0x0, mUserActivitySummary=0x1, mBootCompleted=true
03-02 16:03:24.333246   741   828 D PowerManagerService: handleSandman: canDream=true, mWakefulness=Awake
03-02 16:03:25.015901   741   831 D PowerManagerService: userActivityFromNative
03-02 16:03:25.015951   741   831 D PowerManagerService: userActivityNoUpdateLocked: eventTime=9362720, event=2, flags=0x0, uid=1000
03-02 16:03:25.015973   741   831 D PowerManagerNotifier: onUserActivity: event=2, uid=1000
03-02 16:03:25.016111   741   831 D PowerManagerService: updateUserActivitySummaryLocked: mWakefulness=Awake, mUserActivitySummary=0x1, nextTimeout=9386720 (in 23999 ms)
03-02 16:03:25.016145   741   831 D PowerManagerService: newScreenState = 2
03-02 16:03:25.016192   741   831 D PowerManagerService: updateDisplayPowerStateLocked: mScreenBrightnessModeSetting=0, autoBrightness=false, AALFunction=2, screenAutoBrightnessAdjustment=0.0, screenBrightness=153
03-02 16:03:25.016248   741   831 D PowerManagerDisplayController: requestPowerState: screenState=2, useProximitySensor=false, forceProximitySensorEnable=false, forceWakeUpEnable=false, screenBrightness=153, screenAutoBrightnessAdjustment=0.0, useAutoBrightness=false, AALFunction=2, blockScreenOn=false, waitForNegativeProximity=false
03-02 16:03:25.016265   741   831 I PowerManagerService: setBrightness mButtonLight 0.
03-02 16:03:25.016299   741   831 D PowerManagerService: updateScreenStateLocked: mDisplayReady=true, newScreenState=2, mWakefulness=1, mWakeLockSummary=0x0, mUserActivitySummary=0x1, mBootCompleted=true
03-02 16:03:25.016404   741   828 D PowerManagerService: handleSandman: canDream=true, mWakefulness=Awake
03-02 16:03:25.639201   741   831 D PowerManagerService: userActivityFromNative
03-02 16:03:25.639250   741   831 D PowerManagerService: userActivityNoUpdateLocked: eventTime=9363344, event=2, flags=0x0, uid=1000
03-02 16:03:25.639271   741   831 D PowerManagerNotifier: onUserActivity: event=2, uid=1000
03-02 16:03:25.639408   741   831 D PowerManagerService: updateUserActivitySummaryLocked: mWakefulness=Awake, mUserActivitySummary=0x1, nextTimeout=9387344 (in 24000 ms)
03-02 16:03:25.639441   741   831 D PowerManagerService: newScreenState = 2
03-02 16:03:25.639487   741   831 D PowerManagerService: updateDisplayPowerStateLocked: mScreenBrightnessModeSetting=0, autoBrightness=false, AALFunction=2, screenAutoBrightnessAdjustment=0.0, screenBrightness=153
03-02 16:03:25.639543   741   831 D PowerManagerDisplayController: requestPowerState: screenState=2, useProximitySensor=false, forceProximitySensorEnable=false, forceWakeUpEnable=false, screenBrightness=153, screenAutoBrightnessAdjustment=0.0, useAutoBrightness=false, AALFunction=2, blockScreenOn=false, waitForNegativeProximity=false
03-02 16:03:25.639560   741   831 I PowerManagerService: setBrightness mButtonLight 0.
03-02 16:03:25.639593   741   831 D PowerManagerService: updateScreenStateLocked: mDisplayReady=true, newScreenState=2, mWakefulness=1, mWakeLockSummary=0x0, mUserActivitySummary=0x1, mBootCompleted=true
03-02 16:03:25.639704   741   828 D PowerManagerService: handleSandman: canDream=true, mWakefulness=Awake
03-02 16:03:26.292568   741   831 D PowerManagerService: userActivityFromNative
03-02 16:03:26.292616   741   831 D PowerManagerService: userActivityNoUpdateLocked: eventTime=9363997, event=2, flags=0x0, uid=1000
03-02 16:03:26.292639   741   831 D PowerManagerNotifier: onUserActivity: event=2, uid=1000
03-02 16:03:26.292775   741   831 D PowerManagerService: updateUserActivitySummaryLocked: mWakefulness=Awake, mUserActivitySummary=0x1, nextTimeout=9387997 (in 23999 ms)
03-02 16:03:26.292808   741   831 D PowerManagerService: newScreenState = 2
03-02 16:03:26.292855   741   831 D PowerManagerService: updateDisplayPowerStateLocked: mScreenBrightnessModeSetting=0, autoBrightness=false, AALFunction=2, screenAutoBrightnessAdjustment=0.0, screenBrightness=153
03-02 16:03:26.292913   741   831 D PowerManagerDisplayController: requestPowerState: screenState=2, useProximitySensor=false, forceProximitySensorEnable=false, forceWakeUpEnable=false, screenBrightness=153, screenAutoBrightnessAdjustment=0.0, useAutoBrightness=false, AALFunction=2, blockScreenOn=false, waitForNegativeProximity=false
03-02 16:03:26.292930   741   831 I PowerManagerService: setBrightness mButtonLight 0.
03-02 16:03:26.292963   741   831 D PowerManagerService: updateScreenStateLocked: mDisplayReady=true, newScreenState=2, mWakefulness=1, mWakeLockSummary=0x0, mUserActivitySummary=0x1, mBootCompleted=true
03-02 16:03:26.293009   741   828 D PowerManagerService: handleSandman: canDream=true, mWakefulness=Awake
03-02 16:03:27.086941   741   831 D PowerManagerService: userActivityFromNative
03-02 16:03:27.086990   741   831 D PowerManagerService: userActivityNoUpdateLocked: eventTime=9364791, event=2, flags=0x0, uid=1000
03-02 16:03:27.087011   741   831 D PowerManagerNotifier: onUserActivity: event=2, uid=1000
03-02 16:03:27.087146   741   831 D PowerManagerService: updateUserActivitySummaryLocked: mWakefulness=Awake, mUserActivitySummary=0x1, nextTimeout=9388791 (in 23999 ms)
03-02 16:03:27.087185   741   831 D PowerManagerService: newScreenState = 2
03-02 16:03:27.087232   741   831 D PowerManagerService: updateDisplayPowerStateLocked: mScreenBrightnessModeSetting=0, autoBrightness=false, AALFunction=2, screenAutoBrightnessAdjustment=0.0, screenBrightness=153
03-02 16:03:27.087287   741   831 D PowerManagerDisplayController: requestPowerState: screenState=2, useProximitySensor=false, forceProximitySensorEnable=false, forceWakeUpEnable=false, screenBrightness=153, screenAutoBrightnessAdjustment=0.0, useAutoBrightness=false, AALFunction=2, blockScreenOn=false, waitForNegativeProximity=false
03-02 16:03:27.087303   741   831 I PowerManagerService: setBrightness mButtonLight 0.
03-02 16:03:27.087338   741   831 D PowerManagerService: updateScreenStateLocked: mDisplayReady=true, newScreenState=2, mWakefulness=1, mWakeLockSummary=0x0, mUserActivitySummary=0x1, mBootCompleted=true
03-02 16:03:27.087380   741   828 D PowerManagerService: handleSandman: canDream=true, mWakefulness=Awake
03-02 16:03:27.700053   741   831 D PowerManagerService: userActivityFromNative
03-02 16:03:27.700102   741   831 D PowerManagerService: userActivityNoUpdateLocked: eventTime=9365404, event=2, flags=0x0, uid=1000
03-02 16:03:27.700124   741   831 D PowerManagerNotifier: onUserActivity: event=2, uid=1000
03-02 16:03:27.700262   741   831 D PowerManagerService: updateUserActivitySummaryLocked: mWakefulness=Awake, mUserActivitySummary=0x1, nextTimeout=9389404 (in 23999 ms)
03-02 16:03:27.700296   741   831 D PowerManagerService: newScreenState = 2
03-02 16:03:27.700342   741   831 D PowerManagerService: updateDisplayPowerStateLocked: mScreenBrightnessModeSetting=0, autoBrightness=false, AALFunction=2, screenAutoBrightnessAdjustment=0.0, screenBrightness=153
03-02 16:03:27.700398   741   831 D PowerManagerDisplayController: requestPowerState: screenState=2, useProximitySensor=false, forceProximitySensorEnable=false, forceWakeUpEnable=false, screenBrightness=153, screenAutoBrightnessAdjustment=0.0, useAutoBrightness=false, AALFunction=2, blockScreenOn=false, waitForNegativeProximity=false
03-02 16:03:27.700414   741   831 I PowerManagerService: setBrightness mButtonLight 0.
03-02 16:03:27.700451   741   831 D PowerManagerService: updateScreenStateLocked: mDisplayReady=true, newScreenState=2, mWakefulness=1, mWakeLockSummary=0x0, mUserActivitySummary=0x1, mBootCompleted=true
03-02 16:03:27.700494   741   828 D PowerManagerService: handleSandman: canDream=true, mWakefulness=Awake
03-02 16:03:28.313162   741   831 D PowerManagerService: userActivityFromNative
03-02 16:03:28.313211   741   831 D PowerManagerService: userActivityNoUpdateLocked: eventTime=9366017, event=2, flags=0x0, uid=1000
03-02 16:03:28.313231   741   831 D PowerManagerNotifier: onUserActivity: event=2, uid=1000
03-02 16:03:28.313369   741   831 D PowerManagerService: updateUserActivitySummaryLocked: mWakefulness=Awake, mUserActivitySummary=0x1, nextTimeout=9390017 (in 23999 ms)
03-02 16:03:28.313403   741   831 D PowerManagerService: newScreenState = 2
03-02 16:03:28.313449   741   831 D PowerManagerService: updateDisplayPowerStateLocked: mScreenBrightnessModeSetting=0, autoBrightness=false, AALFunction=2, screenAutoBrightnessAdjustment=0.0, screenBrightness=153
03-02 16:03:28.313503   741   831 D PowerManagerDisplayController: requestPowerState: screenState=2, useProximitySensor=false, forceProximitySensorEnable=false, forceWakeUpEnable=false, screenBrightness=153, screenAutoBrightnessAdjustment=0.0, useAutoBrightness=false, AALFunction=2, blockScreenOn=false, waitForNegativeProximity=false
03-02 16:03:28.313520   741   831 I PowerManagerService: setBrightness mButtonLight 0.
03-02 16:03:28.313554   741   831 D PowerManagerService: updateScreenStateLocked: mDisplayReady=true, newScreenState=2, mWakefulness=1, mWakeLockSummary=0x0, mUserActivitySummary=0x1, mBootCompleted=true
03-02 16:03:28.313617   741   828 D PowerManagerService: handleSandman: canDream=true, mWakefulness=Awake
03-02 16:03:28.862916   741  7952 V ActivityManager: Broadcast sticky: Intent { act=android.intent.action.SIG_STR flg=0x20000010 (has extras) } ordered=false userid=-1 callerApp=ProcessRecord{42897388 741:system/1000}
03-02 16:03:28.866941   741   756 V AlarmManager: isAlarmNeedAlign : screen on, Skip
03-02 16:03:28.867114   741   756 V AlarmManager: isAlarmNeedAlign : screen on, Skip
03-02 16:03:28.867176   741   756 V AlarmManager: isAlarmNeedAlign : screen on, Skip
03-02 16:03:28.867231   741   756 V AlarmManager: isAlarmNeedAlign : screen on, Skip
03-02 16:03:28.867264   741   756 V AlarmManager: isAlarmNeedAlign : screen on, Skip
03-02 16:03:28.867392   741   756 V AlarmManager: isAlarmNeedAlign : screen on, Skip
03-02 16:03:28.867516   741   756 V AlarmManager: isAlarmNeedAlign : screen on, Skip
03-02 16:03:28.867579   741   756 V AlarmManager: isAlarmNeedAlign : screen on, Skip
03-02 16:03:28.867726   741   756 V AlarmManager: isAlarmNeedAlign : screen on, Skip
03-02 16:03:28.867769   741   756 V AlarmManager: isAlarmNeedAlign : screen on, Skip
03-02 16:03:28.867869   741   756 V AlarmManager: isAlarmNeedAlign : screen on, Skip
03-02 16:03:28.867918   741   756 V AlarmManager: isAlarmNeedAlign : screen on, Skip
03-02 16:03:28.868192   741   756 V AlarmManager: isAlarmNeedAlign : screen on, Skip
03-02 16:03:28.868243   741   756 V AlarmManager: isAlarmNeedAlign : screen on, Skip
03-02 16:03:28.868415   741   756 V AlarmManager: isAlarmNeedAlign : screen on, Skip
03-02 16:03:28.868487   741   756 V AlarmManager: isAlarmNeedAlign : screen on, Skip
03-02 16:03:28.868590   741   756 V AlarmManager: isAlarmNeedAlign : screen on, Skip
03-02 16:03:28.868674   741   756 V AlarmManager: isAlarmNeedAlign : screen on, Skip
03-02 16:03:28.868844   741   756 V AlarmManager: isAlarmNeedAlign : screen on, Skip
03-02 16:03:28.868965   741   756 V AlarmManager: isAlarmNeedAlign : screen on, Skip
03-02 16:03:28.869040   741   756 V AlarmManager: isAlarmNeedAlign : screen on, Skip
03-02 16:03:28.869256   741   756 V AlarmManager: isAlarmNeedAlign : screen on, Skip
03-02 16:03:28.869640   741   756 V AlarmManager: isAlarmNeedAlign : screen on, Skip
03-02 16:03:28.869708   741   756 V AlarmManager: isAlarmNeedAlign : screen on, Skip
03-02 16:03:28.869775   741   756 V AlarmManager: isAlarmNeedAlign : screen on, Skip
03-02 16:03:28.869842   741   756 V AlarmManager: isAlarmNeedAlign : screen on, Skip
03-02 16:03:28.869908   741   756 V AlarmManager: isAlarmNeedAlign : screen on, Skip
03-02 16:03:28.869975   741   756 V AlarmManager: isAlarmNeedAlign : screen on, Skip
03-02 16:03:28.936411   741   831 D PowerManagerService: userActivityFromNative
03-02 16:03:28.936466   741   831 D PowerManagerService: userActivityNoUpdateLocked: eventTime=9366641, event=2, flags=0x0, uid=1000
03-02 16:03:28.936493   741   831 D PowerManagerNotifier: onUserActivity: event=2, uid=1000
03-02 16:03:28.936632   741   831 D PowerManagerService: updateUserActivitySummaryLocked: mWakefulness=Awake, mUserActivitySummary=0x1, nextTimeout=9390641 (in 23999 ms)
03-02 16:03:28.936679   741   831 D PowerManagerService: newScreenState = 2
03-02 16:03:28.936736   741   831 D PowerManagerService: updateDisplayPowerStateLocked: mScreenBrightnessModeSetting=0, autoBrightness=false, AALFunction=2, screenAutoBrightnessAdjustment=0.0, screenBrightness=153
03-02 16:03:28.936797   741   831 D PowerManagerDisplayController: requestPowerState: screenState=2, useProximitySensor=false, forceProximitySensorEnable=false, forceWakeUpEnable=false, screenBrightness=153, screenAutoBrightnessAdjustment=0.0, useAutoBrightness=false, AALFunction=2, blockScreenOn=false, waitForNegativeProximity=false
03-02 16:03:28.936819   741   831 I PowerManagerService: setBrightness mButtonLight 0.
03-02 16:03:28.936858   741   831 D PowerManagerService: updateScreenStateLocked: mDisplayReady=true, newScreenState=2, mWakefulness=1, mWakeLockSummary=0x0, mUserActivitySummary=0x1, mBootCompleted=true
03-02 16:03:28.936907   741   828 D PowerManagerService: handleSandman: canDream=true, mWakefulness=Awake
03-02 16:03:29.539549   741   831 D PowerManagerService: userActivityFromNative
03-02 16:03:29.539596   741   831 D PowerManagerService: userActivityNoUpdateLocked: eventTime=9367244, event=2, flags=0x0, uid=1000
03-02 16:03:29.539618   741   831 D PowerManagerNotifier: onUserActivity: event=2, uid=1000
03-02 16:03:29.539752   741   831 D PowerManagerService: updateUserActivitySummaryLocked: mWakefulness=Awake, mUserActivitySummary=0x1, nextTimeout=9391244 (in 23999 ms)
03-02 16:03:29.539791   741   831 D PowerManagerService: newScreenState = 2
03-02 16:03:29.539837   741   831 D PowerManagerService: updateDisplayPowerStateLocked: mScreenBrightnessModeSetting=0, autoBrightness=false, AALFunction=2, screenAutoBrightnessAdjustment=0.0, screenBrightness=153
03-02 16:03:29.539891   741   831 D PowerManagerDisplayController: requestPowerState: screenState=2, useProximitySensor=false, forceProximitySensorEnable=false, forceWakeUpEnable=false, screenBrightness=153, screenAutoBrightnessAdjustment=0.0, useAutoBrightness=false, AALFunction=2, blockScreenOn=false, waitForNegativeProximity=false
03-02 16:03:29.539908   741   831 I PowerManagerService: setBrightness mButtonLight 0.
03-02 16:03:29.539942   741   831 D PowerManagerService: updateScreenStateLocked: mDisplayReady=true, newScreenState=2, mWakefulness=1, mWakeLockSummary=0x0, mUserActivitySummary=0x1, mBootCompleted=true
03-02 16:03:29.539983   741   828 D PowerManagerService: handleSandman: canDream=true, mWakefulness=Awake
03-02 16:03:30.192949   741   831 D PowerManagerService: userActivityFromNative
03-02 16:03:30.193001   741   831 D PowerManagerService: userActivityNoUpdateLocked: eventTime=9367897, event=2, flags=0x0, uid=1000
03-02 16:03:30.193022   741   831 D PowerManagerNotifier: onUserActivity: event=2, uid=1000
03-02 16:03:30.193158   741   831 D PowerManagerService: updateUserActivitySummaryLocked: mWakefulness=Awake, mUserActivitySummary=0x1, nextTimeout=9391897 (in 23999 ms)
03-02 16:03:30.193191   741   831 D PowerManagerService: newScreenState = 2
03-02 16:03:30.193237   741   831 D PowerManagerService: updateDisplayPowerStateLocked: mScreenBrightnessModeSetting=0, autoBrightness=false, AALFunction=2, screenAutoBrightnessAdjustment=0.0, screenBrightness=153
03-02 16:03:30.193297   741   831 D PowerManagerDisplayController: requestPowerState: screenState=2, useProximitySensor=false, forceProximitySensorEnable=false, forceWakeUpEnable=false, screenBrightness=153, screenAutoBrightnessAdjustment=0.0, useAutoBrightness=false, AALFunction=2, blockScreenOn=false, waitForNegativeProximity=false
03-02 16:03:30.193313   741   831 I PowerManagerService: setBrightness mButtonLight 0.
03-02 16:03:30.193348   741   831 D PowerManagerService: updateScreenStateLocked: mDisplayReady=true, newScreenState=2, mWakefulness=1, mWakeLockSummary=0x0, mUserActivitySummary=0x1, mBootCompleted=true
03-02 16:03:30.193450   741   828 D PowerManagerService: handleSandman: canDream=true, mWakefulness=Awake
03-02 16:03:30.806495   741   831 D PowerManagerService: userActivityFromNative
03-02 16:03:30.806586   741   831 D PowerManagerService: userActivityNoUpdateLocked: eventTime=9368511, event=2, flags=0x0, uid=1000
03-02 16:03:30.806607   741   831 D PowerManagerNotifier: onUserActivity: event=2, uid=1000
03-02 16:03:30.806757   741   831 D PowerManagerService: updateUserActivitySummaryLocked: mWakefulness=Awake, mUserActivitySummary=0x1, nextTimeout=9392511 (in 23999 ms)
03-02 16:03:30.806792   741   831 D PowerManagerService: newScreenState = 2
03-02 16:03:30.806839   741   831 D PowerManagerService: updateDisplayPowerStateLocked: mScreenBrightnessModeSetting=0, autoBrightness=false, AALFunction=2, screenAutoBrightnessAdjustment=0.0, screenBrightness=153
03-02 16:03:30.806898   741   831 D PowerManagerDisplayController: requestPowerState: screenState=2, useProximitySensor=false, forceProximitySensorEnable=false, forceWakeUpEnable=false, screenBrightness=153, screenAutoBrightnessAdjustment=0.0, useAutoBrightness=false, AALFunction=2, blockScreenOn=false, waitForNegativeProximity=false
03-02 16:03:30.806914   741   831 I PowerManagerService: setBrightness mButtonLight 0.
03-02 16:03:30.806949   741   831 D PowerManagerService: updateScreenStateLocked: mDisplayReady=true, newScreenState=2, mWakefulness=1, mWakeLockSummary=0x0, mUserActivitySummary=0x1, mBootCompleted=true
03-02 16:03:30.807263   741   828 D PowerManagerService: handleSandman: canDream=true, mWakefulness=Awake
03-02 16:03:30.811984   741  1084 D ActivityManager: getContentProviderImpl: from caller=android.app.ApplicationThreadProxy@42e03168 (pid=1043, userId=0) to get content provider ipprovider cpr=ContentProviderRecord{42db4aa8 u0 com.movial.ipprovider/.IPPhoneProvider}
03-02 16:03:30.812078   741  1084 D ActivityManager: getContentProviderImpl: updateLruProcessLocked cpr.proc=ProcessRecord{42db4c40 8437:com.movial.ipprovider/u0a85}
03-02 16:03:30.813461  1043  1430 D ActivityThread: hoder:android.app.IActivityManager$ContentProviderHolder@42995e50,provider,holder.Provider:android.content.ContentProviderProxy@42996420
03-02 16:03:30.819312   741  1083 D ConnectivityService: getMobileDataEnabled returning true
03-02 16:03:31.449635   741   831 D PowerManagerService: userActivityFromNative
03-02 16:03:31.449690   741   831 D PowerManagerService: userActivityNoUpdateLocked: eventTime=9369154, event=2, flags=0x0, uid=1000
03-02 16:03:31.449716   741   831 D PowerManagerNotifier: onUserActivity: event=2, uid=1000
03-02 16:03:31.449857   741   831 D PowerManagerService: updateUserActivitySummaryLocked: mWakefulness=Awake, mUserActivitySummary=0x1, nextTimeout=9393154 (in 23999 ms)
03-02 16:03:31.449895   741   831 D PowerManagerService: newScreenState = 2
03-02 16:03:31.449947   741   831 D PowerManagerService: updateDisplayPowerStateLocked: mScreenBrightnessModeSetting=0, autoBrightness=false, AALFunction=2, screenAutoBrightnessAdjustment=0.0, screenBrightness=153
03-02 16:03:31.450006   741   831 D PowerManagerDisplayController: requestPowerState: screenState=2, useProximitySensor=false, forceProximitySensorEnable=false, forceWakeUpEnable=false, screenBrightness=153, screenAutoBrightnessAdjustment=0.0, useAutoBrightness=false, AALFunction=2, blockScreenOn=false, waitForNegativeProximity=false
03-02 16:03:31.450028   741   831 I PowerManagerService: setBrightness mButtonLight 0.
03-02 16:03:31.450066   741   831 D PowerManagerService: updateScreenStateLocked: mDisplayReady=true, newScreenState=2, mWakefulness=1, mWakeLockSummary=0x0, mUserActivitySummary=0x1, mBootCompleted=true
03-02 16:03:31.450113   741   828 D PowerManagerService: handleSandman: canDream=true, mWakefulness=Awake
03-02 16:03:32.052840   741   831 D PowerManagerService: userActivityFromNative
03-02 16:03:32.052890   741   831 D PowerManagerService: userActivityNoUpdateLocked: eventTime=9369757, event=2, flags=0x0, uid=1000
03-02 16:03:32.052910   741   831 D PowerManagerNotifier: onUserActivity: event=2, uid=1000
03-02 16:03:32.053046   741   831 D PowerManagerService: updateUserActivitySummaryLocked: mWakefulness=Awake, mUserActivitySummary=0x1, nextTimeout=9393757 (in 23999 ms)
03-02 16:03:32.053086   741   831 D PowerManagerService: newScreenState = 2
03-02 16:03:32.053131   741   831 D PowerManagerService: updateDisplayPowerStateLocked: mScreenBrightnessModeSetting=0, autoBrightness=false, AALFunction=2, screenAutoBrightnessAdjustment=0.0, screenBrightness=153
